C:\Users\krami\AppData\Roaming\Python\Python314\site-packages\numpy\_core\fromnumeric.py:3824: RuntimeWarning: Mean of empty slice
  return _methods._mean(a, axis=axis, dtype=dtype,
C:\Users\krami\AppData\Roaming\Python\Python314\site-packages\numpy\_core\_methods.py:142: RuntimeWarning: invalid value encountered in scalar divide
  ret = ret.dtype.type(ret / rcount)
Levels read: 593 total; tested (new*, n_new > n_old): 123; old (reference): 470
Predicted transitions loaded: 29162; observable: 1985 (excluded: 113 in coverage gaps, 27064 below Sugar's noise level)
cross-tab vs ASD status (is_new_level = 1 means absent from ASD):
  absent_from_ASD=0, new_star=0: 391
  absent_from_ASD=0, new_star=1: 10
  absent_from_ASD=1, new_star=0: 79
  absent_from_ASD=1, new_star=1: 113

============================================================
OLD-LEVEL CALIBRATION (387 old levels with >= 1 accepted line)
============================================================
|dE| percentiles (pNN = value below which NN% of the levels fall):
  p50 = 0.0164,  p90 = 0.1031,  p95 = 0.1631,  p99 = 0.2691,  max = 0.3692  cm^-1
d = dE*n: aggregate rms = 0.677 cm^-1 (dominated by the many-line levels);
per given n the genuine shifts are much tighter:
   support bin  count  median |dE|  median |d|
           1-2      9       0.0613       0.089
           3-4     13       0.0536       0.178
           5-7     58       0.0256       0.159
          8-11     90       0.0267       0.255
         12-17     73       0.0149       0.228
         18-25     65       0.0103       0.232
           26+     79       0.0117       0.336

============================================================
TESTED (NEW*) LEVELS (123) IN THE REAL RUN
============================================================
support distribution (n = accepted lines):  1: 37  2: 29  3: 32  4: 11  5: 6  6: 4  7: 1  8+: 3
|dE|: p50 = 0.0589,  p90 = 0.2557,  p95 = 0.3244,  max = 1.0393  cm^-1
  within old-level p90 (0.1031 cm^-1): 83 of 123
  within old-level p95 (0.1631 cm^-1): 100 of 123
  within old-level p99 (0.2691 cm^-1): 112 of 123
  within old-level max (0.3692 cm^-1): 119 of 123

Largest |d| = |dE*n| among tested levels (top 12):
          level_id    J par     E_input        dE    n       d
     059003.000400 15/2   o   118063.00   +0.2953    4   +1.18
     059003.000526  5/2   o   136435.34   -1.0393    1   -1.04
     059003.000542  3/2   e   101778.00   -0.5150    2   -1.03
     059003.000544  3/2   e   105191.13   +0.3251    3   +0.98
     059003.000445  7/2   o    82082.70   +0.2813    3   +0.84
     059003.000584 15/2   e   134433.41   +0.2563    3   +0.77
     059003.000587  3/2   e   134480.15   +0.2471    3   +0.74
     059003.000579 13/2   e   134402.02   +0.2339    3   +0.70
     059003.000481 13/2   o   117397.80   -0.0806    8   -0.64
     059003.000460  3/2   o   111772.91   -0.1893    3   -0.57
     059003.000431  3/2   o    65073.26   -0.2550    2   -0.51
     059003.000454 11/2   o    87726.90   -0.4786    1   -0.48

============================================================
IN-SITU DECOY CALIBRATION (8 runs x 123 decoys) - primary
============================================================

|dE| by support n: real tested levels vs decoys (runs pooled):
    n    real: N   median      p90   |      decoys: N   median      p90
    1         37   0.0980   0.3528   |            209   0.1399   0.6385
    2         29   0.0589   0.2208   |            147   0.2822   1.0863
    3         32   0.0693   0.2458   |             55   0.3220   0.6779
    4         11   0.0348   0.1058   |             24   0.4395   1.8018
    5          6   0.0162   0.0370   |             10   0.3371   1.2503
    6          4   0.0311   0.0595   |              1   0.4844   0.4844
    7          1   0.0089   0.0089   |              1   0.3354   0.3354
   8+          3   0.0185   0.0682   |              1   1.6133   1.6133

Criterion (n >= N and |dE| <= T): tested levels passing / expected false passes per run (in-situ decoys, worst case):
  N \ T              p90             p95             p99             max
  >= 1       83 / 16.25     100 / 22.12     112 / 31.50     119 / 38.25
  >= 2       64 /  5.50      74 /  8.00      82 / 12.75      85 / 17.38
  >= 3       42 /  1.75      50 /  2.12      54 /  4.25      57 /  5.88
  >= 4       23 /  0.50      24 /  0.50      24 /  1.50      25 /  1.88
  >= 5       14 /  0.25      14 /  0.25      14 /  0.62      14 /  0.75
  >= 6        8 /  0.00       8 /  0.00       8 /  0.00       8 /  0.12
  >= 7        4 /  0.00       4 /  0.00       4 /  0.00       4 /  0.12
  >= 8        3 /  0.00       3 /  0.00       3 /  0.00       3 /  0.00
Best cut at <= 5% expected contamination: n >= 3 and |dE| <= p95 = 0.1631 cm^-1 -> 50 of 123 levels validated, expected false: 2.12

============================================================
INTENSITY-PATTERN CHECK
============================================================
top10 = share of the 10 strongest predicted transitions of the level found among
the accepted lines; C = intensity-weighted completeness; V = C relative to the
best C achievable with the level's matched lines. Tested levels are split by the
energy-shift evidence alone to show that the pattern is an independent check.

  group                                      N   top10   med C  V: p25    p50    p75
  old levels (genuine)                     373    0.64    0.91    0.80   0.96   1.00
  tested, p_spur_decoys < 0.1              114    0.42    0.47    0.21   0.81   1.00
  tested, p_spur_decoys >= 0.1               0     nan     nan     nan    nan    nan
  decoys with >= 1 line (fake)             426    0.21    0.14    0.00   0.25   0.82

Decoy trials with >= 3 of the top-10 predictions accepted: 21 of 426 (4.9%) - an upper bound on the chance
that a displaced level accidentally sits on a real, previously unknown level.

pattern_V range probabilities used as evidence (genuine / spurious):
  0-0.1: 0.09/0.41  0.1-0.3: 0.04/0.11  0.3-0.6: 0.05/0.14  0.6-0.9: 0.17/0.11  0.9-1: 0.65/0.23

============================================================
PER-LEVEL SPURIOUS PROBABILITIES
============================================================
log-normal |d| models (ln|d| = a + b*ln n, scatter s):
  spurious (decoys):    a = -2.082, b = +1.799, s = 1.320   (446 supported decoys)
  genuine (old levels): a = -2.610, b = +0.388, s = 1.358   (386 old levels)

Most probable number of spurious levels among the 123 tested (with 95% confidence ranges):
  energy shifts alone:        S =   0.0  [0.0 .. 14.8]
    robustness check (genuine |dE| independent of n): S = 53.2  [38.0 .. 66.5]
  intensity pattern alone:    S =  53.5  [33.5 .. 73.5]
  both folded (final p_spur): S =  31.2  [16.0 .. 48.0]
    robustness check, folded: S = 51.5  [37.8 .. 64.5]
consistency: sum of folded p_spur = 30.9
levels by folded p_spur: <5%: 37,  5-50%: 62,  50-90%: 23,  >90%: 1

Tested levels with folded p_spur >= 0.1 (71):
          level_id    J par     E_input        dE   n  top10     V   p_dE  p_pat  p_spur
     059003.000542  3/2   e   101778.00   -0.5150   2    0/6  0.00  0.000  0.876   0.905
     059003.000304  9/2   o    88210.10   +0.2322   2    0/4  0.00  0.000  0.876   0.835
     059003.000454 11/2   o    87726.90   -0.4786   1    0/1  0.00  0.000  0.905   0.826
     059003.000554  9/2   e   107177.80   +0.2132   2    0/6  0.00  0.000  0.876   0.825
     059003.000456  9/2   o    99681.90   -0.3188   1    0/2  0.00  0.000  0.905   0.810
     059003.000451  7/2   o    86390.45   +0.1756   1    0/2  0.00  0.000  0.905   0.785
     059003.000452  9/2   o    86455.75   +0.1665   1    0/1  0.00  0.000  0.905   0.782
     059003.000400 15/2   o   118063.00   +0.2953   4    3/7  0.05  0.000  0.618   0.764
     059003.000577 13/2   e   131980.00   -0.1156   1    0/2  0.00  0.000  0.905   0.764
     059003.000436  7/2   o    74619.63   -0.1124   1    0/2  0.00  0.000  0.905   0.763
     059003.000461  1/2   o   111779.59   +0.1091   1    0/2  0.00  0.000  0.905   0.761
     059003.000551  5/2   e   106384.65   -0.1046   1    0/5  0.00  0.000  0.905   0.759
     059003.000570 11/2   e   126743.30   -0.0750   1    0/2  0.00  0.000  0.905   0.740
     059003.000558 11/2   e   107697.07   +0.0518   1    0/9  0.00  0.000  0.905   0.718
     059003.000619  5/2   e   138883.81   -0.3512   1    1/3  0.57  0.000  0.845   0.715
     059003.000622 15/2   e   141328.85   +0.2925   1    1/4  0.31  0.000  0.845   0.705
     059003.000556  5/2   e   107262.71   -0.0365   1    0/7  0.00  0.000  0.905   0.695
     059003.000455 13/2   o    89969.42   -0.0747   2    0/2  0.00  0.000  0.876   0.663
     059003.000445  7/2   o    82082.70   +0.2813   3    0/2  0.00  0.000  0.542   0.659
     059003.000567 13/2   e   122932.60   +0.0589   2    0/1  0.00  0.000  0.876   0.616
     059003.000435  5/2   o    68676.55   -0.0105   1    0/2  0.00  0.000  0.905   0.597
     059003.000598 17/2   e   136589.34   -0.0073   1    0/2  0.00  0.000  0.905   0.565
     059003.000526  5/2   o   136435.34   -1.0393   1    0/0    --  0.000  0.675   0.552
     059003.000485  3/2   o   118224.13   +0.4250   1    0/0    --  0.000  0.675   0.500
     059003.000494  7/2   o   121580.90   +0.3553   1    0/0    --  0.000  0.675   0.489
     059003.000584 15/2   e   134433.41   +0.2563   3    2/3  0.19  0.000  0.394   0.488
     059003.000374 17/2   o   114725.60   +0.1507   3    1/5  0.06  0.000  0.542   0.487
     059003.000184  7/2   e    46783.64   +0.1425   3    2/4  0.01  0.000  0.542   0.471
     059003.000440  5/2   o    76411.04   -0.0281   2    0/4  0.00  0.000  0.876   0.457
     059003.000612 11/2   e   138799.91   +0.0516   2    2/4  0.52  0.000  0.801   0.450
     059003.000616 17/2   e   138833.55   -0.0103   1    1/3  0.23  0.000  0.839   0.447
     059003.000510  7/2   o   133594.97   +0.1379   1    0/0    --  0.000  0.675   0.426
     059003.000521 11/2   o   135896.60   -0.0980   1    0/0    --  0.000  0.675   0.402
     059003.000565  9/2   e   119225.52   +0.0956   1    0/0    --  0.000  0.675   0.400
     059003.000503  7/2   o   132958.22   +0.1174   2    0/0    --  0.000  0.605   0.385
     059003.000585  5/2   e   134454.31   +0.1959   1    1/3  0.70  0.000  0.585   0.358
     059003.000572  9/2   e   129454.45   +0.0488   1    0/0    --  0.000  0.675   0.352
     059003.000544  3/2   e   105191.13   +0.3251   3    0/0    --  0.000  0.205   0.331
     059003.000595 15/2   e   136559.59   +0.0851   1    1/3  0.77  0.000  0.585   0.305
     059003.000431  3/2   o    65073.26   -0.2550   2    1/1  1.00  0.000  0.352   0.296
     059003.000376 19/2   o   114970.95   +0.0005   1    1/4  0.02  0.000  0.905   0.294
     059003.000580 11/2   e   134402.83   +0.2180   2    2/4  1.00  0.000  0.352   0.270
     059003.000599 15/2   e   136589.44   +0.0921   2    1/3  0.84  0.000  0.511   0.258
     059003.000604  3/2   e   136641.90   +0.0377   1    1/2  0.72  0.000  0.585   0.254
     059003.000438  7/2   o    75982.80   +0.1031   3    1/3  0.24  0.000  0.394   0.252
     059003.000447  3/2   o    84270.44   -0.0597   3    0/2  0.00  0.000  0.542   0.244
     059003.000591 17/2   e   134496.12   +0.2559   1    1/2  1.00  0.000  0.424   0.238
     059003.000441 13/2   o    76534.72   -0.0174   2    2/4  0.22  0.000  0.795   0.232
     059003.000589  3/2   e   134488.70   -0.1422   1    1/2  1.00  0.000  0.424   0.210
     059003.000443 15/2   o    79377.15   -0.0146   2    1/2  0.27  0.000  0.795   0.205
     059003.000453  3/2   o    86938.55   -0.1115   1    1/2  0.90  0.000  0.424   0.198
     059003.000610 17/2   e   138796.56   +0.0694   3    2/3  0.45  0.000  0.404   0.181
     059003.000586  7/2   e   134454.76   +0.1131   2    2/3  1.00  0.000  0.352   0.177
     059003.000561 11/2   e   111039.75   +0.0535   1    1/5  1.00  0.000  0.424   0.166
     059003.000459  7/2   o   111728.91   -0.0451   2    2/9  0.62  0.000  0.511   0.159
     059003.000560  9/2   e   108574.00   +0.0452   1    1/7  1.00  0.000  0.424   0.158
     059003.000460  3/2   o   111772.91   -0.1893   3    3/5  0.90  0.000  0.149   0.154
     059003.000592 13/2   e   136554.97   +0.0913   2    2/5  0.97  0.000  0.352   0.152
     059003.000562 13/2   e   111193.29   -0.0865   2    1/5  1.00  0.000  0.352   0.147
     059003.000349 11/2   o   110295.20   +0.0336   3   1/10  0.05  0.000  0.542   0.140
     059003.000606 17/2   e   136650.90   -0.0750   2    1/2  1.00  0.000  0.352   0.132
     059003.000576 13/2   e   131788.15   -0.0331   2    2/7  0.69  0.000  0.511   0.126
     059003.000439 11/2   o    76130.52   -0.1504   3    3/6  0.88  0.000  0.149   0.123
     059003.000575 13/2   e   130218.64   +0.0174   1    1/3  1.00  0.000  0.424   0.120
     059003.000390 17/2   o   116489.75   +0.0459   4    3/6  0.29  0.000  0.471   0.119
     059003.000430  5/2   o    30602.83   +0.0069   2    2/9  0.18  0.000  0.795   0.115
     059003.000587  3/2   e   134480.15   +0.2471   3    1/2  1.00  0.000  0.084   0.114
     059003.000571  7/2   e   129009.15   +0.0611   2    2/5  1.00  0.000  0.352   0.113
     059003.000611 13/2   e   138799.39   +0.0609   2    2/4  1.00  0.000  0.352   0.113
     059003.000596 11/2   e   136570.81   +0.0576   2    2/4  1.00  0.000  0.352   0.108
     059003.000579 13/2   e   134402.02   +0.2339   3    1/3  1.00  0.000  0.084   0.108

Masking check of the questionable levels (a missing predicted transition counts as hidden if,
within one effective line width — instrumental FWHM 0.035 angstrom convolved with the Doppler
width — an observed line reaches 0.5 x its predicted intensity, or if the Gaussian wing of a
stronger line still exceeds the predicted intensity at its position; the mark is cleared when
>= 90% of the missing predicted intensity is hidden and the energy shift alone is not suspect):
  question_status = removed (questionable mark cleared): 19
    059003.000304  (100% of the missing predicted intensity is masked)
    059003.000374  (91% of the missing predicted intensity is masked)
    059003.000390  (99% of the missing predicted intensity is masked)
    059003.000436  (100% of the missing predicted intensity is masked)
    059003.000438  (100% of the missing predicted intensity is masked)
    059003.000441  (100% of the missing predicted intensity is masked)
    059003.000443  (100% of the missing predicted intensity is masked)
    059003.000445  (100% of the missing predicted intensity is masked)
    059003.000451  (100% of the missing predicted intensity is masked)
    059003.000452  (100% of the missing predicted intensity is masked)
    059003.000453  (100% of the missing predicted intensity is masked)
    059003.000454  (100% of the missing predicted intensity is masked)
    059003.000456  (98% of the missing predicted intensity is masked)
    059003.000579  (100% of the missing predicted intensity is masked)
    059003.000580  (100% of the missing predicted intensity is masked)
    059003.000584  (100% of the missing predicted intensity is masked)
    059003.000598  (100% of the missing predicted intensity is masked)
    059003.000604  (100% of the missing predicted intensity is masked)
    059003.000610  (100% of the missing predicted intensity is masked)
  question_status = retained: 52
     43  no reason to clear
      9  no theoretical predictions (pattern check not applicable)

============================================================
SHIFTED-WAVENUMBER CHANCE CALIBRATION (8 runs) - upper bound
============================================================
Counts restricted to the tested levels; the whole line list is available for false matching
here (nothing is consumed by true identifications), so these false-pass counts are upper bounds.

|dE| by support n: real tested levels vs chance (runs pooled):
    n    real: N   median      p90   |      chance: N   median      p90
    1         37   0.0980   0.3528   |            105   0.2183   0.8129
    2         29   0.0589   0.2208   |            134   0.3075   1.0667
    3         32   0.0693   0.2458   |            152   0.2252   0.8373
    4         11   0.0348   0.1058   |            164   0.2320   0.8431
    5          6   0.0162   0.0370   |            129   0.2338   0.8564
    6          4   0.0311   0.0595   |             86   0.2595   0.7444
    7          1   0.0089   0.0089   |             55   0.2241   0.7143
   8+          3   0.0185   0.0682   |             49   0.1857   0.5727

Criterion (n >= N and |dE| <= T): tested levels passing / expected false passes per run (shifted-wavenumber chance, worst case):
  N \ T              p90             p95             p99             max
  >= 1       83 / 27.50     100 / 40.00     112 / 59.00     119 / 72.38
  >= 2       64 / 23.50      74 / 34.75      82 / 51.75      85 / 63.75
  >= 3       42 / 20.12      50 / 29.12      54 / 44.00      57 / 53.75
  >= 4       23 / 15.50      24 / 22.50      24 / 33.00      25 / 41.25
  >= 5       14 / 10.25      14 / 14.88      14 / 21.62      14 / 27.75
  >= 6        8 /  6.50       8 /  9.00       8 / 12.88       8 / 16.62
  >= 7        4 /  3.88       4 /  5.12       4 /  7.38       4 /  9.38
  >= 8        3 /  1.75       3 /  2.62       3 /  3.88       3 /  4.62
No cut reaches <= 5% expected contamination.

Written: F:\UMD\AI\as-ai\LineClass\level_shift_report.csv (+ .xlsx twin)
