============================================================
classify_lines.py — Spectral Line Classification for Pr III
============================================================
Step 1: Reading energy levels...
  Read 593 energy levels.
Step 2: Reading calculated transitions...
  Read 30206 calculated transitions.
Step 3: Reading observed spectral lines...
  Transitions absent from Icalc.xlsx are imputed with gA = 175.8 s^-1 (cutoff 1000 s^-1), u_ln = 1.7383,
    through Icalc = 252.872 * gA * (rwn/1e8) * exp(-Eup/12358.2).
  Read 6667 observed lines.
Step 4: Generating all possible transitions...
  Generated 30237 possible transitions.
  1075 of them are absent from Icalc.xlsx and were given an imputed intensity.
Step 5 cycle 1:
Step 5.1: Matching observed lines to transitions & grading...
  Matching complete.
Step 5.2: Resolving conflicts...
  Max number of conflicting assignments: 3
  Total number of conflicting assignments: 197
Step 5.3: Weeding assignments (iterative)...
  Baseline: Step1=6671, Step2=125, Step3=159, Accepted=4709
  Iteration 1: Step1=6671, Step2=125, Step3=159, Accepted=4709
  Iteration 1: 0 changes (+0 accepted, -0 rejected)
  Converged after 1 iteration(s).
Weeding complete. Decisions made: 6671 in Step1, 125 in Step2, 159 in Step3
  Total number of accepted assignments: 4709
  Accepted assignments: 4709, max energy change in optimization: 1.035380 cm^-1
Step 5 cycle 2:
Step 5.1: Matching observed lines to transitions & grading...
  Matching complete.
Step 5.2: Resolving conflicts...
  Max number of conflicting assignments: 4
  Total number of conflicting assignments: 278
Step 5.3: Weeding assignments (iterative)...
  Baseline: Step1=7406, Step2=138, Step3=196, Accepted=4881
  Iteration 1: Step1=7424, Step2=135, Step3=181, Accepted=4878
  Iteration 1: 3 changes (+0 accepted, -3 rejected)
  Iteration 2: Step1=7424, Step2=135, Step3=181, Accepted=4878
  Iteration 2: 0 changes (+0 accepted, -0 rejected)
  Converged after 2 iteration(s).
Weeding complete. Decisions made: 7424 in Step1, 135 in Step2, 181 in Step3
  Total number of accepted assignments: 4878
  Accepted assignments: 4878, max energy change in optimization: 0.474342 cm^-1
Step 5 cycle 3:
Step 5.1: Matching observed lines to transitions & grading...
  Matching complete.
Step 5.2: Resolving conflicts...
  Max number of conflicting assignments: 3
  Total number of conflicting assignments: 247
Step 5.3: Weeding assignments (iterative)...
  Baseline: Step1=7309, Step2=133, Step3=172, Accepted=4885
  Iteration 1: Step1=7314, Step2=132, Step3=168, Accepted=4885
  Iteration 1: 0 changes (+0 accepted, -0 rejected)
  Converged after 1 iteration(s).
Weeding complete. Decisions made: 7314 in Step1, 132 in Step2, 168 in Step3
  Total number of accepted assignments: 4885
  Blacklisted 164 transition(s) oscillating between cycles.
  Accepted assignments: 4885, max energy change in optimization: 0.472775 cm^-1
Step 5 cycle 4:
Step 5.1: Matching observed lines to transitions & grading...
  Matching complete.
Step 5.2: Resolving conflicts...
  Max number of conflicting assignments: 4
  Total number of conflicting assignments: 256
Step 5.3: Weeding assignments (iterative)...
  Baseline: Step1=7287, Step2=132, Step3=188, Accepted=4885
  Iteration 1: Step1=7292, Step2=130, Step3=185, Accepted=4885
  Iteration 1: 0 changes (+0 accepted, -0 rejected)
  Converged after 1 iteration(s).
  Blacklisted 164 oscillating transition(s) (cumulative).
Weeding complete. Decisions made: 7292 in Step1, 130 in Step2, 185 in Step3
  Total number of accepted assignments: 4885
  Blacklisted 17 transition(s) oscillating between cycles.
  Accepted assignments: 4885, max energy change in optimization: 0.473540 cm^-1
Step 5 cycle 5:
Step 5.1: Matching observed lines to transitions & grading...
  Matching complete.
Step 5.2: Resolving conflicts...
  Max number of conflicting assignments: 3
  Total number of conflicting assignments: 248
Step 5.3: Weeding assignments (iterative)...
  Baseline: Step1=7285, Step2=127, Step3=184, Accepted=4881
  Iteration 1: Step1=7290, Step2=125, Step3=181, Accepted=4881
  Iteration 1: 0 changes (+0 accepted, -0 rejected)
  Converged after 1 iteration(s).
  Blacklisted 181 oscillating transition(s) (cumulative).
Weeding complete. Decisions made: 7290 in Step1, 125 in Step2, 181 in Step3
  Total number of accepted assignments: 4881
  Blacklisted 5 transition(s) oscillating between cycles.
  Accepted assignments: 4881, max energy change in optimization: 0.474023 cm^-1
Step 5 cycle 6:
Step 5.1: Matching observed lines to transitions & grading...
  Matching complete.
Step 5.2: Resolving conflicts...
  Max number of conflicting assignments: 4
  Total number of conflicting assignments: 256
Step 5.3: Weeding assignments (iterative)...
  Baseline: Step1=7284, Step2=127, Step3=191, Accepted=4880
  Iteration 1: Step1=7289, Step2=125, Step3=188, Accepted=4880
  Iteration 1: 0 changes (+0 accepted, -0 rejected)
  Converged after 1 iteration(s).
  Blacklisted 186 oscillating transition(s) (cumulative).
Weeding complete. Decisions made: 7289 in Step1, 125 in Step2, 188 in Step3
  Total number of accepted assignments: 4880
  Accepted assignments: 4880, max energy change in optimization: 0.051156 cm^-1
Step 5 cycle 7:
Step 5.1: Matching observed lines to transitions & grading...
  Matching complete.
Step 5.2: Resolving conflicts...
  Max number of conflicting assignments: 4
  Total number of conflicting assignments: 256
Step 5.3: Weeding assignments (iterative)...
  Baseline: Step1=7285, Step2=126, Step3=191, Accepted=4880
  Iteration 1: Step1=7290, Step2=124, Step3=188, Accepted=4880
  Iteration 1: 0 changes (+0 accepted, -0 rejected)
  Converged after 1 iteration(s).
  Blacklisted 186 oscillating transition(s) (cumulative).
Weeding complete. Decisions made: 7290 in Step1, 124 in Step2, 188 in Step3
  Total number of accepted assignments: 4880
  Accepted assignments: 4880, max energy change in optimization: 0.000601 cm^-1
  Building output...
  Writing output to F:\UMD\AI\as-ai\LineClass\line_classifications.xlsx...
  Writing output to F:\UMD\AI\as-ai\LineClass\line_classifications.csv...
  Output written: 9107 rows.
============================================================
Done.
============================================================
