============================================================
classify_lines.py — Spectral Line Classification for Pr III
============================================================
Step 1: Reading energy levels...
  Read 593 energy levels.
Step 2: Reading calculated transitions...
  Read 30206 calculated transitions.
Step 3: Reading observed spectral lines...
  Transitions absent from Icalc.xlsx are imputed with gA = 175.8 s^-1 (cutoff 1000 s^-1), u_ln = 1.7383,
    through Icalc = 175.092 * gA * (rwn/1e8) * exp(-Eup/11953.8).
  Read 6668 observed lines.
Step 4: Generating all possible transitions...
  Generated 30237 possible transitions.
  1075 of them are absent from Icalc.xlsx and were given an imputed intensity.
Step 5 cycle 1:
Step 5.1: Matching observed lines to transitions & grading...
  Matching complete.
Step 5.2: Resolving conflicts...
  Max number of conflicting assignments: 3
  Total number of conflicting assignments: 199
Step 5.3: Weeding assignments (iterative)...
  Baseline: Step1=6627, Step2=151, Step3=177, Accepted=4666
  Iteration 1: Step1=6627, Step2=151, Step3=177, Accepted=4666
  Iteration 1: 0 changes (+0 accepted, -0 rejected)
  Converged after 1 iteration(s).
Weeding complete. Decisions made: 6627 in Step1, 151 in Step2, 177 in Step3
  Total number of accepted assignments: 4666
  Accepted assignments: 4666, max energy change in optimization: 1.035253 cm^-1
Step 5 cycle 2:
Step 5.1: Matching observed lines to transitions & grading...
  Matching complete.
Step 5.2: Resolving conflicts...
  Max number of conflicting assignments: 4
  Total number of conflicting assignments: 291
Step 5.3: Weeding assignments (iterative)...
  Baseline: Step1=7354, Step2=168, Step3=216, Accepted=4837
  Iteration 1: Step1=7372, Step2=166, Step3=200, Accepted=4834
  Iteration 1: 3 changes (+0 accepted, -3 rejected)
  Iteration 2: Step1=7372, Step2=166, Step3=200, Accepted=4834
  Iteration 2: 0 changes (+0 accepted, -0 rejected)
  Converged after 2 iteration(s).
Weeding complete. Decisions made: 7372 in Step1, 166 in Step2, 200 in Step3
  Total number of accepted assignments: 4834
  Accepted assignments: 4834, max energy change in optimization: 0.870021 cm^-1
Step 5 cycle 3:
Step 5.1: Matching observed lines to transitions & grading...
  Matching complete.
Step 5.2: Resolving conflicts...
  Max number of conflicting assignments: 3
  Total number of conflicting assignments: 252
Step 5.3: Weeding assignments (iterative)...
  Baseline: Step1=7244, Step2=163, Step3=191, Accepted=4840
  Iteration 1: Step1=7248, Step2=164, Step3=186, Accepted=4840
  Iteration 1: 0 changes (+0 accepted, -0 rejected)
  Converged after 1 iteration(s).
Weeding complete. Decisions made: 7248 in Step1, 164 in Step2, 186 in Step3
  Total number of accepted assignments: 4840
  Blacklisted 175 transition(s) oscillating between cycles.
  Accepted assignments: 4840, max energy change in optimization: 0.382184 cm^-1
Step 5 cycle 4:
Step 5.1: Matching observed lines to transitions & grading...
  Matching complete.
Step 5.2: Resolving conflicts...
  Max number of conflicting assignments: 4
  Total number of conflicting assignments: 263
Step 5.3: Weeding assignments (iterative)...
  Baseline: Step1=7225, Step2=159, Step3=208, Accepted=4839
  Iteration 1: Step1=7229, Step2=159, Step3=204, Accepted=4839
  Iteration 1: 0 changes (+0 accepted, -0 rejected)
  Converged after 1 iteration(s).
  Blacklisted 175 oscillating transition(s) (cumulative).
Weeding complete. Decisions made: 7229 in Step1, 159 in Step2, 204 in Step3
  Total number of accepted assignments: 4839
  Blacklisted 15 transition(s) oscillating between cycles.
  Accepted assignments: 4839, max energy change in optimization: 0.131894 cm^-1
Step 5 cycle 5:
Step 5.1: Matching observed lines to transitions & grading...
  Matching complete.
Step 5.2: Resolving conflicts...
  Max number of conflicting assignments: 4
  Total number of conflicting assignments: 262
Step 5.3: Weeding assignments (iterative)...
  Baseline: Step1=7218, Step2=159, Step3=215, Accepted=4839
  Iteration 1: Step1=7222, Step2=159, Step3=211, Accepted=4839
  Iteration 1: 0 changes (+0 accepted, -0 rejected)
  Converged after 1 iteration(s).
  Blacklisted 190 oscillating transition(s) (cumulative).
Weeding complete. Decisions made: 7222 in Step1, 159 in Step2, 211 in Step3
  Total number of accepted assignments: 4839
  Accepted assignments: 4839, max energy change in optimization: 0.006211 cm^-1
Step 5 cycle 6:
Step 5.1: Matching observed lines to transitions & grading...
  Matching complete.
Step 5.2: Resolving conflicts...
  Max number of conflicting assignments: 4
  Total number of conflicting assignments: 262
Step 5.3: Weeding assignments (iterative)...
  Baseline: Step1=7218, Step2=159, Step3=215, Accepted=4839
  Iteration 1: Step1=7222, Step2=159, Step3=211, Accepted=4839
  Iteration 1: 0 changes (+0 accepted, -0 rejected)
  Converged after 1 iteration(s).
  Blacklisted 190 oscillating transition(s) (cumulative).
Weeding complete. Decisions made: 7222 in Step1, 159 in Step2, 211 in Step3
  Total number of accepted assignments: 4839
  Accepted assignments: 4839, max energy change in optimization: 0.000771 cm^-1
  Building output...
  Writing output to F:\UMD\AI\as-ai\LineClass\line_classifications.xlsx...
  Writing output to F:\UMD\AI\as-ai\LineClass\line_classifications.csv...
  Output written: 9102 rows.
============================================================
Done.
============================================================
