============================================================
classify_lines.py — Spectral Line Classification for Pr III
============================================================
Step 1: Reading energy levels...
  Read 593 energy levels.
Step 2: Reading calculated transitions...
  Read 30206 calculated transitions.
Step 3: Reading observed spectral lines...
  Transitions absent from Icalc.xlsx are imputed with gA = 175.8 s^-1 (cutoff 1000 s^-1), u_ln = 1.7383,
    through Icalc = 268.527 * gA * (rwn/1e8) * exp(-Eup/12241.8).
  Read 6667 observed lines.
Step 4: Generating all possible transitions...
  Generated 30237 possible transitions.
  1075 of them are absent from Icalc.xlsx and were given an imputed intensity.
Step 5 cycle 1:
Step 5.1: Matching observed lines to transitions & grading...
  Matching complete.
Step 5.2: Resolving conflicts...
  Max number of conflicting assignments: 3
  Total number of conflicting assignments: 197
Step 5.3: Weeding assignments (iterative)...
  Baseline: Step1=6679, Step2=130, Step3=146, Accepted=4721
  Iteration 1: Step1=6679, Step2=130, Step3=146, Accepted=4721
  Iteration 1: 0 changes (+0 accepted, -0 rejected)
  Converged after 1 iteration(s).
Weeding complete. Decisions made: 6679 in Step1, 130 in Step2, 146 in Step3
  Total number of accepted assignments: 4721
  Accepted assignments: 4721, max energy change in optimization: 1.034397 cm^-1
Step 5 cycle 2:
Step 5.1: Matching observed lines to transitions & grading...
  Matching complete.
Step 5.2: Resolving conflicts...
  Max number of conflicting assignments: 4
  Total number of conflicting assignments: 280
Step 5.3: Weeding assignments (iterative)...
  Baseline: Step1=7420, Step2=144, Step3=179, Accepted=4892
  Iteration 1: Step1=7438, Step2=140, Step3=165, Accepted=4888
  Iteration 1: 4 changes (+0 accepted, -4 rejected)
  Iteration 2: Step1=7438, Step2=140, Step3=165, Accepted=4888
  Iteration 2: 0 changes (+0 accepted, -0 rejected)
  Converged after 2 iteration(s).
Weeding complete. Decisions made: 7438 in Step1, 140 in Step2, 165 in Step3
  Total number of accepted assignments: 4888
  Accepted assignments: 4888, max energy change in optimization: 0.449320 cm^-1
Step 5 cycle 3:
Step 5.1: Matching observed lines to transitions & grading...
  Matching complete.
Step 5.2: Resolving conflicts...
  Max number of conflicting assignments: 3
  Total number of conflicting assignments: 249
Step 5.3: Weeding assignments (iterative)...
  Baseline: Step1=7323, Step2=144, Step3=157, Accepted=4896
  Iteration 1: Step1=7326, Step2=145, Step3=153, Accepted=4896
  Iteration 1: 0 changes (+0 accepted, -0 rejected)
  Converged after 1 iteration(s).
Weeding complete. Decisions made: 7326 in Step1, 145 in Step2, 153 in Step3
  Total number of accepted assignments: 4896
  Blacklisted 169 transition(s) oscillating between cycles.
  Accepted assignments: 4896, max energy change in optimization: 0.159320 cm^-1
Step 5 cycle 4:
Step 5.1: Matching observed lines to transitions & grading...
  Matching complete.
Step 5.2: Resolving conflicts...
  Max number of conflicting assignments: 3
  Total number of conflicting assignments: 247
Step 5.3: Weeding assignments (iterative)...
  Baseline: Step1=7288, Step2=142, Step3=178, Accepted=4895
  Iteration 1: Step1=7292, Step2=141, Step3=175, Accepted=4895
  Iteration 1: 0 changes (+0 accepted, -0 rejected)
  Converged after 1 iteration(s).
  Blacklisted 169 oscillating transition(s) (cumulative).
Weeding complete. Decisions made: 7292 in Step1, 141 in Step2, 175 in Step3
  Total number of accepted assignments: 4895
  Blacklisted 26 transition(s) oscillating between cycles.
  Accepted assignments: 4895, max energy change in optimization: 0.128935 cm^-1
Step 5 cycle 5:
Step 5.1: Matching observed lines to transitions & grading...
  Matching complete.
Step 5.2: Resolving conflicts...
  Max number of conflicting assignments: 3
  Total number of conflicting assignments: 248
Step 5.3: Weeding assignments (iterative)...
  Baseline: Step1=7275, Step2=141, Step3=193, Accepted=4892
  Iteration 1: Step1=7278, Step2=141, Step3=190, Accepted=4892
  Iteration 1: 0 changes (+0 accepted, -0 rejected)
  Converged after 1 iteration(s).
  Blacklisted 195 oscillating transition(s) (cumulative).
Weeding complete. Decisions made: 7278 in Step1, 141 in Step2, 190 in Step3
  Total number of accepted assignments: 4892
  Blacklisted 3 transition(s) oscillating between cycles.
  Accepted assignments: 4892, max energy change in optimization: 0.154967 cm^-1
Step 5 cycle 6:
Step 5.1: Matching observed lines to transitions & grading...
  Matching complete.
Step 5.2: Resolving conflicts...
  Max number of conflicting assignments: 3
  Total number of conflicting assignments: 248
Step 5.3: Weeding assignments (iterative)...
  Baseline: Step1=7276, Step2=142, Step3=194, Accepted=4891
  Iteration 1: Step1=7279, Step2=142, Step3=191, Accepted=4891
  Iteration 1: 0 changes (+0 accepted, -0 rejected)
  Converged after 1 iteration(s).
  Blacklisted 198 oscillating transition(s) (cumulative).
Weeding complete. Decisions made: 7279 in Step1, 142 in Step2, 191 in Step3
  Total number of accepted assignments: 4891
  Blacklisted 2 transition(s) oscillating between cycles.
  Accepted assignments: 4891, max energy change in optimization: 0.050971 cm^-1
Step 5 cycle 7:
Step 5.1: Matching observed lines to transitions & grading...
  Matching complete.
Step 5.2: Resolving conflicts...
  Max number of conflicting assignments: 3
  Total number of conflicting assignments: 248
Step 5.3: Weeding assignments (iterative)...
  Baseline: Step1=7276, Step2=141, Step3=195, Accepted=4891
  Iteration 1: Step1=7279, Step2=141, Step3=192, Accepted=4891
  Iteration 1: 0 changes (+0 accepted, -0 rejected)
  Converged after 1 iteration(s).
  Blacklisted 200 oscillating transition(s) (cumulative).
Weeding complete. Decisions made: 7279 in Step1, 141 in Step2, 192 in Step3
  Total number of accepted assignments: 4891
  Accepted assignments: 4891, max energy change in optimization: 0.000000 cm^-1
  Building output...
  Writing output to F:\UMD\AI\as-ai\LineClass\line_classifications.xlsx...
  Writing output to F:\UMD\AI\as-ai\LineClass\line_classifications.csv...
  Output written: 9116 rows.
============================================================
Done.
============================================================
