lines read: 6783, 821.9419 - 10719.5188 A
grid: 12841 bins of 0.00020 in ln(lambda) (0.164 A at 822 A, 2.14 A at 10720 A); 0.53 lines per bin on average
predicted transitions read: 90303 with v > -20, 797.2 - 16708.9 A
predicted density: 6.92 per bin on average, blurred by 0.0020 in ln(lambda)

choosing the curvature penalty by BIC (Bayesian information criterion: twice the negative log-likelihood, plus ln(number of bins) for every effective parameter the baseline spends; the smallest wins):
     penalty       lnL      params       BIC
         0.3   -10348.0      147.6    22120.7
           1   -10370.6      122.9    21931.9
           3   -10394.4      101.1    21773.5
          10   -10419.8       79.8    21623.2
          30   -10451.3       63.5    21531.3
         100   -10493.0       48.6    21474.5
         300   -10526.4       37.9    21439.9
        1000   -10568.3       28.7    21436.9
        3000   -10634.6       22.3    21508.6
       1e+04   -10646.3       16.8    21480.2
       3e+04   -10675.2       13.1    21502.9
  chosen: penalty 1000

baseline: 202 spline coefficients, knot spacing 0.0129 in ln(lambda) (1.3 % in wavelength), curvature penalty 1e+03
  round  1  lnL      -10615.77  leak-through 0.1495  blocked fraction 0.0599  mean run 30.4 bins
  round  2  lnL      -10589.89  leak-through 0.1889  blocked fraction 0.0934  mean run 49.4 bins
  round  3  lnL      -10577.71  leak-through 0.2248  blocked fraction 0.1175  mean run 74.4 bins
  round  4  lnL      -10569.18  leak-through 0.2327  blocked fraction 0.1301  mean run 98.0 bins
  round  5  lnL      -10568.46  leak-through 0.2323  blocked fraction 0.1348  mean run 114.3 bins
  round  6  lnL      -10568.45  leak-through 0.2312  blocked fraction 0.1361  mean run 124.9 bins
  round  7  lnL      -10568.37  leak-through 0.2300  blocked fraction 0.1362  mean run 131.4 bins
  round  8  lnL      -10568.32  leak-through 0.2290  blocked fraction 0.1359  mean run 135.5 bins
  round  9  lnL      -10568.30  leak-through 0.2281  blocked fraction 0.1356  mean run 138.0 bins
  round 10  lnL      -10568.30  leak-through 0.2275  blocked fraction 0.1353  mean run 139.7 bins
  round 11  lnL      -10568.30  leak-through 0.2270  blocked fraction 0.1350  mean run 140.7 bins
  round 12  lnL      -10568.30  leak-through 0.2267  blocked fraction 0.1348  mean run 141.4 bins
  round 13  lnL      -10568.31  leak-through 0.2264  blocked fraction 0.1347  mean run 141.9 bins
  round 14  lnL      -10568.31  leak-through 0.2263  blocked fraction 0.1346  mean run 142.3 bins
  round 15  lnL      -10568.31  leak-through 0.2261  blocked fraction 0.1345  mean run 142.5 bins
  round 16  lnL      -10568.31  leak-through 0.2260  blocked fraction 0.1345  mean run 142.6 bins
  round 17  lnL      -10568.31  leak-through 0.2260  blocked fraction 0.1344  mean run 142.7 bins
  converged
  effective parameters in the baseline 28.7; BIC 21436.9

blocked stretches (coverage below 0.50), worst first:
   lam_lo    lam_hi    width  expected  observed    lost   c_min
 2103.315  2190.905   87.590     271.2        71   198.8   0.000
 1522.745  1663.817  141.072     206.2        25   179.9   0.000
  887.732   966.489   78.757     130.4        24   104.2   0.000
  821.942   827.881    5.939      48.6         9    38.6   0.000
 2781.289  2808.680   27.391      41.5        15    22.6   0.022
 8755.784  9033.270  277.487      32.4        10    20.0   0.018
 3211.424  3256.049   44.625      32.3         9    19.9   0.037
 4935.799  5067.839  132.040      19.0         3    13.8   0.027
 1164.294  1174.819   10.526      24.4         7    13.5   0.154
10446.996 10720.036  273.040       8.0         1     5.9   0.106

10 segments; 617.2 lines lost in total, 8.30 % of the 7434 the baseline expects over the whole range
written: F:\UMD\AI\as-ai\LineClass\coverage_map.csv, F:\UMD\AI\as-ai\LineClass\coverage_gaps.txt
written: F:\UMD\AI\as-ai\LineClass\coverage_map.png
