C:\Users\krami\AppData\Roaming\Python\Python314\site-packages\numpy\_core\fromnumeric.py:3824: RuntimeWarning: Mean of empty slice
  return _methods._mean(a, axis=axis, dtype=dtype,
C:\Users\krami\AppData\Roaming\Python\Python314\site-packages\numpy\_core\_methods.py:142: RuntimeWarning: invalid value encountered in scalar divide
  ret = ret.dtype.type(ret / rcount)
  intensity scale 0-900 A: median I_obs/I_pred = 0.482 (sd of ln = 1.02) over 83 accepted lines
  intensity scale 900-1000 A: median I_obs/I_pred = 0.735 (sd of ln = 0.96) over 80 accepted lines  - no correction
  intensity scale elsewhere: no correction (sd of ln = 1.32 over 4772 accepted lines)
Levels read: 594 total; tested (new*, n_new > n_old): 208; old (reference): 386
Predicted transitions loaded: 29260; observable: 7787 (excluded: 111 in coverage gaps, 21362 below Sugar's noise level)
cross-tab vs ASD status (is_new_level = 1 means absent from ASD):
  absent_from_ASD=0, new_star=0: 386
  absent_from_ASD=0, new_star=1: 15
  absent_from_ASD=1, new_star=1: 193

============================================================
OLD-LEVEL CALIBRATION (386 old levels with >= 1 accepted line)
============================================================
|dE| percentiles (pNN = value below which NN% of the levels fall):
  p50 = 0.0160,  p90 = 0.0760,  p95 = 0.1344,  p99 = 0.2157,  max = 1.0772  cm^-1
d = dE*n: aggregate rms = 0.855 cm^-1 (dominated by the many-line levels);
per given n the genuine shifts are much tighter:
   support bin  count  median |dE|  median |d|
           1-2      3       0.0057       0.007
           3-4      4       0.0136       0.054
           5-7     37       0.0234       0.155
          8-11     61       0.0214       0.206
         12-17     90       0.0248       0.369
         18-25     64       0.0159       0.375
           26+    127       0.0109       0.427

============================================================
TESTED (NEW*) LEVELS (208) IN THE REAL RUN
============================================================
support distribution (n = accepted lines):  1: 6  2: 17  3: 28  4: 28  5: 31  6: 20  7: 19  8+: 59
|dE|: p50 = 0.0529,  p90 = 0.2035,  p95 = 0.3329,  max = 0.7665  cm^-1
  within old-level p90 (0.0760 cm^-1): 130 of 208
  within old-level p95 (0.1344 cm^-1): 162 of 208
  within old-level p99 (0.2157 cm^-1): 190 of 208
  within old-level max (1.0772 cm^-1): 208 of 208

Largest |d| = |dE*n| among tested levels (top 12):
          level_id    J par     E_input        dE    n       d
     059003.000483  5/2   o   117592.20   +0.7665   14  +10.73
     059003.000488  9/2   o   118885.40   -0.4355   17   -7.40
     059003.000493  7/2   o   121411.77   +0.5765   11   +6.34
     059003.000468  9/2   o   113894.44   +0.2946   20   +5.89
     059003.000450  5/2   o    85981.65   +0.4965    8   +3.97
     059003.000487  7/2   o   118860.77   +0.2462   14   +3.45
     059003.000457 11/2   o    99938.50   +0.4784    7   +3.35
     059003.000516  7/2   o   134163.33   -0.5410    6   -3.25
     059003.000534 11/2   o   138410.50   +0.5631    5   +2.82
     059003.000489  5/2   o   118987.00   +0.2086   13   +2.71
     059003.000462  5/2   o   111902.78   +0.2497   10   +2.50
     059003.000506  9/2   o   133306.90   +0.5660    4   +2.26

============================================================
IN-SITU DECOY CALIBRATION (8 runs x 209 decoys) - primary
============================================================
WARNING: 209 decoys per run vs 208 tested levels - rerun decoy_mc.py after changing the tested set.

|dE| by support n: real tested levels vs decoys (runs pooled):
    n    real: N   median      p90   |      decoys: N   median      p90
    1          6   0.1794   0.2013   |            310   0.2687   1.0818
    2         17   0.0384   0.1207   |            332   0.3671   1.5439
    3         28   0.0562   0.1619   |            213   0.4784   1.3462
    4         28   0.0515   0.2466   |            127   0.4698   1.3431
    5         31   0.0498   0.2086   |             78   0.5209   1.9439
    6         20   0.0774   0.2076   |             52   0.6145   1.6706
    7         19   0.0550   0.1790   |             21   0.6496   1.8010
   8+         59   0.0443   0.2469   |             28   0.5999   1.7209

Criterion (n >= N and |dE| <= T): tested levels passing / expected false passes per run (in-situ decoys, worst case):
  N \ T              p90             p95             p99             max
  >= 1      130 / 17.75     162 / 32.88     190 / 46.75     208 /120.62
  >= 2      130 /  9.88     161 / 19.62     184 / 30.38     202 / 85.88
  >= 3      117 /  5.38     145 / 10.12     167 / 15.62     185 / 51.38
  >= 4      100 /  2.75     122 /  5.00     140 /  7.62     157 / 29.38
  >= 5       82 /  1.88     100 /  3.00     115 /  4.62     129 / 16.50
  >= 6       60 /  1.12      74 /  1.62      87 /  2.25      98 /  9.12
  >= 7       51 /  0.38      60 /  0.62      69 /  0.88      78 /  4.38
  >= 8       39 /  0.38      45 /  0.62      51 /  0.88      59 /  2.62
Best cut at <= 5% expected contamination: n >= 4 and |dE| <= p95 = 0.1344 cm^-1 -> 122 of 208 levels validated, expected false: 5.00

============================================================
INTENSITY-PATTERN CHECK
============================================================
top10 = share of the 10 strongest predicted transitions of the level found among
the accepted lines; C = intensity-weighted completeness; V = C relative to the
best C achievable with the level's matched lines. Tested levels are split by the
energy-shift evidence alone to show that the pattern is an independent check.

  group                                      N   top10   med C  V: p25    p50    p75
  old levels (genuine)                     386    0.80    0.91    0.86   0.94   0.98
  tested, p_spur_decoys < 0.1              208    0.55    0.79    0.77   0.94   1.00
  tested, p_spur_decoys >= 0.1               0     nan     nan     nan    nan    nan
  decoys with >= 1 line (fake)            1155    0.18    0.11    0.06   0.23   0.54

Decoy trials with >= 3 of the top-10 predictions accepted: 179 of 1155 (15.5%) - an upper bound on the chance
that a displaced level accidentally sits on a real, previously unknown level.

pattern_V range probabilities used as evidence (genuine / spurious):
  0-0.1: 0.00/0.32  0.1-0.3: 0.01/0.26  0.3-0.6: 0.03/0.20  0.6-0.9: 0.29/0.12  0.9-1: 0.66/0.10

============================================================
PER-LEVEL SPURIOUS PROBABILITIES
============================================================
log-normal |d| models (ln|d| = a + b*ln n, scatter s):
  spurious (decoys):    a = -1.464, b = +1.440, s = 1.237   (1160 supported decoys)
  genuine (old levels): a = -2.434, b = +0.372, s = 1.341   (385 old levels)

Most probable number of spurious levels among the 208 tested (with 95% confidence ranges):
  energy shifts alone:        S =   0.0  [0.0 .. 10.8]
    robustness check (genuine |dE| independent of n): S = 26.5  [17.0 .. 42.8]
  intensity pattern alone:    S =   2.8  [0.0 .. 9.0]
  both folded (final p_spur): S =   2.0  [0.0 .. 7.2]
    robustness check, folded: S = 4.2  [0.8 .. 12.0]
consistency: sum of folded p_spur = 2.0
levels by folded p_spur: <5%: 206,  5-50%: 0,  50-90%: 2,  >90%: 0

Tested levels with folded p_spur >= 0.1 (2):
          level_id    J par     E_input        dE   n  top10     V   p_dE  p_pat  p_spur
     059003.000615 19/2   e   138827.78   -0.2000   1    1/3  0.20  0.000  0.804   0.789
     059003.000589  3/2   e   134488.70   +0.1534   1    1/4  0.16  0.000  0.804   0.763

Strongest predicted branch of the 208 tested levels: 187 accepted, 6 absent but masked
by a stronger line, 1 absent but too faint on the plate to have been
recorded, 14 absent with nothing hiding them, 0 without an observable prediction.

Masking check of the levels the probabilities question (p_spur >= 0.1) or whose strongest
predicted branch is missing (a missing predicted transition counts as hidden if, within
one effective line width - instrumental FWHM 0.035 angstrom convolved with the Doppler width -
an observed line reaches 0.5 x its predicted intensity, or if the Gaussian wing of a stronger
line still exceeds the predicted intensity at its position; the mark is cleared when >= 
90% of the missing predicted intensity is hidden, the energy shift alone is not suspect,
and the strongest branch is not among the unexplained absences):
  question_status = removed (questionable mark cleared): 1
    059003.000615  (96% of the missing predicted intensity is masked)
  question_status = retained: 14
     14  the strongest predicted transition of the level is absent and nothing hides it

============================================================
SHIFTED-WAVENUMBER CHANCE CALIBRATION (8 runs) - upper bound
============================================================
Counts restricted to the tested levels; the whole line list is available for false matching
here (nothing is consumed by true identifications), so these false-pass counts are upper bounds.

|dE| by support n: real tested levels vs chance (runs pooled):
    n    real: N   median      p90   |      chance: N   median      p90
    1          6   0.1794   0.2013   |            315   1.5558   5.1606
    2         17   0.0384   0.1207   |            422   1.7454   5.1170
    3         28   0.0562   0.1619   |            371   1.8399   5.0397
    4         28   0.0515   0.2466   |            206   1.9389   5.5995
    5         31   0.0498   0.2086   |            119   1.9898   5.5487
    6         20   0.0774   0.2076   |             55   2.8800   6.7123
    7         19   0.0550   0.1790   |             25   2.8778   8.3512
   8+         59   0.0443   0.2469   |             25   2.4736   6.7954

Criterion (n >= N and |dE| <= T): tested levels passing / expected false passes per run (shifted-wavenumber chance, worst case):
  N \ T              p90             p95             p99             max
  >= 1      130 /  5.12     162 /  9.38     190 / 15.38     208 / 62.00
  >= 2      130 /  4.12     161 /  6.88     184 / 11.00     202 / 47.25
  >= 3      117 /  2.62     145 /  3.88     167 /  6.50     185 / 30.12
  >= 4      100 /  1.00     122 /  1.50     140 /  2.62     157 / 15.50
  >= 5       82 /  0.25     100 /  0.62     115 /  1.12     129 /  7.38
  >= 6       60 /  0.00      74 /  0.25      87 /  0.75      98 /  3.25
  >= 7       51 /  0.00      60 /  0.00      69 /  0.00      78 /  1.12
  >= 8       39 /  0.00      45 /  0.00      51 /  0.00      59 /  0.62
Best cut at <= 5% expected contamination: n >= 3 and |dE| <= p99 = 0.2157 cm^-1 -> 167 of 208 levels validated, expected false: 6.50

Written: F:\UMD\AI\as-ai\LineClass\level_shift_report.csv (+ .xlsx twin)
