lines read: 6783 with a wavenumber and a positive Iorig, 821.94 - 10719.52 A

noise windows
    341 windows of 20 lines (step 20) over 3 blocks
    84% of the windows have their weakest line at the smallest intensity the list uses at all (1)
    NOTE: the reported intensities are themselves a per-plate scale - the compiler of the list graded each exposure from its own weakest visible line upward - so the threshold on THIS scale is nearly flat, and the SNR of an observed line is close to its reported intensity.  That is not a failure of the estimate: it means the whole wavelength dependence sits in the plate calibration, and the useful half of the exercise is the other one - dividing a PREDICTED intensity by exp(P(lambda)) to bring it down onto this scale, which is what the TRANS.DAT rewrite below does.  Where the estimate does rise above the floor, the lines are sparse there and the weakest one recorded is not necessarily near the threshold.

fitting ln N(lambda)
    pass 1: 2 windows above the curve by more than 1.00, 0 below it by more than 2.50
    pass 2: 3 windows above the curve by more than 1.00, 0 below it by more than 2.50
    pass 3: 0 windows above the curve by more than 1.00, 0 below it by more than 2.50
    336 of 341 windows kept; rms of ln N about the curve 0.336

signal-to-noise ratio of the observed lines: 0.456 to 4.55e+03, median 4.79
     1% of the lines are below SNR     0.51
     5% of the lines are below SNR     0.95
    25% of the lines are below SNR     2.00
    50% of the lines are below SNR     4.79
    75% of the lines are below SNR    10.11
    95% of the lines are below SNR    95.76
    99% of the lines are below SNR   383.04
    645 lines fall below SNR 1; the estimate is a threshold read off the list itself, so a few of the weakest must
    --scale auto -> log (the range does not fit between 1 and 999)

the fitted noise level
  region       from          to    deg      n      N(from)      N(to)
       1     821.94     1073.27      2     38        1.234      2.305
       2    1073.27     1522.49      0     63        1.057      1.057
       3    1529.85     2103.46      0     48        1.044      1.044
       4    2107.92     2349.96      0     30            1          1
       5    2349.96     2540.65      2     27        1.525      1.343
       6    2540.65     2969.67      0     35            1          1
       7    2969.67     3779.96      2     26          1.4      1.147
       8    3779.96     4440.94      0     25        1.149      1.149
       9    4440.94    10719.52      0     44        1.979      1.979
  written to F:\UMD\AI\as-ai\LineClass\noise_level.txt
  per-line SNR written to F:\UMD\AI\as-ai\LineClass\line_snr.csv
  window minima written to F:\UMD\AI\as-ai\LineClass\noise_windows.csv

IDEN2 files rewritten with SNR on the log scale, into IDEN2_snr
    5197 predicted transitions have an observed line (4948 of them identified as such in the file itself); their predicted SNR is a factor 1.39 away from the observed one (median), and the predicted scale is shifted by that much so that SNR = 1 means "at the threshold"
  dlv.dat: 6668 rows rewritten, 0 left as they were (no observed line within 0.020 cm^-1)
  enlev.dat: copied unchanged
  numset.dat: copied unchanged
  trans.dat: 104271 predicted transitions rewritten, and the observed intensity of 4948 identified rows (0 had no line within 0.020 cm^-1)
  plot written to noise_level.png
