missing-gA policy: impute
Tested (new*) levels: 209 of 593 (supported by more new than old identifications in the baseline run)
============================================================
classify_lines.py — Spectral Line Classification for Pr III
DECOY RUN: shadow copies of the new levels displaced by +-11.3 cm^-1
============================================================
Step 1: Reading energy levels...
  Read 593 energy levels.
Step 2: Reading calculated transitions...
  Read 30206 calculated transitions.
  Added 209 decoy levels (displaced by +-11.3 cm^-1) and 42958 decoy Icalc entries.
Step 3: Reading observed spectral lines...
  Transitions absent from Icalc.xlsx are imputed with gA = 175.8 s^-1 (cutoff 1000 s^-1), u_ln = 1.7383,
    through Icalc = 245.676 * gA * (rwn/1e8) * exp(-Eup/12424.6).
  Read 6667 observed lines.
Step 4: Generating all possible transitions...
  Generated 51559 possible transitions.
  2042 of them are absent from Icalc.xlsx and were given an imputed intensity.
Step 5 cycle 1:
Step 5.1: Matching observed lines to transitions & grading...
  Matching complete.
Step 5.2: Resolving conflicts...
  Max number of conflicting assignments: 3
  Total number of conflicting assignments: 255
Step 5.3: Weeding assignments (iterative)...
  Baseline: Step1=8377, Step2=180, Step3=201, Accepted=4955
  Iteration 1: Step1=8377, Step2=180, Step3=201, Accepted=4955
  Iteration 1: 0 changes (+0 accepted, -0 rejected)
  Converged after 1 iteration(s).
Weeding complete. Decisions made: 8377 in Step1, 180 in Step2, 201 in Step3
  Total number of accepted assignments: 4955
  Accepted assignments: 4955, max energy change in optimization: 2.354163 cm^-1
Step 5 cycle 2:
Step 5.1: Matching observed lines to transitions & grading...
  Matching complete.
Step 5.2: Resolving conflicts...
  Max number of conflicting assignments: 7
  Total number of conflicting assignments: 769
Step 5.3: Weeding assignments (iterative)...
  Baseline: Step1=10958, Step2=236, Step3=272, Accepted=5258
  Iteration 1: Step1=10978, Step2=229, Step3=259, Accepted=5253
  Iteration 1: 5 changes (+0 accepted, -5 rejected)
  Iteration 2: Step1=10978, Step2=229, Step3=259, Accepted=5253
  Iteration 2: 0 changes (+0 accepted, -0 rejected)
  Converged after 2 iteration(s).
Weeding complete. Decisions made: 10978 in Step1, 229 in Step2, 259 in Step3
  Total number of accepted assignments: 5253
  Accepted assignments: 5253, max energy change in optimization: 1.495360 cm^-1
Step 5 cycle 3:
Step 5.1: Matching observed lines to transitions & grading...
  Matching complete.
Step 5.2: Resolving conflicts...
  Max number of conflicting assignments: 5
  Total number of conflicting assignments: 593
Step 5.3: Weeding assignments (iterative)...
  Baseline: Step1=10562, Step2=209, Step3=245, Accepted=5250
  Iteration 1: Step1=10568, Step2=204, Step3=244, Accepted=5254
  Iteration 1: 4 changes (+4 accepted, -0 rejected)
  Iteration 2: Step1=10568, Step2=204, Step3=244, Accepted=5254
  Iteration 2: 0 changes (+0 accepted, -0 rejected)
  Converged after 2 iteration(s).
Weeding complete. Decisions made: 10568 in Step1, 204 in Step2, 244 in Step3
  Total number of accepted assignments: 5254
  Blacklisted 812 transition(s) oscillating between cycles.
  Accepted assignments: 5254, max energy change in optimization: 1.056289 cm^-1
Step 5 cycle 4:
Step 5.1: Matching observed lines to transitions & grading...
  Matching complete.
Step 5.2: Resolving conflicts...
  Max number of conflicting assignments: 5
  Total number of conflicting assignments: 550
Step 5.3: Weeding assignments (iterative)...
  Baseline: Step1=10315, Step2=211, Step3=278, Accepted=5259
  Iteration 1: Step1=10326, Step2=203, Step3=275, Accepted=5258
  Iteration 1: 1 changes (+0 accepted, -1 rejected)
  Iteration 2: Step1=10326, Step2=203, Step3=275, Accepted=5258
  Iteration 2: 0 changes (+0 accepted, -0 rejected)
  Converged after 2 iteration(s).
  Blacklisted 812 oscillating transition(s) (cumulative).
Weeding complete. Decisions made: 10326 in Step1, 203 in Step2, 275 in Step3
  Total number of accepted assignments: 5258
  Blacklisted 191 transition(s) oscillating between cycles.
  Accepted assignments: 5258, max energy change in optimization: 1.143163 cm^-1
Step 5 cycle 5:
Step 5.1: Matching observed lines to transitions & grading...
  Matching complete.
Step 5.2: Resolving conflicts...
  Max number of conflicting assignments: 5
  Total number of conflicting assignments: 527
Step 5.3: Weeding assignments (iterative)...
  Baseline: Step1=10122, Step2=209, Step3=325, Accepted=5249
  Iteration 1: Step1=10132, Step2=201, Step3=323, Accepted=5248
  Iteration 1: 1 changes (+0 accepted, -1 rejected)
  Iteration 2: Step1=10132, Step2=201, Step3=323, Accepted=5248
  Iteration 2: 0 changes (+0 accepted, -0 rejected)
  Converged after 2 iteration(s).
  Blacklisted 1003 oscillating transition(s) (cumulative).
Weeding complete. Decisions made: 10132 in Step1, 201 in Step2, 323 in Step3
  Total number of accepted assignments: 5248
  Blacklisted 81 transition(s) oscillating between cycles.
  Accepted assignments: 5248, max energy change in optimization: 1.069718 cm^-1
Step 5 cycle 6:
Step 5.1: Matching observed lines to transitions & grading...
  Matching complete.
Step 5.2: Resolving conflicts...
  Max number of conflicting assignments: 4
  Total number of conflicting assignments: 535
Step 5.3: Weeding assignments (iterative)...
  Baseline: Step1=10058, Step2=203, Step3=349, Accepted=5252
  Iteration 1: Step1=10069, Step2=197, Step3=344, Accepted=5251
  Iteration 1: 1 changes (+0 accepted, -1 rejected)
  Iteration 2: Step1=10069, Step2=197, Step3=344, Accepted=5251
  Iteration 2: 0 changes (+0 accepted, -0 rejected)
  Converged after 2 iteration(s).
  Blacklisted 1084 oscillating transition(s) (cumulative).
Weeding complete. Decisions made: 10069 in Step1, 197 in Step2, 344 in Step3
  Total number of accepted assignments: 5251
  Blacklisted 26 transition(s) oscillating between cycles.
  Accepted assignments: 5251, max energy change in optimization: 0.564690 cm^-1
Step 5 cycle 7:
Step 5.1: Matching observed lines to transitions & grading...
  Matching complete.
Step 5.2: Resolving conflicts...
  Max number of conflicting assignments: 4
  Total number of conflicting assignments: 533
Step 5.3: Weeding assignments (iterative)...
  Baseline: Step1=10050, Step2=199, Step3=360, Accepted=5248
  Iteration 1: Step1=10060, Step2=194, Step3=355, Accepted=5247
  Iteration 1: 1 changes (+0 accepted, -1 rejected)
  Iteration 2: Step1=10060, Step2=194, Step3=355, Accepted=5247
  Iteration 2: 0 changes (+0 accepted, -0 rejected)
  Converged after 2 iteration(s).
  Blacklisted 1110 oscillating transition(s) (cumulative).
Weeding complete. Decisions made: 10060 in Step1, 194 in Step2, 355 in Step3
  Total number of accepted assignments: 5247
  Blacklisted 1 transition(s) oscillating between cycles.
  Accepted assignments: 5247, max energy change in optimization: 0.486357 cm^-1
Step 5 cycle 8:
Step 5.1: Matching observed lines to transitions & grading...
  Matching complete.
Step 5.2: Resolving conflicts...
  Max number of conflicting assignments: 4
  Total number of conflicting assignments: 530
Step 5.3: Weeding assignments (iterative)...
  Baseline: Step1=10040, Step2=198, Step3=358, Accepted=5248
  Iteration 1: Step1=10050, Step2=193, Step3=353, Accepted=5247
  Iteration 1: 1 changes (+0 accepted, -1 rejected)
  Iteration 2: Step1=10050, Step2=193, Step3=353, Accepted=5247
  Iteration 2: 0 changes (+0 accepted, -0 rejected)
  Converged after 2 iteration(s).
  Blacklisted 1111 oscillating transition(s) (cumulative).
Weeding complete. Decisions made: 10050 in Step1, 193 in Step2, 353 in Step3
  Total number of accepted assignments: 5247
  Blacklisted 5 transition(s) oscillating between cycles.
  Accepted assignments: 5247, max energy change in optimization: 0.000806 cm^-1
  Building output...
============================================================
Done.
============================================================

DELTA -11.3 cm^-1 (0.1 min): real accepted=4842 (-42 vs baseline), accepted decoy lines=405, decoys with >=1 line: 154 of 209
  real levels with changed support: 164 of 593

============================================================
classify_lines.py — Spectral Line Classification for Pr III
DECOY RUN: shadow copies of the new levels displaced by +-9.7 cm^-1
============================================================
Step 1: Reading energy levels...
  Read 593 energy levels.
Step 2: Reading calculated transitions...
  Read 30206 calculated transitions.
  Added 209 decoy levels (displaced by +-9.7 cm^-1) and 42958 decoy Icalc entries.
Step 3: Reading observed spectral lines...
  Read 6667 observed lines.
Step 4: Generating all possible transitions...
  Generated 51559 possible transitions.
  2042 of them are absent from Icalc.xlsx and were given an imputed intensity.
Step 5 cycle 1:
Step 5.1: Matching observed lines to transitions & grading...
  Matching complete.
Step 5.2: Resolving conflicts...
  Max number of conflicting assignments: 3
  Total number of conflicting assignments: 253
Step 5.3: Weeding assignments (iterative)...
  Baseline: Step1=8377, Step2=182, Step3=196, Accepted=4932
  Iteration 1: Step1=8377, Step2=182, Step3=196, Accepted=4932
  Iteration 1: 0 changes (+0 accepted, -0 rejected)
  Converged after 1 iteration(s).
Weeding complete. Decisions made: 8377 in Step1, 182 in Step2, 196 in Step3
  Total number of accepted assignments: 4932
  Accepted assignments: 4932, max energy change in optimization: 1.652651 cm^-1
Step 5 cycle 2:
Step 5.1: Matching observed lines to transitions & grading...
  Matching complete.
Step 5.2: Resolving conflicts...
  Max number of conflicting assignments: 6
  Total number of conflicting assignments: 752
Step 5.3: Weeding assignments (iterative)...
  Baseline: Step1=10936, Step2=236, Step3=264, Accepted=5290
  Iteration 1: Step1=10959, Step2=229, Step3=248, Accepted=5287
  Iteration 1: 3 changes (+0 accepted, -3 rejected)
  Iteration 2: Step1=10959, Step2=229, Step3=248, Accepted=5287
  Iteration 2: 0 changes (+0 accepted, -0 rejected)
  Converged after 2 iteration(s).
Weeding complete. Decisions made: 10959 in Step1, 229 in Step2, 248 in Step3
  Total number of accepted assignments: 5287
  Accepted assignments: 5287, max energy change in optimization: 1.897166 cm^-1
Step 5 cycle 3:
Step 5.1: Matching observed lines to transitions & grading...
  Matching complete.
Step 5.2: Resolving conflicts...
  Max number of conflicting assignments: 5
  Total number of conflicting assignments: 659
Step 5.3: Weeding assignments (iterative)...
  Baseline: Step1=10684, Step2=224, Step3=262, Accepted=5280
  Iteration 1: Step1=10640, Step2=230, Step3=300, Accepted=5284
  Iteration 1: 4 changes (+4 accepted, -0 rejected)
  Iteration 2: Step1=10640, Step2=230, Step3=300, Accepted=5284
  Iteration 2: 0 changes (+0 accepted, -0 rejected)
  Converged after 2 iteration(s).
Weeding complete. Decisions made: 10640 in Step1, 230 in Step2, 300 in Step3
  Total number of accepted assignments: 5284
  Blacklisted 838 transition(s) oscillating between cycles.
  Accepted assignments: 5284, max energy change in optimization: 1.422995 cm^-1
Step 5 cycle 4:
Step 5.1: Matching observed lines to transitions & grading...
  Matching complete.
Step 5.2: Resolving conflicts...
  Max number of conflicting assignments: 6
  Total number of conflicting assignments: 581
Step 5.3: Weeding assignments (iterative)...
  Baseline: Step1=10316, Step2=220, Step3=349, Accepted=5273
  Iteration 1: Step1=10342, Step2=212, Step3=331, Accepted=5272
  Iteration 1: 1 changes (+0 accepted, -1 rejected)
  Iteration 2: Step1=10342, Step2=212, Step3=331, Accepted=5272
  Iteration 2: 0 changes (+0 accepted, -0 rejected)
  Converged after 2 iteration(s).
  Blacklisted 838 oscillating transition(s) (cumulative).
Weeding complete. Decisions made: 10342 in Step1, 212 in Step2, 331 in Step3
  Total number of accepted assignments: 5272
  Blacklisted 290 transition(s) oscillating between cycles.
  Accepted assignments: 5272, max energy change in optimization: 0.564725 cm^-1
Step 5 cycle 5:
Step 5.1: Matching observed lines to transitions & grading...
  Matching complete.
Step 5.2: Resolving conflicts...
  Max number of conflicting assignments: 4
  Total number of conflicting assignments: 536
Step 5.3: Weeding assignments (iterative)...
  Baseline: Step1=10102, Step2=213, Step3=386, Accepted=5244
  Iteration 1: Step1=10113, Step2=211, Step3=377, Accepted=5244
  Iteration 1: 0 changes (+0 accepted, -0 rejected)
  Converged after 1 iteration(s).
  Blacklisted 1128 oscillating transition(s) (cumulative).
Weeding complete. Decisions made: 10113 in Step1, 211 in Step2, 377 in Step3
  Total number of accepted assignments: 5244
  Blacklisted 124 transition(s) oscillating between cycles.
  Accepted assignments: 5244, max energy change in optimization: 0.552964 cm^-1
Step 5 cycle 6:
Step 5.1: Matching observed lines to transitions & grading...
  Matching complete.
Step 5.2: Resolving conflicts...
  Max number of conflicting assignments: 4
  Total number of conflicting assignments: 528
Step 5.3: Weeding assignments (iterative)...
  Baseline: Step1=10026, Step2=215, Step3=429, Accepted=5248
  Iteration 1: Step1=10036, Step2=213, Step3=421, Accepted=5248
  Iteration 1: 0 changes (+0 accepted, -0 rejected)
  Converged after 1 iteration(s).
  Blacklisted 1252 oscillating transition(s) (cumulative).
Weeding complete. Decisions made: 10036 in Step1, 213 in Step2, 421 in Step3
  Total number of accepted assignments: 5248
  Blacklisted 32 transition(s) oscillating between cycles.
  Accepted assignments: 5248, max energy change in optimization: 0.188334 cm^-1
Step 5 cycle 7:
Step 5.1: Matching observed lines to transitions & grading...
  Matching complete.
Step 5.2: Resolving conflicts...
  Max number of conflicting assignments: 4
  Total number of conflicting assignments: 520
Step 5.3: Weeding assignments (iterative)...
  Baseline: Step1=9982, Step2=228, Step3=440, Accepted=5238
  Iteration 1: Step1=9987, Step2=225, Step3=438, Accepted=5238
  Iteration 1: 0 changes (+0 accepted, -0 rejected)
  Converged after 1 iteration(s).
  Blacklisted 1284 oscillating transition(s) (cumulative).
Weeding complete. Decisions made: 9987 in Step1, 225 in Step2, 438 in Step3
  Total number of accepted assignments: 5238
  Blacklisted 27 transition(s) oscillating between cycles.
  Accepted assignments: 5238, max energy change in optimization: 0.247180 cm^-1
Step 5 cycle 8:
Step 5.1: Matching observed lines to transitions & grading...
  Matching complete.
Step 5.2: Resolving conflicts...
  Max number of conflicting assignments: 4
  Total number of conflicting assignments: 529
Step 5.3: Weeding assignments (iterative)...
  Baseline: Step1=9975, Step2=219, Step3=462, Accepted=5237
  Iteration 1: Step1=9984, Step2=216, Step3=456, Accepted=5237
  Iteration 1: 0 changes (+0 accepted, -0 rejected)
  Converged after 1 iteration(s).
  Blacklisted 1311 oscillating transition(s) (cumulative).
Weeding complete. Decisions made: 9984 in Step1, 216 in Step2, 456 in Step3
  Total number of accepted assignments: 5237
  Blacklisted 7 transition(s) oscillating between cycles.
  Accepted assignments: 5237, max energy change in optimization: 0.966521 cm^-1
Step 5 cycle 9:
Step 5.1: Matching observed lines to transitions & grading...
  Matching complete.
Step 5.2: Resolving conflicts...
  Max number of conflicting assignments: 4
  Total number of conflicting assignments: 523
Step 5.3: Weeding assignments (iterative)...
  Baseline: Step1=9962, Step2=218, Step3=472, Accepted=5236
  Iteration 1: Step1=9972, Step2=215, Step3=465, Accepted=5236
  Iteration 1: 0 changes (+0 accepted, -0 rejected)
  Converged after 1 iteration(s).
  Blacklisted 1318 oscillating transition(s) (cumulative).
Weeding complete. Decisions made: 9972 in Step1, 215 in Step2, 465 in Step3
  Total number of accepted assignments: 5236
  Blacklisted 4 transition(s) oscillating between cycles.
  Accepted assignments: 5236, max energy change in optimization: 0.120002 cm^-1
Step 5 cycle 10:
Step 5.1: Matching observed lines to transitions & grading...
  Matching complete.
Step 5.2: Resolving conflicts...
  Max number of conflicting assignments: 4
  Total number of conflicting assignments: 522
Step 5.3: Weeding assignments (iterative)...
  Baseline: Step1=9959, Step2=216, Step3=472, Accepted=5234
  Iteration 1: Step1=9969, Step2=213, Step3=465, Accepted=5234
  Iteration 1: 0 changes (+0 accepted, -0 rejected)
  Converged after 1 iteration(s).
  Blacklisted 1322 oscillating transition(s) (cumulative).
Weeding complete. Decisions made: 9969 in Step1, 213 in Step2, 465 in Step3
  Total number of accepted assignments: 5234
  Accepted assignments: 5234, max energy change in optimization: 0.003132 cm^-1
Step 5 cycle 11:
Step 5.1: Matching observed lines to transitions & grading...
  Matching complete.
Step 5.2: Resolving conflicts...
  Max number of conflicting assignments: 4
  Total number of conflicting assignments: 520
Step 5.3: Weeding assignments (iterative)...
  Baseline: Step1=9952, Step2=215, Step3=465, Accepted=5234
  Iteration 1: Step1=9962, Step2=212, Step3=458, Accepted=5234
  Iteration 1: 0 changes (+0 accepted, -0 rejected)
  Converged after 1 iteration(s).
  Blacklisted 1322 oscillating transition(s) (cumulative).
Weeding complete. Decisions made: 9962 in Step1, 212 in Step2, 458 in Step3
  Total number of accepted assignments: 5234
  Accepted assignments: 5234, max energy change in optimization: 0.000659 cm^-1
  Building output...
============================================================
Done.
============================================================

DELTA -9.7 cm^-1 (0.1 min): real accepted=4821 (-63 vs baseline), accepted decoy lines=413, decoys with >=1 line: 163 of 209
  real levels with changed support: 194 of 593

============================================================
classify_lines.py — Spectral Line Classification for Pr III
DECOY RUN: shadow copies of the new levels displaced by +-8.3 cm^-1
============================================================
Step 1: Reading energy levels...
  Read 593 energy levels.
Step 2: Reading calculated transitions...
  Read 30206 calculated transitions.
  Added 209 decoy levels (displaced by +-8.3 cm^-1) and 42958 decoy Icalc entries.
Step 3: Reading observed spectral lines...
  Read 6667 observed lines.
Step 4: Generating all possible transitions...
  Generated 51559 possible transitions.
  2042 of them are absent from Icalc.xlsx and were given an imputed intensity.
Step 5 cycle 1:
Step 5.1: Matching observed lines to transitions & grading...
  Matching complete.
Step 5.2: Resolving conflicts...
  Max number of conflicting assignments: 3
  Total number of conflicting assignments: 251
Step 5.3: Weeding assignments (iterative)...
  Baseline: Step1=8371, Step2=171, Step3=187, Accepted=4898
  Iteration 1: Step1=8371, Step2=171, Step3=187, Accepted=4898
  Iteration 1: 0 changes (+0 accepted, -0 rejected)
  Converged after 1 iteration(s).
Weeding complete. Decisions made: 8371 in Step1, 171 in Step2, 187 in Step3
  Total number of accepted assignments: 4898
  Accepted assignments: 4898, max energy change in optimization: 1.420108 cm^-1
Step 5 cycle 2:
Step 5.1: Matching observed lines to transitions & grading...
  Matching complete.
Step 5.2: Resolving conflicts...
  Max number of conflicting assignments: 8
  Total number of conflicting assignments: 782
Step 5.3: Weeding assignments (iterative)...
  Baseline: Step1=10995, Step2=225, Step3=256, Accepted=5238
  Iteration 1: Step1=11018, Step2=219, Step3=239, Accepted=5234
  Iteration 1: 6 changes (+1 accepted, -5 rejected)
  Iteration 2: Step1=11018, Step2=219, Step3=239, Accepted=5234
  Iteration 2: 0 changes (+0 accepted, -0 rejected)
  Converged after 2 iteration(s).
Weeding complete. Decisions made: 11018 in Step1, 219 in Step2, 239 in Step3
  Total number of accepted assignments: 5234
  Accepted assignments: 5234, max energy change in optimization: 2.528210 cm^-1
Step 5 cycle 3:
Step 5.1: Matching observed lines to transitions & grading...
  Matching complete.
Step 5.2: Resolving conflicts...
  Max number of conflicting assignments: 5
  Total number of conflicting assignments: 595
Step 5.3: Weeding assignments (iterative)...
  Baseline: Step1=10457, Step2=218, Step3=249, Accepted=5207
  Iteration 1: Step1=10456, Step2=216, Step3=252, Accepted=5207
  Iteration 1: 4 changes (+2 accepted, -2 rejected)
  Iteration 2: Step1=10456, Step2=216, Step3=252, Accepted=5207
  Iteration 2: 0 changes (+0 accepted, -0 rejected)
  Converged after 2 iteration(s).
Weeding complete. Decisions made: 10456 in Step1, 216 in Step2, 252 in Step3
  Total number of accepted assignments: 5207
  Blacklisted 875 transition(s) oscillating between cycles.
  Accepted assignments: 5207, max energy change in optimization: 1.913445 cm^-1
Step 5 cycle 4:
Step 5.1: Matching observed lines to transitions & grading...
  Matching complete.
Step 5.2: Resolving conflicts...
  Max number of conflicting assignments: 4
  Total number of conflicting assignments: 554
Step 5.3: Weeding assignments (iterative)...
  Baseline: Step1=10234, Step2=208, Step3=337, Accepted=5205
  Iteration 1: Step1=10232, Step2=205, Step3=342, Accepted=5205
  Iteration 1: 2 changes (+1 accepted, -1 rejected)
  Iteration 2: Step1=10232, Step2=205, Step3=342, Accepted=5205
  Iteration 2: 0 changes (+0 accepted, -0 rejected)
  Converged after 2 iteration(s).
  Blacklisted 875 oscillating transition(s) (cumulative).
Weeding complete. Decisions made: 10232 in Step1, 205 in Step2, 342 in Step3
  Total number of accepted assignments: 5205
  Blacklisted 198 transition(s) oscillating between cycles.
  Accepted assignments: 5205, max energy change in optimization: 0.552631 cm^-1
Step 5 cycle 5:
Step 5.1: Matching observed lines to transitions & grading...
  Matching complete.
Step 5.2: Resolving conflicts...
  Max number of conflicting assignments: 4
  Total number of conflicting assignments: 509
Step 5.3: Weeding assignments (iterative)...
  Baseline: Step1=10112, Step2=200, Step3=351, Accepted=5196
  Iteration 1: Step1=10108, Step2=197, Step3=358, Accepted=5194
  Iteration 1: 4 changes (+1 accepted, -3 rejected)
  Iteration 2: Step1=10108, Step2=197, Step3=358, Accepted=5194
  Iteration 2: 0 changes (+0 accepted, -0 rejected)
  Converged after 2 iteration(s).
  Blacklisted 1073 oscillating transition(s) (cumulative).
Weeding complete. Decisions made: 10108 in Step1, 197 in Step2, 358 in Step3
  Total number of accepted assignments: 5194
  Blacklisted 102 transition(s) oscillating between cycles.
  Accepted assignments: 5194, max energy change in optimization: 0.864524 cm^-1
Step 5 cycle 6:
Step 5.1: Matching observed lines to transitions & grading...
  Matching complete.
Step 5.2: Resolving conflicts...
  Max number of conflicting assignments: 4
  Total number of conflicting assignments: 518
Step 5.3: Weeding assignments (iterative)...
  Baseline: Step1=10042, Step2=193, Step3=418, Accepted=5184
  Iteration 1: Step1=10052, Step2=186, Step3=415, Accepted=5182
  Iteration 1: 2 changes (+0 accepted, -2 rejected)
  Iteration 2: Step1=10052, Step2=186, Step3=415, Accepted=5182
  Iteration 2: 0 changes (+0 accepted, -0 rejected)
  Converged after 2 iteration(s).
  Blacklisted 1175 oscillating transition(s) (cumulative).
Weeding complete. Decisions made: 10052 in Step1, 186 in Step2, 415 in Step3
  Total number of accepted assignments: 5182
  Blacklisted 35 transition(s) oscillating between cycles.
  Accepted assignments: 5182, max energy change in optimization: 0.245665 cm^-1
Step 5 cycle 7:
Step 5.1: Matching observed lines to transitions & grading...
  Matching complete.
Step 5.2: Resolving conflicts...
  Max number of conflicting assignments: 4
  Total number of conflicting assignments: 507
Step 5.3: Weeding assignments (iterative)...
  Baseline: Step1=9975, Step2=199, Step3=421, Accepted=5191
  Iteration 1: Step1=9977, Step2=197, Step3=421, Accepted=5190
  Iteration 1: 1 changes (+0 accepted, -1 rejected)
  Iteration 2: Step1=9977, Step2=197, Step3=421, Accepted=5190
  Iteration 2: 0 changes (+0 accepted, -0 rejected)
  Converged after 2 iteration(s).
  Blacklisted 1210 oscillating transition(s) (cumulative).
Weeding complete. Decisions made: 9977 in Step1, 197 in Step2, 421 in Step3
  Total number of accepted assignments: 5190
  Blacklisted 32 transition(s) oscillating between cycles.
  Accepted assignments: 5190, max energy change in optimization: 0.445899 cm^-1
Step 5 cycle 8:
Step 5.1: Matching observed lines to transitions & grading...
  Matching complete.
Step 5.2: Resolving conflicts...
  Max number of conflicting assignments: 4
  Total number of conflicting assignments: 507
Step 5.3: Weeding assignments (iterative)...
  Baseline: Step1=9979, Step2=192, Step3=445, Accepted=5194
  Iteration 1: Step1=9987, Step2=187, Step3=442, Accepted=5193
  Iteration 1: 1 changes (+0 accepted, -1 rejected)
  Iteration 2: Step1=9987, Step2=187, Step3=442, Accepted=5193
  Iteration 2: 0 changes (+0 accepted, -0 rejected)
  Converged after 2 iteration(s).
  Blacklisted 1242 oscillating transition(s) (cumulative).
Weeding complete. Decisions made: 9987 in Step1, 187 in Step2, 442 in Step3
  Total number of accepted assignments: 5193
  Blacklisted 9 transition(s) oscillating between cycles.
  Accepted assignments: 5193, max energy change in optimization: 0.034877 cm^-1
Step 5 cycle 9:
Step 5.1: Matching observed lines to transitions & grading...
  Matching complete.
Step 5.2: Resolving conflicts...
  Max number of conflicting assignments: 4
  Total number of conflicting assignments: 503
Step 5.3: Weeding assignments (iterative)...
  Baseline: Step1=9966, Step2=189, Step3=455, Accepted=5191
  Iteration 1: Step1=9971, Step2=186, Step3=453, Accepted=5190
  Iteration 1: 1 changes (+0 accepted, -1 rejected)
  Iteration 2: Step1=9971, Step2=186, Step3=453, Accepted=5190
  Iteration 2: 0 changes (+0 accepted, -0 rejected)
  Converged after 2 iteration(s).
  Blacklisted 1251 oscillating transition(s) (cumulative).
Weeding complete. Decisions made: 9971 in Step1, 186 in Step2, 453 in Step3
  Total number of accepted assignments: 5190
  Blacklisted 2 transition(s) oscillating between cycles.
  Accepted assignments: 5190, max energy change in optimization: 0.026948 cm^-1
Step 5 cycle 10:
Step 5.1: Matching observed lines to transitions & grading...
  Matching complete.
Step 5.2: Resolving conflicts...
  Max number of conflicting assignments: 4
  Total number of conflicting assignments: 503
Step 5.3: Weeding assignments (iterative)...
  Baseline: Step1=9963, Step2=188, Step3=453, Accepted=5191
  Iteration 1: Step1=9968, Step2=185, Step3=451, Accepted=5190
  Iteration 1: 1 changes (+0 accepted, -1 rejected)
  Iteration 2: Step1=9968, Step2=185, Step3=451, Accepted=5190
  Iteration 2: 0 changes (+0 accepted, -0 rejected)
  Converged after 2 iteration(s).
  Blacklisted 1253 oscillating transition(s) (cumulative).
Weeding complete. Decisions made: 9968 in Step1, 185 in Step2, 451 in Step3
  Total number of accepted assignments: 5190
  Accepted assignments: 5190, max energy change in optimization: 0.000865 cm^-1
  Building output...
============================================================
Done.
============================================================

DELTA -8.3 cm^-1 (0.1 min): real accepted=4834 (-50 vs baseline), accepted decoy lines=356, decoys with >=1 line: 139 of 209
  real levels with changed support: 153 of 593

============================================================
classify_lines.py — Spectral Line Classification for Pr III
DECOY RUN: shadow copies of the new levels displaced by +-6.9 cm^-1
============================================================
Step 1: Reading energy levels...
  Read 593 energy levels.
Step 2: Reading calculated transitions...
  Read 30206 calculated transitions.
  Added 209 decoy levels (displaced by +-6.9 cm^-1) and 42958 decoy Icalc entries.
Step 3: Reading observed spectral lines...
  Read 6667 observed lines.
Step 4: Generating all possible transitions...
  Generated 51559 possible transitions.
  2042 of them are absent from Icalc.xlsx and were given an imputed intensity.
Step 5 cycle 1:
Step 5.1: Matching observed lines to transitions & grading...
  Matching complete.
Step 5.2: Resolving conflicts...
  Max number of conflicting assignments: 3
  Total number of conflicting assignments: 256
Step 5.3: Weeding assignments (iterative)...
  Baseline: Step1=8390, Step2=184, Step3=213, Accepted=4901
  Iteration 1: Step1=8390, Step2=184, Step3=213, Accepted=4901
  Iteration 1: 0 changes (+0 accepted, -0 rejected)
  Converged after 1 iteration(s).
Weeding complete. Decisions made: 8390 in Step1, 184 in Step2, 213 in Step3
  Total number of accepted assignments: 4901
  Accepted assignments: 4901, max energy change in optimization: 1.644231 cm^-1
Step 5 cycle 2:
Step 5.1: Matching observed lines to transitions & grading...
  Matching complete.
Step 5.2: Resolving conflicts...
  Max number of conflicting assignments: 6
  Total number of conflicting assignments: 697
Step 5.3: Weeding assignments (iterative)...
  Baseline: Step1=10731, Step2=246, Step3=264, Accepted=5228
  Iteration 1: Step1=10755, Step2=236, Step3=250, Accepted=5224
  Iteration 1: 4 changes (+0 accepted, -4 rejected)
  Iteration 2: Step1=10755, Step2=236, Step3=250, Accepted=5224
  Iteration 2: 0 changes (+0 accepted, -0 rejected)
  Converged after 2 iteration(s).
Weeding complete. Decisions made: 10755 in Step1, 236 in Step2, 250 in Step3
  Total number of accepted assignments: 5224
  Accepted assignments: 5224, max energy change in optimization: 5.297367 cm^-1
Step 5 cycle 3:
Step 5.1: Matching observed lines to transitions & grading...
  Matching complete.
Step 5.2: Resolving conflicts...
  Max number of conflicting assignments: 5
  Total number of conflicting assignments: 635
Step 5.3: Weeding assignments (iterative)...
  Baseline: Step1=10564, Step2=216, Step3=250, Accepted=5223
  Iteration 1: Step1=10560, Step2=213, Step3=257, Accepted=5224
  Iteration 1: 3 changes (+2 accepted, -1 rejected)
  Iteration 2: Step1=10560, Step2=213, Step3=257, Accepted=5224
  Iteration 2: 0 changes (+0 accepted, -0 rejected)
  Converged after 2 iteration(s).
Weeding complete. Decisions made: 10560 in Step1, 213 in Step2, 257 in Step3
  Total number of accepted assignments: 5224
  Blacklisted 728 transition(s) oscillating between cycles.
  Accepted assignments: 5224, max energy change in optimization: 2.187846 cm^-1
Step 5 cycle 4:
Step 5.1: Matching observed lines to transitions & grading...
  Matching complete.
Step 5.2: Resolving conflicts...
  Max number of conflicting assignments: 4
  Total number of conflicting assignments: 591
Step 5.3: Weeding assignments (iterative)...
  Baseline: Step1=10286, Step2=201, Step3=357, Accepted=5223
  Iteration 1: Step1=10301, Step2=195, Step3=348, Accepted=5223
  Iteration 1: 2 changes (+1 accepted, -1 rejected)
  Iteration 2: Step1=10301, Step2=195, Step3=348, Accepted=5223
  Iteration 2: 0 changes (+0 accepted, -0 rejected)
  Converged after 2 iteration(s).
  Blacklisted 728 oscillating transition(s) (cumulative).
Weeding complete. Decisions made: 10301 in Step1, 195 in Step2, 348 in Step3
  Total number of accepted assignments: 5223
  Blacklisted 235 transition(s) oscillating between cycles.
  Accepted assignments: 5223, max energy change in optimization: 2.137771 cm^-1
Step 5 cycle 5:
Step 5.1: Matching observed lines to transitions & grading...
  Matching complete.
Step 5.2: Resolving conflicts...
  Max number of conflicting assignments: 4
  Total number of conflicting assignments: 536
Step 5.3: Weeding assignments (iterative)...
  Baseline: Step1=10087, Step2=186, Step3=398, Accepted=5182
  Iteration 1: Step1=10096, Step2=182, Step3=393, Accepted=5182
  Iteration 1: 2 changes (+1 accepted, -1 rejected)
  Iteration 2: Step1=10096, Step2=182, Step3=393, Accepted=5182
  Iteration 2: 0 changes (+0 accepted, -0 rejected)
  Converged after 2 iteration(s).
  Blacklisted 963 oscillating transition(s) (cumulative).
Weeding complete. Decisions made: 10096 in Step1, 182 in Step2, 393 in Step3
  Total number of accepted assignments: 5182
  Blacklisted 96 transition(s) oscillating between cycles.
  Accepted assignments: 5182, max energy change in optimization: 1.737670 cm^-1
Step 5 cycle 6:
Step 5.1: Matching observed lines to transitions & grading...
  Matching complete.
Step 5.2: Resolving conflicts...
  Max number of conflicting assignments: 4
  Total number of conflicting assignments: 551
Step 5.3: Weeding assignments (iterative)...
  Baseline: Step1=10030, Step2=184, Step3=444, Accepted=5176
  Iteration 1: Step1=10042, Step2=179, Step3=437, Accepted=5176
  Iteration 1: 0 changes (+0 accepted, -0 rejected)
  Converged after 1 iteration(s).
  Blacklisted 1059 oscillating transition(s) (cumulative).
Weeding complete. Decisions made: 10042 in Step1, 179 in Step2, 437 in Step3
  Total number of accepted assignments: 5176
  Blacklisted 75 transition(s) oscillating between cycles.
  Accepted assignments: 5176, max energy change in optimization: 0.781266 cm^-1
Step 5 cycle 7:
Step 5.1: Matching observed lines to transitions & grading...
  Matching complete.
Step 5.2: Resolving conflicts...
  Max number of conflicting assignments: 4
  Total number of conflicting assignments: 538
Step 5.3: Weeding assignments (iterative)...
  Baseline: Step1=9972, Step2=182, Step3=457, Accepted=5165
  Iteration 1: Step1=9981, Step2=178, Step3=452, Accepted=5165
  Iteration 1: 0 changes (+0 accepted, -0 rejected)
  Converged after 1 iteration(s).
  Blacklisted 1134 oscillating transition(s) (cumulative).
Weeding complete. Decisions made: 9981 in Step1, 178 in Step2, 452 in Step3
  Total number of accepted assignments: 5165
  Blacklisted 5 transition(s) oscillating between cycles.
  Accepted assignments: 5165, max energy change in optimization: 0.491863 cm^-1
Step 5 cycle 8:
Step 5.1: Matching observed lines to transitions & grading...
  Matching complete.
Step 5.2: Resolving conflicts...
  Max number of conflicting assignments: 4
  Total number of conflicting assignments: 547
Step 5.3: Weeding assignments (iterative)...
  Baseline: Step1=9960, Step2=182, Step3=473, Accepted=5164
  Iteration 1: Step1=9969, Step2=178, Step3=468, Accepted=5164
  Iteration 1: 0 changes (+0 accepted, -0 rejected)
  Converged after 1 iteration(s).
  Blacklisted 1139 oscillating transition(s) (cumulative).
Weeding complete. Decisions made: 9969 in Step1, 178 in Step2, 468 in Step3
  Total number of accepted assignments: 5164
  Blacklisted 2 transition(s) oscillating between cycles.
  Accepted assignments: 5164, max energy change in optimization: 0.246713 cm^-1
Step 5 cycle 9:
Step 5.1: Matching observed lines to transitions & grading...
  Matching complete.
Step 5.2: Resolving conflicts...
  Max number of conflicting assignments: 4
  Total number of conflicting assignments: 549
Step 5.3: Weeding assignments (iterative)...
  Baseline: Step1=9966, Step2=180, Step3=474, Accepted=5164
  Iteration 1: Step1=9975, Step2=176, Step3=469, Accepted=5164
  Iteration 1: 0 changes (+0 accepted, -0 rejected)
  Converged after 1 iteration(s).
  Blacklisted 1141 oscillating transition(s) (cumulative).
Weeding complete. Decisions made: 9975 in Step1, 176 in Step2, 469 in Step3
  Total number of accepted assignments: 5164
  Blacklisted 5 transition(s) oscillating between cycles.
  Accepted assignments: 5164, max energy change in optimization: 0.000768 cm^-1
  Building output...
============================================================
Done.
============================================================

DELTA -6.9 cm^-1 (0.1 min): real accepted=4817 (-67 vs baseline), accepted decoy lines=347, decoys with >=1 line: 139 of 209
  real levels with changed support: 158 of 593

============================================================
classify_lines.py — Spectral Line Classification for Pr III
DECOY RUN: shadow copies of the new levels displaced by +-6.9 cm^-1
============================================================
Step 1: Reading energy levels...
  Read 593 energy levels.
Step 2: Reading calculated transitions...
  Read 30206 calculated transitions.
  Added 209 decoy levels (displaced by +-6.9 cm^-1) and 42958 decoy Icalc entries.
Step 3: Reading observed spectral lines...
  Read 6667 observed lines.
Step 4: Generating all possible transitions...
  Generated 51558 possible transitions.
  2042 of them are absent from Icalc.xlsx and were given an imputed intensity.
Step 5 cycle 1:
Step 5.1: Matching observed lines to transitions & grading...
  Matching complete.
Step 5.2: Resolving conflicts...
  Max number of conflicting assignments: 3
  Total number of conflicting assignments: 251
Step 5.3: Weeding assignments (iterative)...
  Baseline: Step1=8388, Step2=196, Step3=198, Accepted=4926
  Iteration 1: Step1=8388, Step2=196, Step3=198, Accepted=4926
  Iteration 1: 0 changes (+0 accepted, -0 rejected)
  Converged after 1 iteration(s).
Weeding complete. Decisions made: 8388 in Step1, 196 in Step2, 198 in Step3
  Total number of accepted assignments: 4926
  Accepted assignments: 4926, max energy change in optimization: 2.065552 cm^-1
Step 5 cycle 2:
Step 5.1: Matching observed lines to transitions & grading...
  Matching complete.
Step 5.2: Resolving conflicts...
  Max number of conflicting assignments: 8
  Total number of conflicting assignments: 717
Step 5.3: Weeding assignments (iterative)...
  Baseline: Step1=10970, Step2=240, Step3=256, Accepted=5276
  Iteration 1: Step1=10993, Step2=233, Step3=240, Accepted=5272
  Iteration 1: 4 changes (+0 accepted, -4 rejected)
  Iteration 2: Step1=10993, Step2=233, Step3=240, Accepted=5272
  Iteration 2: 0 changes (+0 accepted, -0 rejected)
  Converged after 2 iteration(s).
Weeding complete. Decisions made: 10993 in Step1, 233 in Step2, 240 in Step3
  Total number of accepted assignments: 5272
  Accepted assignments: 5272, max energy change in optimization: 5.982251 cm^-1
Step 5 cycle 3:
Step 5.1: Matching observed lines to transitions & grading...
  Matching complete.
Step 5.2: Resolving conflicts...
  Max number of conflicting assignments: 5
  Total number of conflicting assignments: 620
Step 5.3: Weeding assignments (iterative)...
  Baseline: Step1=10690, Step2=218, Step3=228, Accepted=5262
  Iteration 1: Step1=10684, Step2=213, Step3=239, Accepted=5261
  Iteration 1: 3 changes (+1 accepted, -2 rejected)
  Iteration 2: Step1=10684, Step2=213, Step3=239, Accepted=5261
  Iteration 2: 0 changes (+0 accepted, -0 rejected)
  Converged after 2 iteration(s).
Weeding complete. Decisions made: 10684 in Step1, 213 in Step2, 239 in Step3
  Total number of accepted assignments: 5261
  Blacklisted 828 transition(s) oscillating between cycles.
  Accepted assignments: 5261, max energy change in optimization: 3.691582 cm^-1
Step 5 cycle 4:
Step 5.1: Matching observed lines to transitions & grading...
  Matching complete.
Step 5.2: Resolving conflicts...
  Max number of conflicting assignments: 4
  Total number of conflicting assignments: 475
Step 5.3: Weeding assignments (iterative)...
  Baseline: Step1=10178, Step2=207, Step3=299, Accepted=5242
  Iteration 1: Step1=10182, Step2=203, Step3=299, Accepted=5240
  Iteration 1: 2 changes (+0 accepted, -2 rejected)
  Iteration 2: Step1=10182, Step2=203, Step3=299, Accepted=5240
  Iteration 2: 0 changes (+0 accepted, -0 rejected)
  Converged after 2 iteration(s).
  Blacklisted 828 oscillating transition(s) (cumulative).
Weeding complete. Decisions made: 10182 in Step1, 203 in Step2, 299 in Step3
  Total number of accepted assignments: 5240
  Blacklisted 359 transition(s) oscillating between cycles.
  Accepted assignments: 5240, max energy change in optimization: 1.893880 cm^-1
Step 5 cycle 5:
Step 5.1: Matching observed lines to transitions & grading...
  Matching complete.
Step 5.2: Resolving conflicts...
  Max number of conflicting assignments: 4
  Total number of conflicting assignments: 433
Step 5.3: Weeding assignments (iterative)...
  Baseline: Step1=10047, Step2=187, Step3=356, Accepted=5231
  Iteration 1: Step1=10064, Step2=181, Step3=345, Accepted=5231
  Iteration 1: 2 changes (+1 accepted, -1 rejected)
  Iteration 2: Step1=10064, Step2=181, Step3=345, Accepted=5231
  Iteration 2: 0 changes (+0 accepted, -0 rejected)
  Converged after 2 iteration(s).
  Blacklisted 1187 oscillating transition(s) (cumulative).
Weeding complete. Decisions made: 10064 in Step1, 181 in Step2, 345 in Step3
  Total number of accepted assignments: 5231
  Blacklisted 67 transition(s) oscillating between cycles.
  Accepted assignments: 5231, max energy change in optimization: 0.502190 cm^-1
Step 5 cycle 6:
Step 5.1: Matching observed lines to transitions & grading...
  Matching complete.
Step 5.2: Resolving conflicts...
  Max number of conflicting assignments: 4
  Total number of conflicting assignments: 431
Step 5.3: Weeding assignments (iterative)...
  Baseline: Step1=9995, Step2=188, Step3=375, Accepted=5223
  Iteration 1: Step1=10004, Step2=183, Step3=371, Accepted=5222
  Iteration 1: 1 changes (+0 accepted, -1 rejected)
  Iteration 2: Step1=10004, Step2=183, Step3=371, Accepted=5222
  Iteration 2: 0 changes (+0 accepted, -0 rejected)
  Converged after 2 iteration(s).
  Blacklisted 1254 oscillating transition(s) (cumulative).
Weeding complete. Decisions made: 10004 in Step1, 183 in Step2, 371 in Step3
  Total number of accepted assignments: 5222
  Blacklisted 18 transition(s) oscillating between cycles.
  Accepted assignments: 5222, max energy change in optimization: 0.192263 cm^-1
Step 5 cycle 7:
Step 5.1: Matching observed lines to transitions & grading...
  Matching complete.
Step 5.2: Resolving conflicts...
  Max number of conflicting assignments: 4
  Total number of conflicting assignments: 426
Step 5.3: Weeding assignments (iterative)...
  Baseline: Step1=9973, Step2=186, Step3=392, Accepted=5223
  Iteration 1: Step1=9985, Step2=179, Step3=387, Accepted=5222
  Iteration 1: 1 changes (+0 accepted, -1 rejected)
  Iteration 2: Step1=9985, Step2=179, Step3=387, Accepted=5222
  Iteration 2: 0 changes (+0 accepted, -0 rejected)
  Converged after 2 iteration(s).
  Blacklisted 1272 oscillating transition(s) (cumulative).
Weeding complete. Decisions made: 9985 in Step1, 179 in Step2, 387 in Step3
  Total number of accepted assignments: 5222
  Blacklisted 9 transition(s) oscillating between cycles.
  Accepted assignments: 5222, max energy change in optimization: 0.022015 cm^-1
Step 5 cycle 8:
Step 5.1: Matching observed lines to transitions & grading...
  Matching complete.
Step 5.2: Resolving conflicts...
  Max number of conflicting assignments: 4
  Total number of conflicting assignments: 423
Step 5.3: Weeding assignments (iterative)...
  Baseline: Step1=9974, Step2=185, Step3=401, Accepted=5222
  Iteration 1: Step1=9984, Step2=179, Step3=397, Accepted=5221
  Iteration 1: 1 changes (+0 accepted, -1 rejected)
  Iteration 2: Step1=9984, Step2=179, Step3=397, Accepted=5221
  Iteration 2: 0 changes (+0 accepted, -0 rejected)
  Converged after 2 iteration(s).
  Blacklisted 1281 oscillating transition(s) (cumulative).
Weeding complete. Decisions made: 9984 in Step1, 179 in Step2, 397 in Step3
  Total number of accepted assignments: 5221
  Blacklisted 2 transition(s) oscillating between cycles.
  Accepted assignments: 5221, max energy change in optimization: 0.043683 cm^-1
Step 5 cycle 9:
Step 5.1: Matching observed lines to transitions & grading...
  Matching complete.
Step 5.2: Resolving conflicts...
  Max number of conflicting assignments: 4
  Total number of conflicting assignments: 423
Step 5.3: Weeding assignments (iterative)...
  Baseline: Step1=9971, Step2=185, Step3=407, Accepted=5223
  Iteration 1: Step1=9981, Step2=179, Step3=403, Accepted=5222
  Iteration 1: 1 changes (+0 accepted, -1 rejected)
  Iteration 2: Step1=9981, Step2=179, Step3=403, Accepted=5222
  Iteration 2: 0 changes (+0 accepted, -0 rejected)
  Converged after 2 iteration(s).
  Blacklisted 1283 oscillating transition(s) (cumulative).
Weeding complete. Decisions made: 9981 in Step1, 179 in Step2, 403 in Step3
  Total number of accepted assignments: 5222
  Blacklisted 1 transition(s) oscillating between cycles.
  Accepted assignments: 5222, max energy change in optimization: 0.190001 cm^-1
Step 5 cycle 10:
Step 5.1: Matching observed lines to transitions & grading...
  Matching complete.
Step 5.2: Resolving conflicts...
  Max number of conflicting assignments: 4
  Total number of conflicting assignments: 419
Step 5.3: Weeding assignments (iterative)...
  Baseline: Step1=9957, Step2=181, Step3=402, Accepted=5221
  Iteration 1: Step1=9966, Step2=176, Step3=398, Accepted=5220
  Iteration 1: 1 changes (+0 accepted, -1 rejected)
  Iteration 2: Step1=9966, Step2=176, Step3=398, Accepted=5220
  Iteration 2: 0 changes (+0 accepted, -0 rejected)
  Converged after 2 iteration(s).
  Blacklisted 1284 oscillating transition(s) (cumulative).
Weeding complete. Decisions made: 9966 in Step1, 176 in Step2, 398 in Step3
  Total number of accepted assignments: 5220
  Blacklisted 5 transition(s) oscillating between cycles.
  Accepted assignments: 5220, max energy change in optimization: 0.211860 cm^-1
Step 5 cycle 11:
Step 5.1: Matching observed lines to transitions & grading...
  Matching complete.
Step 5.2: Resolving conflicts...
  Max number of conflicting assignments: 4
  Total number of conflicting assignments: 419
Step 5.3: Weeding assignments (iterative)...
  Baseline: Step1=9949, Step2=182, Step3=398, Accepted=5221
  Iteration 1: Step1=9961, Step2=177, Step3=391, Accepted=5220
  Iteration 1: 1 changes (+0 accepted, -1 rejected)
  Iteration 2: Step1=9961, Step2=177, Step3=391, Accepted=5220
  Iteration 2: 0 changes (+0 accepted, -0 rejected)
  Converged after 2 iteration(s).
  Blacklisted 1289 oscillating transition(s) (cumulative).
Weeding complete. Decisions made: 9961 in Step1, 177 in Step2, 391 in Step3
  Total number of accepted assignments: 5220
  Blacklisted 7 transition(s) oscillating between cycles.
  Accepted assignments: 5220, max energy change in optimization: 0.000933 cm^-1
  Building output...
============================================================
Done.
============================================================

DELTA +6.9 cm^-1 (0.1 min): real accepted=4860 (-24 vs baseline), accepted decoy lines=360, decoys with >=1 line: 145 of 209
  real levels with changed support: 144 of 593

============================================================
classify_lines.py — Spectral Line Classification for Pr III
DECOY RUN: shadow copies of the new levels displaced by +-8.3 cm^-1
============================================================
Step 1: Reading energy levels...
  Read 593 energy levels.
Step 2: Reading calculated transitions...
  Read 30206 calculated transitions.
  Added 209 decoy levels (displaced by +-8.3 cm^-1) and 42958 decoy Icalc entries.
Step 3: Reading observed spectral lines...
  Read 6667 observed lines.
Step 4: Generating all possible transitions...
  Generated 51558 possible transitions.
  2042 of them are absent from Icalc.xlsx and were given an imputed intensity.
Step 5 cycle 1:
Step 5.1: Matching observed lines to transitions & grading...
  Matching complete.
Step 5.2: Resolving conflicts...
  Max number of conflicting assignments: 3
  Total number of conflicting assignments: 257
Step 5.3: Weeding assignments (iterative)...
  Baseline: Step1=8365, Step2=180, Step3=192, Accepted=4926
  Iteration 1: Step1=8365, Step2=180, Step3=192, Accepted=4926
  Iteration 1: 0 changes (+0 accepted, -0 rejected)
  Converged after 1 iteration(s).
Weeding complete. Decisions made: 8365 in Step1, 180 in Step2, 192 in Step3
  Total number of accepted assignments: 4926
  Accepted assignments: 4926, max energy change in optimization: 1.465078 cm^-1
Step 5 cycle 2:
Step 5.1: Matching observed lines to transitions & grading...
  Matching complete.
Step 5.2: Resolving conflicts...
  Max number of conflicting assignments: 5
  Total number of conflicting assignments: 723
Step 5.3: Weeding assignments (iterative)...
  Baseline: Step1=10907, Step2=242, Step3=267, Accepted=5267
  Iteration 1: Step1=10926, Step2=238, Step3=252, Accepted=5260
  Iteration 1: 7 changes (+0 accepted, -7 rejected)
  Iteration 2: Step1=10926, Step2=238, Step3=252, Accepted=5260
  Iteration 2: 0 changes (+0 accepted, -0 rejected)
  Converged after 2 iteration(s).
Weeding complete. Decisions made: 10926 in Step1, 238 in Step2, 252 in Step3
  Total number of accepted assignments: 5260
  Accepted assignments: 5260, max energy change in optimization: 1.858360 cm^-1
Step 5 cycle 3:
Step 5.1: Matching observed lines to transitions & grading...
  Matching complete.
Step 5.2: Resolving conflicts...
  Max number of conflicting assignments: 7
  Total number of conflicting assignments: 603
Step 5.3: Weeding assignments (iterative)...
  Baseline: Step1=10592, Step2=225, Step3=236, Accepted=5239
  Iteration 1: Step1=10598, Step2=223, Step3=232, Accepted=5239
  Iteration 1: 2 changes (+1 accepted, -1 rejected)
  Iteration 2: Step1=10598, Step2=223, Step3=232, Accepted=5239
  Iteration 2: 0 changes (+0 accepted, -0 rejected)
  Converged after 2 iteration(s).
Weeding complete. Decisions made: 10598 in Step1, 223 in Step2, 232 in Step3
  Total number of accepted assignments: 5239
  Blacklisted 800 transition(s) oscillating between cycles.
  Accepted assignments: 5239, max energy change in optimization: 1.141909 cm^-1
Step 5 cycle 4:
Step 5.1: Matching observed lines to transitions & grading...
  Matching complete.
Step 5.2: Resolving conflicts...
  Max number of conflicting assignments: 4
  Total number of conflicting assignments: 527
Step 5.3: Weeding assignments (iterative)...
  Baseline: Step1=10280, Step2=211, Step3=304, Accepted=5241
  Iteration 1: Step1=10272, Step2=211, Step3=312, Accepted=5239
  Iteration 1: 6 changes (+2 accepted, -4 rejected)
  Iteration 2: Step1=10272, Step2=211, Step3=312, Accepted=5239
  Iteration 2: 0 changes (+0 accepted, -0 rejected)
  Converged after 2 iteration(s).
  Blacklisted 800 oscillating transition(s) (cumulative).
Weeding complete. Decisions made: 10272 in Step1, 211 in Step2, 312 in Step3
  Total number of accepted assignments: 5239
  Blacklisted 199 transition(s) oscillating between cycles.
  Accepted assignments: 5239, max energy change in optimization: 0.631770 cm^-1
Step 5 cycle 5:
Step 5.1: Matching observed lines to transitions & grading...
  Matching complete.
Step 5.2: Resolving conflicts...
  Max number of conflicting assignments: 4
  Total number of conflicting assignments: 505
Step 5.3: Weeding assignments (iterative)...
  Baseline: Step1=10138, Step2=205, Step3=330, Accepted=5226
  Iteration 1: Step1=10142, Step2=204, Step3=327, Accepted=5225
  Iteration 1: 1 changes (+0 accepted, -1 rejected)
  Iteration 2: Step1=10142, Step2=204, Step3=327, Accepted=5225
  Iteration 2: 0 changes (+0 accepted, -0 rejected)
  Converged after 2 iteration(s).
  Blacklisted 999 oscillating transition(s) (cumulative).
Weeding complete. Decisions made: 10142 in Step1, 204 in Step2, 327 in Step3
  Total number of accepted assignments: 5225
  Blacklisted 71 transition(s) oscillating between cycles.
  Accepted assignments: 5225, max energy change in optimization: 0.484722 cm^-1
Step 5 cycle 6:
Step 5.1: Matching observed lines to transitions & grading...
  Matching complete.
Step 5.2: Resolving conflicts...
  Max number of conflicting assignments: 4
  Total number of conflicting assignments: 501
Step 5.3: Weeding assignments (iterative)...
  Baseline: Step1=10091, Step2=204, Step3=356, Accepted=5218
  Iteration 1: Step1=10095, Step2=203, Step3=353, Accepted=5217
  Iteration 1: 1 changes (+0 accepted, -1 rejected)
  Iteration 2: Step1=10095, Step2=203, Step3=353, Accepted=5217
  Iteration 2: 0 changes (+0 accepted, -0 rejected)
  Converged after 2 iteration(s).
  Blacklisted 1070 oscillating transition(s) (cumulative).
Weeding complete. Decisions made: 10095 in Step1, 203 in Step2, 353 in Step3
  Total number of accepted assignments: 5217
  Blacklisted 46 transition(s) oscillating between cycles.
  Accepted assignments: 5217, max energy change in optimization: 0.095195 cm^-1
Step 5 cycle 7:
Step 5.1: Matching observed lines to transitions & grading...
  Matching complete.
Step 5.2: Resolving conflicts...
  Max number of conflicting assignments: 4
  Total number of conflicting assignments: 499
Step 5.3: Weeding assignments (iterative)...
  Baseline: Step1=10052, Step2=203, Step3=368, Accepted=5214
  Iteration 1: Step1=10056, Step2=202, Step3=365, Accepted=5213
  Iteration 1: 1 changes (+0 accepted, -1 rejected)
  Iteration 2: Step1=10056, Step2=202, Step3=365, Accepted=5213
  Iteration 2: 0 changes (+0 accepted, -0 rejected)
  Converged after 2 iteration(s).
  Blacklisted 1116 oscillating transition(s) (cumulative).
Weeding complete. Decisions made: 10056 in Step1, 202 in Step2, 365 in Step3
  Total number of accepted assignments: 5213
  Blacklisted 4 transition(s) oscillating between cycles.
  Accepted assignments: 5213, max energy change in optimization: 0.011085 cm^-1
Step 5 cycle 8:
Step 5.1: Matching observed lines to transitions & grading...
  Matching complete.
Step 5.2: Resolving conflicts...
  Max number of conflicting assignments: 4
  Total number of conflicting assignments: 499
Step 5.3: Weeding assignments (iterative)...
  Baseline: Step1=10047, Step2=205, Step3=366, Accepted=5213
  Iteration 1: Step1=10051, Step2=204, Step3=363, Accepted=5212
  Iteration 1: 1 changes (+0 accepted, -1 rejected)
  Iteration 2: Step1=10051, Step2=204, Step3=363, Accepted=5212
  Iteration 2: 0 changes (+0 accepted, -0 rejected)
  Converged after 2 iteration(s).
  Blacklisted 1120 oscillating transition(s) (cumulative).
Weeding complete. Decisions made: 10051 in Step1, 204 in Step2, 363 in Step3
  Total number of accepted assignments: 5212
  Blacklisted 1 transition(s) oscillating between cycles.
  Accepted assignments: 5212, max energy change in optimization: 0.008962 cm^-1
Step 5 cycle 9:
Step 5.1: Matching observed lines to transitions & grading...
  Matching complete.
Step 5.2: Resolving conflicts...
  Max number of conflicting assignments: 4
  Total number of conflicting assignments: 499
Step 5.3: Weeding assignments (iterative)...
  Baseline: Step1=10045, Step2=204, Step3=369, Accepted=5211
  Iteration 1: Step1=10049, Step2=203, Step3=366, Accepted=5210
  Iteration 1: 1 changes (+0 accepted, -1 rejected)
  Iteration 2: Step1=10049, Step2=203, Step3=366, Accepted=5210
  Iteration 2: 0 changes (+0 accepted, -0 rejected)
  Converged after 2 iteration(s).
  Blacklisted 1121 oscillating transition(s) (cumulative).
Weeding complete. Decisions made: 10049 in Step1, 203 in Step2, 366 in Step3
  Total number of accepted assignments: 5210
  Accepted assignments: 5210, max energy change in optimization: 0.004234 cm^-1
Step 5 cycle 10:
Step 5.1: Matching observed lines to transitions & grading...
  Matching complete.
Step 5.2: Resolving conflicts...
  Max number of conflicting assignments: 4
  Total number of conflicting assignments: 500
Step 5.3: Weeding assignments (iterative)...
  Baseline: Step1=10051, Step2=203, Step3=369, Accepted=5211
  Iteration 1: Step1=10055, Step2=202, Step3=366, Accepted=5210
  Iteration 1: 1 changes (+0 accepted, -1 rejected)
  Iteration 2: Step1=10055, Step2=202, Step3=366, Accepted=5210
  Iteration 2: 0 changes (+0 accepted, -0 rejected)
  Converged after 2 iteration(s).
  Blacklisted 1121 oscillating transition(s) (cumulative).
Weeding complete. Decisions made: 10055 in Step1, 202 in Step2, 366 in Step3
  Total number of accepted assignments: 5210
  Accepted assignments: 5210, max energy change in optimization: 0.000739 cm^-1
  Building output...
============================================================
Done.
============================================================

DELTA +8.3 cm^-1 (0.1 min): real accepted=4843 (-41 vs baseline), accepted decoy lines=367, decoys with >=1 line: 138 of 209
  real levels with changed support: 145 of 593

============================================================
classify_lines.py — Spectral Line Classification for Pr III
DECOY RUN: shadow copies of the new levels displaced by +-9.7 cm^-1
============================================================
Step 1: Reading energy levels...
  Read 593 energy levels.
Step 2: Reading calculated transitions...
  Read 30206 calculated transitions.
  Added 209 decoy levels (displaced by +-9.7 cm^-1) and 42958 decoy Icalc entries.
Step 3: Reading observed spectral lines...
  Read 6667 observed lines.
Step 4: Generating all possible transitions...
  Generated 51556 possible transitions.
  2042 of them are absent from Icalc.xlsx and were given an imputed intensity.
Step 5 cycle 1:
Step 5.1: Matching observed lines to transitions & grading...
  Matching complete.
Step 5.2: Resolving conflicts...
  Max number of conflicting assignments: 3
  Total number of conflicting assignments: 264
Step 5.3: Weeding assignments (iterative)...
  Baseline: Step1=8418, Step2=174, Step3=197, Accepted=4922
  Iteration 1: Step1=8418, Step2=174, Step3=197, Accepted=4922
  Iteration 1: 0 changes (+0 accepted, -0 rejected)
  Converged after 1 iteration(s).
Weeding complete. Decisions made: 8418 in Step1, 174 in Step2, 197 in Step3
  Total number of accepted assignments: 4922
  Accepted assignments: 4922, max energy change in optimization: 2.180725 cm^-1
Step 5 cycle 2:
Step 5.1: Matching observed lines to transitions & grading...
  Matching complete.
Step 5.2: Resolving conflicts...
  Max number of conflicting assignments: 19
  Total number of conflicting assignments: 986
Step 5.3: Weeding assignments (iterative)...
  Baseline: Step1=11238, Step2=250, Step3=288, Accepted=5279
  Iteration 1: Step1=11258, Step2=246, Step3=272, Accepted=5276
  Iteration 1: 3 changes (+0 accepted, -3 rejected)
  Iteration 2: Step1=11258, Step2=246, Step3=272, Accepted=5276
  Iteration 2: 0 changes (+0 accepted, -0 rejected)
  Converged after 2 iteration(s).
Weeding complete. Decisions made: 11258 in Step1, 246 in Step2, 272 in Step3
  Total number of accepted assignments: 5276
  Accepted assignments: 5276, max energy change in optimization: 2.244292 cm^-1
Step 5 cycle 3:
Step 5.1: Matching observed lines to transitions & grading...
  Matching complete.
Step 5.2: Resolving conflicts...
  Max number of conflicting assignments: 6
  Total number of conflicting assignments: 720
Step 5.3: Weeding assignments (iterative)...
  Baseline: Step1=10921, Step2=236, Step3=236, Accepted=5231
  Iteration 1: Step1=10879, Step2=236, Step3=278, Accepted=5234
  Iteration 1: 5 changes (+4 accepted, -1 rejected)
  Iteration 2: Step1=10879, Step2=236, Step3=278, Accepted=5234
  Iteration 2: 0 changes (+0 accepted, -0 rejected)
  Converged after 2 iteration(s).
Weeding complete. Decisions made: 10879 in Step1, 236 in Step2, 278 in Step3
  Total number of accepted assignments: 5234
  Blacklisted 1097 transition(s) oscillating between cycles.
  Accepted assignments: 5234, max energy change in optimization: 1.567196 cm^-1
Step 5 cycle 4:
Step 5.1: Matching observed lines to transitions & grading...
  Matching complete.
Step 5.2: Resolving conflicts...
  Max number of conflicting assignments: 4
  Total number of conflicting assignments: 628
Step 5.3: Weeding assignments (iterative)...
  Baseline: Step1=10503, Step2=225, Step3=477, Accepted=5260
  Iteration 1: Step1=10516, Step2=221, Step3=468, Accepted=5261
  Iteration 1: 3 changes (+2 accepted, -1 rejected)
  Iteration 2: Step1=10516, Step2=221, Step3=468, Accepted=5261
  Iteration 2: 0 changes (+0 accepted, -0 rejected)
  Converged after 2 iteration(s).
  Blacklisted 1097 oscillating transition(s) (cumulative).
Weeding complete. Decisions made: 10516 in Step1, 221 in Step2, 468 in Step3
  Total number of accepted assignments: 5261
  Blacklisted 507 transition(s) oscillating between cycles.
  Accepted assignments: 5261, max energy change in optimization: 0.912572 cm^-1
Step 5 cycle 5:
Step 5.1: Matching observed lines to transitions & grading...
  Matching complete.
Step 5.2: Resolving conflicts...
  Max number of conflicting assignments: 4
  Total number of conflicting assignments: 568
Step 5.3: Weeding assignments (iterative)...
  Baseline: Step1=10190, Step2=208, Step3=615, Accepted=5221
  Iteration 1: Step1=10178, Step2=211, Step3=624, Accepted=5221
  Iteration 1: 2 changes (+1 accepted, -1 rejected)
  Iteration 2: Step1=10178, Step2=211, Step3=624, Accepted=5221
  Iteration 2: 0 changes (+0 accepted, -0 rejected)
  Converged after 2 iteration(s).
  Blacklisted 1604 oscillating transition(s) (cumulative).
Weeding complete. Decisions made: 10178 in Step1, 211 in Step2, 624 in Step3
  Total number of accepted assignments: 5221
  Blacklisted 201 transition(s) oscillating between cycles.
  Accepted assignments: 5221, max energy change in optimization: 1.151370 cm^-1
Step 5 cycle 6:
Step 5.1: Matching observed lines to transitions & grading...
  Matching complete.
Step 5.2: Resolving conflicts...
  Max number of conflicting assignments: 4
  Total number of conflicting assignments: 509
Step 5.3: Weeding assignments (iterative)...
  Baseline: Step1=9933, Step2=205, Step3=656, Accepted=5181
  Iteration 1: Step1=9932, Step2=203, Step3=659, Accepted=5186
  Iteration 1: 5 changes (+5 accepted, -0 rejected)
  Iteration 2: Step1=9932, Step2=203, Step3=659, Accepted=5186
  Iteration 2: 0 changes (+0 accepted, -0 rejected)
  Converged after 2 iteration(s).
  Blacklisted 1805 oscillating transition(s) (cumulative).
Weeding complete. Decisions made: 9932 in Step1, 203 in Step2, 659 in Step3
  Total number of accepted assignments: 5186
  Blacklisted 146 transition(s) oscillating between cycles.
  Accepted assignments: 5186, max energy change in optimization: 0.271953 cm^-1
Step 5 cycle 7:
Step 5.1: Matching observed lines to transitions & grading...
  Matching complete.
Step 5.2: Resolving conflicts...
  Max number of conflicting assignments: 4
  Total number of conflicting assignments: 494
Step 5.3: Weeding assignments (iterative)...
  Baseline: Step1=9757, Step2=193, Step3=703, Accepted=5178
  Iteration 1: Step1=9760, Step2=190, Step3=703, Accepted=5180
  Iteration 1: 4 changes (+3 accepted, -1 rejected)
  Iteration 2: Step1=9760, Step2=190, Step3=703, Accepted=5180
  Iteration 2: 0 changes (+0 accepted, -0 rejected)
  Converged after 2 iteration(s).
  Blacklisted 1951 oscillating transition(s) (cumulative).
Weeding complete. Decisions made: 9760 in Step1, 190 in Step2, 703 in Step3
  Total number of accepted assignments: 5180
  Blacklisted 82 transition(s) oscillating between cycles.
  Accepted assignments: 5180, max energy change in optimization: 0.614736 cm^-1
Step 5 cycle 8:
Step 5.1: Matching observed lines to transitions & grading...
  Matching complete.
Step 5.2: Resolving conflicts...
  Max number of conflicting assignments: 4
  Total number of conflicting assignments: 494
Step 5.3: Weeding assignments (iterative)...
  Baseline: Step1=9702, Step2=198, Step3=749, Accepted=5176
  Iteration 1: Step1=9710, Step2=192, Step3=747, Accepted=5176
  Iteration 1: 2 changes (+1 accepted, -1 rejected)
  Iteration 2: Step1=9710, Step2=192, Step3=747, Accepted=5176
  Iteration 2: 0 changes (+0 accepted, -0 rejected)
  Converged after 2 iteration(s).
  Blacklisted 2033 oscillating transition(s) (cumulative).
Weeding complete. Decisions made: 9710 in Step1, 192 in Step2, 747 in Step3
  Total number of accepted assignments: 5176
  Blacklisted 47 transition(s) oscillating between cycles.
  Accepted assignments: 5176, max energy change in optimization: 0.140793 cm^-1
Step 5 cycle 9:
Step 5.1: Matching observed lines to transitions & grading...
  Matching complete.
Step 5.2: Resolving conflicts...
  Max number of conflicting assignments: 4
  Total number of conflicting assignments: 507
Step 5.3: Weeding assignments (iterative)...
  Baseline: Step1=9700, Step2=197, Step3=794, Accepted=5180
  Iteration 1: Step1=9702, Step2=194, Step3=795, Accepted=5181
  Iteration 1: 1 changes (+1 accepted, -0 rejected)
  Iteration 2: Step1=9702, Step2=194, Step3=795, Accepted=5181
  Iteration 2: 0 changes (+0 accepted, -0 rejected)
  Converged after 2 iteration(s).
  Blacklisted 2080 oscillating transition(s) (cumulative).
Weeding complete. Decisions made: 9702 in Step1, 194 in Step2, 795 in Step3
  Total number of accepted assignments: 5181
  Blacklisted 13 transition(s) oscillating between cycles.
  Accepted assignments: 5181, max energy change in optimization: 0.165653 cm^-1
Step 5 cycle 10:
Step 5.1: Matching observed lines to transitions & grading...
  Matching complete.
Step 5.2: Resolving conflicts...
  Max number of conflicting assignments: 4
  Total number of conflicting assignments: 500
Step 5.3: Weeding assignments (iterative)...
  Baseline: Step1=9683, Step2=192, Step3=799, Accepted=5176
  Iteration 1: Step1=9686, Step2=189, Step3=799, Accepted=5177
  Iteration 1: 1 changes (+1 accepted, -0 rejected)
  Iteration 2: Step1=9686, Step2=189, Step3=799, Accepted=5177
  Iteration 2: 0 changes (+0 accepted, -0 rejected)
  Converged after 2 iteration(s).
  Blacklisted 2093 oscillating transition(s) (cumulative).
Weeding complete. Decisions made: 9686 in Step1, 189 in Step2, 799 in Step3
  Total number of accepted assignments: 5177
  Blacklisted 37 transition(s) oscillating between cycles.
  Accepted assignments: 5177, max energy change in optimization: 0.097136 cm^-1
Step 5 cycle 11:
Step 5.1: Matching observed lines to transitions & grading...
  Matching complete.
Step 5.2: Resolving conflicts...
  Max number of conflicting assignments: 4
  Total number of conflicting assignments: 503
Step 5.3: Weeding assignments (iterative)...
  Baseline: Step1=9670, Step2=193, Step3=834, Accepted=5178
  Iteration 1: Step1=9675, Step2=190, Step3=832, Accepted=5179
  Iteration 1: 1 changes (+1 accepted, -0 rejected)
  Iteration 2: Step1=9675, Step2=190, Step3=832, Accepted=5179
  Iteration 2: 0 changes (+0 accepted, -0 rejected)
  Converged after 2 iteration(s).
  Blacklisted 2130 oscillating transition(s) (cumulative).
Weeding complete. Decisions made: 9675 in Step1, 190 in Step2, 832 in Step3
  Total number of accepted assignments: 5179
  Blacklisted 10 transition(s) oscillating between cycles.
  Accepted assignments: 5179, max energy change in optimization: 0.019965 cm^-1
Step 5 cycle 12:
Step 5.1: Matching observed lines to transitions & grading...
  Matching complete.
Step 5.2: Resolving conflicts...
  Max number of conflicting assignments: 4
  Total number of conflicting assignments: 503
Step 5.3: Weeding assignments (iterative)...
  Baseline: Step1=9665, Step2=192, Step3=834, Accepted=5180
  Iteration 1: Step1=9669, Step2=189, Step3=833, Accepted=5181
  Iteration 1: 1 changes (+1 accepted, -0 rejected)
  Iteration 2: Step1=9669, Step2=189, Step3=833, Accepted=5181
  Iteration 2: 0 changes (+0 accepted, -0 rejected)
  Converged after 2 iteration(s).
  Blacklisted 2140 oscillating transition(s) (cumulative).
Weeding complete. Decisions made: 9669 in Step1, 189 in Step2, 833 in Step3
  Total number of accepted assignments: 5181
  Blacklisted 1 transition(s) oscillating between cycles.
  Accepted assignments: 5181, max energy change in optimization: 0.016183 cm^-1
Step 5 cycle 13:
Step 5.1: Matching observed lines to transitions & grading...
  Matching complete.
Step 5.2: Resolving conflicts...
  Max number of conflicting assignments: 4
  Total number of conflicting assignments: 501
Step 5.3: Weeding assignments (iterative)...
  Baseline: Step1=9659, Step2=192, Step3=815, Accepted=5179
  Iteration 1: Step1=9663, Step2=189, Step3=814, Accepted=5180
  Iteration 1: 1 changes (+1 accepted, -0 rejected)
  Iteration 2: Step1=9663, Step2=189, Step3=814, Accepted=5180
  Iteration 2: 0 changes (+0 accepted, -0 rejected)
  Converged after 2 iteration(s).
  Blacklisted 2141 oscillating transition(s) (cumulative).
Weeding complete. Decisions made: 9663 in Step1, 189 in Step2, 814 in Step3
  Total number of accepted assignments: 5180
  Accepted assignments: 5180, max energy change in optimization: 0.013485 cm^-1
Step 5 cycle 14:
Step 5.1: Matching observed lines to transitions & grading...
  Matching complete.
Step 5.2: Resolving conflicts...
  Max number of conflicting assignments: 4
  Total number of conflicting assignments: 502
Step 5.3: Weeding assignments (iterative)...
  Baseline: Step1=9659, Step2=192, Step3=814, Accepted=5178
  Iteration 1: Step1=9664, Step2=189, Step3=812, Accepted=5179
  Iteration 1: 1 changes (+1 accepted, -0 rejected)
  Iteration 2: Step1=9664, Step2=189, Step3=812, Accepted=5179
  Iteration 2: 0 changes (+0 accepted, -0 rejected)
  Converged after 2 iteration(s).
  Blacklisted 2141 oscillating transition(s) (cumulative).
Weeding complete. Decisions made: 9664 in Step1, 189 in Step2, 812 in Step3
  Total number of accepted assignments: 5179
  Accepted assignments: 5179, max energy change in optimization: 0.000729 cm^-1
Step 5 cycle 15:
Step 5.1: Matching observed lines to transitions & grading...
  Matching complete.
Step 5.2: Resolving conflicts...
  Max number of conflicting assignments: 4
  Total number of conflicting assignments: 502
Step 5.3: Weeding assignments (iterative)...
  Baseline: Step1=9660, Step2=192, Step3=814, Accepted=5178
  Iteration 1: Step1=9665, Step2=189, Step3=812, Accepted=5179
  Iteration 1: 1 changes (+1 accepted, -0 rejected)
  Iteration 2: Step1=9665, Step2=189, Step3=812, Accepted=5179
  Iteration 2: 0 changes (+0 accepted, -0 rejected)
  Converged after 2 iteration(s).
  Blacklisted 2141 oscillating transition(s) (cumulative).
Weeding complete. Decisions made: 9665 in Step1, 189 in Step2, 812 in Step3
  Total number of accepted assignments: 5179
  Accepted assignments: 5179, max energy change in optimization: 0.000593 cm^-1
  Building output...
============================================================
Done.
============================================================

DELTA +9.7 cm^-1 (0.1 min): real accepted=4793 (-91 vs baseline), accepted decoy lines=386, decoys with >=1 line: 148 of 209
  real levels with changed support: 224 of 593

============================================================
classify_lines.py — Spectral Line Classification for Pr III
DECOY RUN: shadow copies of the new levels displaced by +-11.3 cm^-1
============================================================
Step 1: Reading energy levels...
  Read 593 energy levels.
Step 2: Reading calculated transitions...
  Read 30206 calculated transitions.
  Added 209 decoy levels (displaced by +-11.3 cm^-1) and 42958 decoy Icalc entries.
Step 3: Reading observed spectral lines...
  Read 6667 observed lines.
Step 4: Generating all possible transitions...
  Generated 51556 possible transitions.
  2042 of them are absent from Icalc.xlsx and were given an imputed intensity.
Step 5 cycle 1:
Step 5.1: Matching observed lines to transitions & grading...
  Matching complete.
Step 5.2: Resolving conflicts...
  Max number of conflicting assignments: 3
  Total number of conflicting assignments: 250
Step 5.3: Weeding assignments (iterative)...
  Baseline: Step1=8386, Step2=173, Step3=196, Accepted=4919
  Iteration 1: Step1=8386, Step2=173, Step3=196, Accepted=4919
  Iteration 1: 0 changes (+0 accepted, -0 rejected)
  Converged after 1 iteration(s).
Weeding complete. Decisions made: 8386 in Step1, 173 in Step2, 196 in Step3
  Total number of accepted assignments: 4919
  Accepted assignments: 4919, max energy change in optimization: 1.968044 cm^-1
Step 5 cycle 2:
Step 5.1: Matching observed lines to transitions & grading...
  Matching complete.
Step 5.2: Resolving conflicts...
  Max number of conflicting assignments: 6
  Total number of conflicting assignments: 714
Step 5.3: Weeding assignments (iterative)...
  Baseline: Step1=10952, Step2=246, Step3=247, Accepted=5283
  Iteration 1: Step1=10977, Step2=237, Step3=231, Accepted=5276
  Iteration 1: 7 changes (+0 accepted, -7 rejected)
  Iteration 2: Step1=10977, Step2=237, Step3=231, Accepted=5276
  Iteration 2: 0 changes (+0 accepted, -0 rejected)
  Converged after 2 iteration(s).
Weeding complete. Decisions made: 10977 in Step1, 237 in Step2, 231 in Step3
  Total number of accepted assignments: 5276
  Accepted assignments: 5276, max energy change in optimization: 2.065414 cm^-1
Step 5 cycle 3:
Step 5.1: Matching observed lines to transitions & grading...
  Matching complete.
Step 5.2: Resolving conflicts...
  Max number of conflicting assignments: 4
  Total number of conflicting assignments: 549
Step 5.3: Weeding assignments (iterative)...
  Baseline: Step1=10473, Step2=228, Step3=215, Accepted=5252
  Iteration 1: Step1=10472, Step2=222, Step3=222, Accepted=5255
  Iteration 1: 3 changes (+3 accepted, -0 rejected)
  Iteration 2: Step1=10472, Step2=222, Step3=222, Accepted=5255
  Iteration 2: 0 changes (+0 accepted, -0 rejected)
  Converged after 2 iteration(s).
Weeding complete. Decisions made: 10472 in Step1, 222 in Step2, 222 in Step3
  Total number of accepted assignments: 5255
  Blacklisted 970 transition(s) oscillating between cycles.
  Accepted assignments: 5255, max energy change in optimization: 1.133326 cm^-1
Step 5 cycle 4:
Step 5.1: Matching observed lines to transitions & grading...
  Matching complete.
Step 5.2: Resolving conflicts...
  Max number of conflicting assignments: 5
  Total number of conflicting assignments: 505
Step 5.3: Weeding assignments (iterative)...
  Baseline: Step1=10061, Step2=214, Step3=334, Accepted=5226
  Iteration 1: Step1=10070, Step2=208, Step3=331, Accepted=5225
  Iteration 1: 1 changes (+0 accepted, -1 rejected)
  Iteration 2: Step1=10070, Step2=208, Step3=331, Accepted=5225
  Iteration 2: 0 changes (+0 accepted, -0 rejected)
  Converged after 2 iteration(s).
  Blacklisted 970 oscillating transition(s) (cumulative).
Weeding complete. Decisions made: 10070 in Step1, 208 in Step2, 331 in Step3
  Total number of accepted assignments: 5225
  Blacklisted 266 transition(s) oscillating between cycles.
  Accepted assignments: 5225, max energy change in optimization: 1.050701 cm^-1
Step 5 cycle 5:
Step 5.1: Matching observed lines to transitions & grading...
  Matching complete.
Step 5.2: Resolving conflicts...
  Max number of conflicting assignments: 4
  Total number of conflicting assignments: 486
Step 5.3: Weeding assignments (iterative)...
  Baseline: Step1=9935, Step2=194, Step3=398, Accepted=5213
  Iteration 1: Step1=9943, Step2=190, Step3=394, Accepted=5215
  Iteration 1: 2 changes (+2 accepted, -0 rejected)
  Iteration 2: Step1=9943, Step2=190, Step3=394, Accepted=5215
  Iteration 2: 0 changes (+0 accepted, -0 rejected)
  Converged after 2 iteration(s).
  Blacklisted 1236 oscillating transition(s) (cumulative).
Weeding complete. Decisions made: 9943 in Step1, 190 in Step2, 394 in Step3
  Total number of accepted assignments: 5215
  Blacklisted 99 transition(s) oscillating between cycles.
  Accepted assignments: 5215, max energy change in optimization: 1.585587 cm^-1
Step 5 cycle 6:
Step 5.1: Matching observed lines to transitions & grading...
  Matching complete.
Step 5.2: Resolving conflicts...
  Max number of conflicting assignments: 5
  Total number of conflicting assignments: 494
Step 5.3: Weeding assignments (iterative)...
  Baseline: Step1=9904, Step2=193, Step3=461, Accepted=5211
  Iteration 1: Step1=9913, Step2=186, Step3=459, Accepted=5210
  Iteration 1: 1 changes (+0 accepted, -1 rejected)
  Iteration 2: Step1=9913, Step2=186, Step3=459, Accepted=5210
  Iteration 2: 0 changes (+0 accepted, -0 rejected)
  Converged after 2 iteration(s).
  Blacklisted 1335 oscillating transition(s) (cumulative).
Weeding complete. Decisions made: 9913 in Step1, 186 in Step2, 459 in Step3
  Total number of accepted assignments: 5210
  Blacklisted 35 transition(s) oscillating between cycles.
  Accepted assignments: 5210, max energy change in optimization: 0.308348 cm^-1
Step 5 cycle 7:
Step 5.1: Matching observed lines to transitions & grading...
  Matching complete.
Step 5.2: Resolving conflicts...
  Max number of conflicting assignments: 5
  Total number of conflicting assignments: 470
Step 5.3: Weeding assignments (iterative)...
  Baseline: Step1=9819, Step2=193, Step3=455, Accepted=5205
  Iteration 1: Step1=9828, Step2=187, Step3=452, Accepted=5205
  Iteration 1: 0 changes (+0 accepted, -0 rejected)
  Converged after 1 iteration(s).
  Blacklisted 1370 oscillating transition(s) (cumulative).
Weeding complete. Decisions made: 9828 in Step1, 187 in Step2, 452 in Step3
  Total number of accepted assignments: 5205
  Blacklisted 33 transition(s) oscillating between cycles.
  Accepted assignments: 5205, max energy change in optimization: 0.119668 cm^-1
Step 5 cycle 8:
Step 5.1: Matching observed lines to transitions & grading...
  Matching complete.
Step 5.2: Resolving conflicts...
  Max number of conflicting assignments: 5
  Total number of conflicting assignments: 469
Step 5.3: Weeding assignments (iterative)...
  Baseline: Step1=9803, Step2=190, Step3=462, Accepted=5206
  Iteration 1: Step1=9813, Step2=184, Step3=458, Accepted=5206
  Iteration 1: 0 changes (+0 accepted, -0 rejected)
  Converged after 1 iteration(s).
  Blacklisted 1403 oscillating transition(s) (cumulative).
Weeding complete. Decisions made: 9813 in Step1, 184 in Step2, 458 in Step3
  Total number of accepted assignments: 5206
  Blacklisted 1 transition(s) oscillating between cycles.
  Accepted assignments: 5206, max energy change in optimization: 0.006717 cm^-1
Step 5 cycle 9:
Step 5.1: Matching observed lines to transitions & grading...
  Matching complete.
Step 5.2: Resolving conflicts...
  Max number of conflicting assignments: 5
  Total number of conflicting assignments: 469
Step 5.3: Weeding assignments (iterative)...
  Baseline: Step1=9802, Step2=190, Step3=463, Accepted=5205
  Iteration 1: Step1=9812, Step2=185, Step3=458, Accepted=5206
  Iteration 1: 1 changes (+1 accepted, -0 rejected)
  Iteration 2: Step1=9812, Step2=185, Step3=458, Accepted=5206
  Iteration 2: 0 changes (+0 accepted, -0 rejected)
  Converged after 2 iteration(s).
  Blacklisted 1404 oscillating transition(s) (cumulative).
Weeding complete. Decisions made: 9812 in Step1, 185 in Step2, 458 in Step3
  Total number of accepted assignments: 5206
  Accepted assignments: 5206, max energy change in optimization: 0.040297 cm^-1
Step 5 cycle 10:
Step 5.1: Matching observed lines to transitions & grading...
  Matching complete.
Step 5.2: Resolving conflicts...
  Max number of conflicting assignments: 5
  Total number of conflicting assignments: 468
Step 5.3: Weeding assignments (iterative)...
  Baseline: Step1=9802, Step2=191, Step3=461, Accepted=5207
  Iteration 1: Step1=9812, Step2=185, Step3=457, Accepted=5207
  Iteration 1: 0 changes (+0 accepted, -0 rejected)
  Converged after 1 iteration(s).
  Blacklisted 1404 oscillating transition(s) (cumulative).
Weeding complete. Decisions made: 9812 in Step1, 185 in Step2, 457 in Step3
  Total number of accepted assignments: 5207
  Accepted assignments: 5207, max energy change in optimization: 0.006556 cm^-1
Step 5 cycle 11:
Step 5.1: Matching observed lines to transitions & grading...
  Matching complete.
Step 5.2: Resolving conflicts...
  Max number of conflicting assignments: 5
  Total number of conflicting assignments: 468
Step 5.3: Weeding assignments (iterative)...
  Baseline: Step1=9800, Step2=191, Step3=463, Accepted=5207
  Iteration 1: Step1=9810, Step2=185, Step3=459, Accepted=5207
  Iteration 1: 0 changes (+0 accepted, -0 rejected)
  Converged after 1 iteration(s).
  Blacklisted 1404 oscillating transition(s) (cumulative).
Weeding complete. Decisions made: 9810 in Step1, 185 in Step2, 459 in Step3
  Total number of accepted assignments: 5207
  Accepted assignments: 5207, max energy change in optimization: 0.000719 cm^-1
  Building output...
============================================================
Done.
============================================================

DELTA +11.3 cm^-1 (0.1 min): real accepted=4828 (-56 vs baseline), accepted decoy lines=379, decoys with >=1 line: 144 of 209
  real levels with changed support: 170 of 593

============================================================
IN-SITU DECOY SUMMARY
============================================================
8 runs x 209 decoys = 1672 decoy trials

Accepted decoy lines per run: mean = 376.6, range = 347..413
Mean decoys per run with at least n accepted lines (= expected false new-level confirmations at support >= n, any dE):
  n >= 1: 146.25 of 209
  n >= 2: 111.38 of 209
  n >= 3:  71.62 of 209
  n >= 4:  41.50 of 209
  n >= 5:  23.12 of 209
  n >= 6:  13.50 of 209
  n >= 7:   6.88 of 209
  n >= 8:   2.25 of 209

Perturbation of the real result by the decoy competition: mean accepted real assignments 4829.8 (baseline 4884); real levels with changed support: 169.0 of 593 per run

Written: F:\UMD\AI\as-ai\LineClass\decoy_mc_levels.csv (+ .xlsx twin)
Written: F:\UMD\AI\as-ai\LineClass\decoy_mc_real_levels.csv (+ .xlsx twin)
Written: F:\UMD\AI\as-ai\LineClass\decoy_mc_lines.csv (+ .xlsx twin)
Written: F:\UMD\AI\as-ai\LineClass\decoy_mc_summary.csv (+ .xlsx twin)

Run level_shifts.py for the criterion tables and the per-level spurious probabilities.
