missing-gA policy: impute
Tested (new*) levels: 209 of 593 (supported by more new than old identifications in the baseline run)
============================================================
classify_lines.py — Spectral Line Classification for Pr III
DECOY RUN: shadow copies of the new levels displaced by +-11.3 cm^-1
============================================================
Step 1: Reading energy levels...
  Read 593 energy levels.
Step 2: Reading calculated transitions...
  Read 30206 calculated transitions.
  Added 209 decoy levels (displaced by +-11.3 cm^-1) and 42958 decoy Icalc entries.
Step 3: Reading observed spectral lines...
  Transitions absent from Icalc.xlsx are imputed with gA = 175.8 s^-1 (cutoff 1000 s^-1), u_ln = 1.7383,
    through Icalc = 252.641 * gA * (rwn/1e8) * exp(-Eup/12365.9).
  Read 6667 observed lines.
Step 4: Generating all possible transitions...
  Generated 51559 possible transitions.
  2042 of them are absent from Icalc.xlsx and were given an imputed intensity.
Step 5 cycle 1:
Step 5.1: Matching observed lines to transitions & grading...
  Matching complete.
Step 5.2: Resolving conflicts...
  Max number of conflicting assignments: 3
  Total number of conflicting assignments: 255
Step 5.3: Weeding assignments (iterative)...
  Baseline: Step1=8378, Step2=177, Step3=203, Accepted=4952
  Iteration 1: Step1=8378, Step2=177, Step3=203, Accepted=4952
  Iteration 1: 0 changes (+0 accepted, -0 rejected)
  Converged after 1 iteration(s).
Weeding complete. Decisions made: 8378 in Step1, 177 in Step2, 203 in Step3
  Total number of accepted assignments: 4952
  Accepted assignments: 4952, max energy change in optimization: 2.354155 cm^-1
Step 5 cycle 2:
Step 5.1: Matching observed lines to transitions & grading...
  Matching complete.
Step 5.2: Resolving conflicts...
  Max number of conflicting assignments: 7
  Total number of conflicting assignments: 770
Step 5.3: Weeding assignments (iterative)...
  Baseline: Step1=10962, Step2=230, Step3=277, Accepted=5254
  Iteration 1: Step1=10983, Step2=222, Step3=264, Accepted=5249
  Iteration 1: 5 changes (+0 accepted, -5 rejected)
  Iteration 2: Step1=10983, Step2=222, Step3=264, Accepted=5249
  Iteration 2: 0 changes (+0 accepted, -0 rejected)
  Converged after 2 iteration(s).
Weeding complete. Decisions made: 10983 in Step1, 222 in Step2, 264 in Step3
  Total number of accepted assignments: 5249
  Accepted assignments: 5249, max energy change in optimization: 1.497520 cm^-1
Step 5 cycle 3:
Step 5.1: Matching observed lines to transitions & grading...
  Matching complete.
Step 5.2: Resolving conflicts...
  Max number of conflicting assignments: 5
  Total number of conflicting assignments: 588
Step 5.3: Weeding assignments (iterative)...
  Baseline: Step1=10554, Step2=204, Step3=234, Accepted=5251
  Iteration 1: Step1=10560, Step2=199, Step3=233, Accepted=5255
  Iteration 1: 4 changes (+4 accepted, -0 rejected)
  Iteration 2: Step1=10560, Step2=199, Step3=233, Accepted=5255
  Iteration 2: 0 changes (+0 accepted, -0 rejected)
  Converged after 2 iteration(s).
Weeding complete. Decisions made: 10560 in Step1, 199 in Step2, 233 in Step3
  Total number of accepted assignments: 5255
  Blacklisted 832 transition(s) oscillating between cycles.
  Accepted assignments: 5255, max energy change in optimization: 1.056271 cm^-1
Step 5 cycle 4:
Step 5.1: Matching observed lines to transitions & grading...
  Matching complete.
Step 5.2: Resolving conflicts...
  Max number of conflicting assignments: 5
  Total number of conflicting assignments: 543
Step 5.3: Weeding assignments (iterative)...
  Baseline: Step1=10325, Step2=209, Step3=290, Accepted=5258
  Iteration 1: Step1=10334, Step2=201, Step3=289, Accepted=5257
  Iteration 1: 1 changes (+0 accepted, -1 rejected)
  Iteration 2: Step1=10334, Step2=201, Step3=289, Accepted=5257
  Iteration 2: 0 changes (+0 accepted, -0 rejected)
  Converged after 2 iteration(s).
  Blacklisted 832 oscillating transition(s) (cumulative).
Weeding complete. Decisions made: 10334 in Step1, 201 in Step2, 289 in Step3
  Total number of accepted assignments: 5257
  Blacklisted 177 transition(s) oscillating between cycles.
  Accepted assignments: 5257, max energy change in optimization: 1.141289 cm^-1
Step 5 cycle 5:
Step 5.1: Matching observed lines to transitions & grading...
  Matching complete.
Step 5.2: Resolving conflicts...
  Max number of conflicting assignments: 5
  Total number of conflicting assignments: 526
Step 5.3: Weeding assignments (iterative)...
  Baseline: Step1=10147, Step2=200, Step3=323, Accepted=5257
  Iteration 1: Step1=10157, Step2=193, Step3=320, Accepted=5255
  Iteration 1: 2 changes (+0 accepted, -2 rejected)
  Iteration 2: Step1=10157, Step2=193, Step3=320, Accepted=5255
  Iteration 2: 0 changes (+0 accepted, -0 rejected)
  Converged after 2 iteration(s).
  Blacklisted 1009 oscillating transition(s) (cumulative).
Weeding complete. Decisions made: 10157 in Step1, 193 in Step2, 320 in Step3
  Total number of accepted assignments: 5255
  Blacklisted 64 transition(s) oscillating between cycles.
  Accepted assignments: 5255, max energy change in optimization: 1.069846 cm^-1
Step 5 cycle 6:
Step 5.1: Matching observed lines to transitions & grading...
  Matching complete.
Step 5.2: Resolving conflicts...
  Max number of conflicting assignments: 5
  Total number of conflicting assignments: 539
Step 5.3: Weeding assignments (iterative)...
  Baseline: Step1=10115, Step2=198, Step3=339, Accepted=5253
  Iteration 1: Step1=10125, Step2=192, Step3=335, Accepted=5253
  Iteration 1: 0 changes (+0 accepted, -0 rejected)
  Converged after 1 iteration(s).
  Blacklisted 1073 oscillating transition(s) (cumulative).
Weeding complete. Decisions made: 10125 in Step1, 192 in Step2, 335 in Step3
  Total number of accepted assignments: 5253
  Blacklisted 39 transition(s) oscillating between cycles.
  Accepted assignments: 5253, max energy change in optimization: 0.564633 cm^-1
Step 5 cycle 7:
Step 5.1: Matching observed lines to transitions & grading...
  Matching complete.
Step 5.2: Resolving conflicts...
  Max number of conflicting assignments: 5
  Total number of conflicting assignments: 535
Step 5.3: Weeding assignments (iterative)...
  Baseline: Step1=10104, Step2=193, Step3=350, Accepted=5247
  Iteration 1: Step1=10113, Step2=186, Step3=348, Accepted=5247
  Iteration 1: 0 changes (+0 accepted, -0 rejected)
  Converged after 1 iteration(s).
  Blacklisted 1112 oscillating transition(s) (cumulative).
Weeding complete. Decisions made: 10113 in Step1, 186 in Step2, 348 in Step3
  Total number of accepted assignments: 5247
  Blacklisted 12 transition(s) oscillating between cycles.
  Accepted assignments: 5247, max energy change in optimization: 0.486201 cm^-1
Step 5 cycle 8:
Step 5.1: Matching observed lines to transitions & grading...
  Matching complete.
Step 5.2: Resolving conflicts...
  Max number of conflicting assignments: 5
  Total number of conflicting assignments: 534
Step 5.3: Weeding assignments (iterative)...
  Baseline: Step1=10076, Step2=191, Step3=357, Accepted=5247
  Iteration 1: Step1=10085, Step2=185, Step3=354, Accepted=5247
  Iteration 1: 0 changes (+0 accepted, -0 rejected)
  Converged after 1 iteration(s).
  Blacklisted 1124 oscillating transition(s) (cumulative).
Weeding complete. Decisions made: 10085 in Step1, 185 in Step2, 354 in Step3
  Total number of accepted assignments: 5247
  Blacklisted 6 transition(s) oscillating between cycles.
  Accepted assignments: 5247, max energy change in optimization: 0.000908 cm^-1
  Building output...
============================================================
Done.
============================================================

DELTA -11.3 cm^-1 (0.1 min): real accepted=4848 (-32 vs baseline), accepted decoy lines=399, decoys with >=1 line: 153 of 209
  real levels with changed support: 137 of 593

============================================================
classify_lines.py — Spectral Line Classification for Pr III
DECOY RUN: shadow copies of the new levels displaced by +-9.7 cm^-1
============================================================
Step 1: Reading energy levels...
  Read 593 energy levels.
Step 2: Reading calculated transitions...
  Read 30206 calculated transitions.
  Added 209 decoy levels (displaced by +-9.7 cm^-1) and 42958 decoy Icalc entries.
Step 3: Reading observed spectral lines...
  Read 6667 observed lines.
Step 4: Generating all possible transitions...
  Generated 51559 possible transitions.
  2042 of them are absent from Icalc.xlsx and were given an imputed intensity.
Step 5 cycle 1:
Step 5.1: Matching observed lines to transitions & grading...
  Matching complete.
Step 5.2: Resolving conflicts...
  Max number of conflicting assignments: 3
  Total number of conflicting assignments: 253
Step 5.3: Weeding assignments (iterative)...
  Baseline: Step1=8380, Step2=178, Step3=197, Accepted=4929
  Iteration 1: Step1=8380, Step2=178, Step3=197, Accepted=4929
  Iteration 1: 0 changes (+0 accepted, -0 rejected)
  Converged after 1 iteration(s).
Weeding complete. Decisions made: 8380 in Step1, 178 in Step2, 197 in Step3
  Total number of accepted assignments: 4929
  Accepted assignments: 4929, max energy change in optimization: 1.652651 cm^-1
Step 5 cycle 2:
Step 5.1: Matching observed lines to transitions & grading...
  Matching complete.
Step 5.2: Resolving conflicts...
  Max number of conflicting assignments: 6
  Total number of conflicting assignments: 751
Step 5.3: Weeding assignments (iterative)...
  Baseline: Step1=10943, Step2=233, Step3=260, Accepted=5285
  Iteration 1: Step1=10966, Step2=226, Step3=244, Accepted=5282
  Iteration 1: 3 changes (+0 accepted, -3 rejected)
  Iteration 2: Step1=10966, Step2=226, Step3=244, Accepted=5282
  Iteration 2: 0 changes (+0 accepted, -0 rejected)
  Converged after 2 iteration(s).
Weeding complete. Decisions made: 10966 in Step1, 226 in Step2, 244 in Step3
  Total number of accepted assignments: 5282
  Accepted assignments: 5282, max energy change in optimization: 1.900261 cm^-1
Step 5 cycle 3:
Step 5.1: Matching observed lines to transitions & grading...
  Matching complete.
Step 5.2: Resolving conflicts...
  Max number of conflicting assignments: 5
  Total number of conflicting assignments: 644
Step 5.3: Weeding assignments (iterative)...
  Baseline: Step1=10660, Step2=218, Step3=257, Accepted=5270
  Iteration 1: Step1=10616, Step2=224, Step3=295, Accepted=5274
  Iteration 1: 4 changes (+4 accepted, -0 rejected)
  Iteration 2: Step1=10616, Step2=224, Step3=295, Accepted=5274
  Iteration 2: 0 changes (+0 accepted, -0 rejected)
  Converged after 2 iteration(s).
Weeding complete. Decisions made: 10616 in Step1, 224 in Step2, 295 in Step3
  Total number of accepted assignments: 5274
  Blacklisted 851 transition(s) oscillating between cycles.
  Accepted assignments: 5274, max energy change in optimization: 1.424045 cm^-1
Step 5 cycle 4:
Step 5.1: Matching observed lines to transitions & grading...
  Matching complete.
Step 5.2: Resolving conflicts...
  Max number of conflicting assignments: 5
  Total number of conflicting assignments: 570
Step 5.3: Weeding assignments (iterative)...
  Baseline: Step1=10253, Step2=225, Step3=371, Accepted=5262
  Iteration 1: Step1=10279, Step2=217, Step3=353, Accepted=5261
  Iteration 1: 1 changes (+0 accepted, -1 rejected)
  Iteration 2: Step1=10279, Step2=217, Step3=353, Accepted=5261
  Iteration 2: 0 changes (+0 accepted, -0 rejected)
  Converged after 2 iteration(s).
  Blacklisted 851 oscillating transition(s) (cumulative).
Weeding complete. Decisions made: 10279 in Step1, 217 in Step2, 353 in Step3
  Total number of accepted assignments: 5261
  Blacklisted 281 transition(s) oscillating between cycles.
  Accepted assignments: 5261, max energy change in optimization: 0.490944 cm^-1
Step 5 cycle 5:
Step 5.1: Matching observed lines to transitions & grading...
  Matching complete.
Step 5.2: Resolving conflicts...
  Max number of conflicting assignments: 4
  Total number of conflicting assignments: 532
Step 5.3: Weeding assignments (iterative)...
  Baseline: Step1=10084, Step2=208, Step3=393, Accepted=5246
  Iteration 1: Step1=10095, Step2=205, Step3=385, Accepted=5246
  Iteration 1: 0 changes (+0 accepted, -0 rejected)
  Converged after 1 iteration(s).
  Blacklisted 1132 oscillating transition(s) (cumulative).
Weeding complete. Decisions made: 10095 in Step1, 205 in Step2, 385 in Step3
  Total number of accepted assignments: 5246
  Blacklisted 111 transition(s) oscillating between cycles.
  Accepted assignments: 5246, max energy change in optimization: 0.788689 cm^-1
Step 5 cycle 6:
Step 5.1: Matching observed lines to transitions & grading...
  Matching complete.
Step 5.2: Resolving conflicts...
  Max number of conflicting assignments: 4
  Total number of conflicting assignments: 548
Step 5.3: Weeding assignments (iterative)...
  Baseline: Step1=10035, Step2=210, Step3=426, Accepted=5245
  Iteration 1: Step1=10046, Step2=207, Step3=418, Accepted=5245
  Iteration 1: 0 changes (+0 accepted, -0 rejected)
  Converged after 1 iteration(s).
  Blacklisted 1243 oscillating transition(s) (cumulative).
Weeding complete. Decisions made: 10046 in Step1, 207 in Step2, 418 in Step3
  Total number of accepted assignments: 5245
  Blacklisted 25 transition(s) oscillating between cycles.
  Accepted assignments: 5245, max energy change in optimization: 0.447375 cm^-1
Step 5 cycle 7:
Step 5.1: Matching observed lines to transitions & grading...
  Matching complete.
Step 5.2: Resolving conflicts...
  Max number of conflicting assignments: 4
  Total number of conflicting assignments: 546
Step 5.3: Weeding assignments (iterative)...
  Baseline: Step1=10022, Step2=204, Step3=442, Accepted=5239
  Iteration 1: Step1=10031, Step2=201, Step3=436, Accepted=5239
  Iteration 1: 0 changes (+0 accepted, -0 rejected)
  Converged after 1 iteration(s).
  Blacklisted 1268 oscillating transition(s) (cumulative).
Weeding complete. Decisions made: 10031 in Step1, 201 in Step2, 436 in Step3
  Total number of accepted assignments: 5239
  Blacklisted 6 transition(s) oscillating between cycles.
  Accepted assignments: 5239, max energy change in optimization: 0.247236 cm^-1
Step 5 cycle 8:
Step 5.1: Matching observed lines to transitions & grading...
  Matching complete.
Step 5.2: Resolving conflicts...
  Max number of conflicting assignments: 4
  Total number of conflicting assignments: 535
Step 5.3: Weeding assignments (iterative)...
  Baseline: Step1=10003, Step2=208, Step3=439, Accepted=5237
  Iteration 1: Step1=10012, Step2=205, Step3=433, Accepted=5237
  Iteration 1: 0 changes (+0 accepted, -0 rejected)
  Converged after 1 iteration(s).
  Blacklisted 1274 oscillating transition(s) (cumulative).
Weeding complete. Decisions made: 10012 in Step1, 205 in Step2, 433 in Step3
  Total number of accepted assignments: 5237
  Blacklisted 1 transition(s) oscillating between cycles.
  Accepted assignments: 5237, max energy change in optimization: 0.046892 cm^-1
Step 5 cycle 9:
Step 5.1: Matching observed lines to transitions & grading...
  Matching complete.
Step 5.2: Resolving conflicts...
  Max number of conflicting assignments: 4
  Total number of conflicting assignments: 537
Step 5.3: Weeding assignments (iterative)...
  Baseline: Step1=9988, Step2=214, Step3=443, Accepted=5241
  Iteration 1: Step1=10002, Step2=211, Step3=432, Accepted=5241
  Iteration 1: 0 changes (+0 accepted, -0 rejected)
  Converged after 1 iteration(s).
  Blacklisted 1275 oscillating transition(s) (cumulative).
Weeding complete. Decisions made: 10002 in Step1, 211 in Step2, 432 in Step3
  Total number of accepted assignments: 5241
  Accepted assignments: 5241, max energy change in optimization: 0.076557 cm^-1
Step 5 cycle 10:
Step 5.1: Matching observed lines to transitions & grading...
  Matching complete.
Step 5.2: Resolving conflicts...
  Max number of conflicting assignments: 4
  Total number of conflicting assignments: 538
Step 5.3: Weeding assignments (iterative)...
  Baseline: Step1=10006, Step2=213, Step3=449, Accepted=5238
  Iteration 1: Step1=10017, Step2=210, Step3=441, Accepted=5238
  Iteration 1: 0 changes (+0 accepted, -0 rejected)
  Converged after 1 iteration(s).
  Blacklisted 1275 oscillating transition(s) (cumulative).
Weeding complete. Decisions made: 10017 in Step1, 210 in Step2, 441 in Step3
  Total number of accepted assignments: 5238
  Blacklisted 2 transition(s) oscillating between cycles.
  Accepted assignments: 5238, max energy change in optimization: 0.329535 cm^-1
Step 5 cycle 11:
Step 5.1: Matching observed lines to transitions & grading...
  Matching complete.
Step 5.2: Resolving conflicts...
  Max number of conflicting assignments: 4
  Total number of conflicting assignments: 535
Step 5.3: Weeding assignments (iterative)...
  Baseline: Step1=10017, Step2=215, Step3=455, Accepted=5239
  Iteration 1: Step1=10029, Step2=213, Step3=445, Accepted=5239
  Iteration 1: 0 changes (+0 accepted, -0 rejected)
  Converged after 1 iteration(s).
  Blacklisted 1277 oscillating transition(s) (cumulative).
Weeding complete. Decisions made: 10029 in Step1, 213 in Step2, 445 in Step3
  Total number of accepted assignments: 5239
  Blacklisted 2 transition(s) oscillating between cycles.
  Accepted assignments: 5239, max energy change in optimization: 0.002845 cm^-1
Step 5 cycle 12:
Step 5.1: Matching observed lines to transitions & grading...
  Matching complete.
Step 5.2: Resolving conflicts...
  Max number of conflicting assignments: 4
  Total number of conflicting assignments: 536
Step 5.3: Weeding assignments (iterative)...
  Baseline: Step1=10018, Step2=215, Step3=454, Accepted=5238
  Iteration 1: Step1=10028, Step2=213, Step3=446, Accepted=5238
  Iteration 1: 0 changes (+0 accepted, -0 rejected)
  Converged after 1 iteration(s).
  Blacklisted 1279 oscillating transition(s) (cumulative).
Weeding complete. Decisions made: 10028 in Step1, 213 in Step2, 446 in Step3
  Total number of accepted assignments: 5238
  Accepted assignments: 5238, max energy change in optimization: 0.001210 cm^-1
Step 5 cycle 13:
Step 5.1: Matching observed lines to transitions & grading...
  Matching complete.
Step 5.2: Resolving conflicts...
  Max number of conflicting assignments: 4
  Total number of conflicting assignments: 536
Step 5.3: Weeding assignments (iterative)...
  Baseline: Step1=10017, Step2=215, Step3=455, Accepted=5237
  Iteration 1: Step1=10027, Step2=213, Step3=447, Accepted=5237
  Iteration 1: 0 changes (+0 accepted, -0 rejected)
  Converged after 1 iteration(s).
  Blacklisted 1279 oscillating transition(s) (cumulative).
Weeding complete. Decisions made: 10027 in Step1, 213 in Step2, 447 in Step3
  Total number of accepted assignments: 5237
  Accepted assignments: 5237, max energy change in optimization: 0.000855 cm^-1
Step 5 cycle 14:
Step 5.1: Matching observed lines to transitions & grading...
  Matching complete.
Step 5.2: Resolving conflicts...
  Max number of conflicting assignments: 4
  Total number of conflicting assignments: 536
Step 5.3: Weeding assignments (iterative)...
  Baseline: Step1=10013, Step2=216, Step3=455, Accepted=5237
  Iteration 1: Step1=10023, Step2=214, Step3=447, Accepted=5237
  Iteration 1: 0 changes (+0 accepted, -0 rejected)
  Converged after 1 iteration(s).
  Blacklisted 1279 oscillating transition(s) (cumulative).
Weeding complete. Decisions made: 10023 in Step1, 214 in Step2, 447 in Step3
  Total number of accepted assignments: 5237
  Accepted assignments: 5237, max energy change in optimization: 0.000757 cm^-1
  Building output...
============================================================
Done.
============================================================

DELTA -9.7 cm^-1 (0.2 min): real accepted=4821 (-59 vs baseline), accepted decoy lines=416, decoys with >=1 line: 161 of 209
  real levels with changed support: 180 of 593

============================================================
classify_lines.py — Spectral Line Classification for Pr III
DECOY RUN: shadow copies of the new levels displaced by +-8.3 cm^-1
============================================================
Step 1: Reading energy levels...
  Read 593 energy levels.
Step 2: Reading calculated transitions...
  Read 30206 calculated transitions.
  Added 209 decoy levels (displaced by +-8.3 cm^-1) and 42958 decoy Icalc entries.
Step 3: Reading observed spectral lines...
  Read 6667 observed lines.
Step 4: Generating all possible transitions...
  Generated 51559 possible transitions.
  2042 of them are absent from Icalc.xlsx and were given an imputed intensity.
Step 5 cycle 1:
Step 5.1: Matching observed lines to transitions & grading...
  Matching complete.
Step 5.2: Resolving conflicts...
  Max number of conflicting assignments: 3
  Total number of conflicting assignments: 251
Step 5.3: Weeding assignments (iterative)...
  Baseline: Step1=8369, Step2=170, Step3=190, Accepted=4895
  Iteration 1: Step1=8369, Step2=170, Step3=190, Accepted=4895
  Iteration 1: 0 changes (+0 accepted, -0 rejected)
  Converged after 1 iteration(s).
Weeding complete. Decisions made: 8369 in Step1, 170 in Step2, 190 in Step3
  Total number of accepted assignments: 4895
  Accepted assignments: 4895, max energy change in optimization: 1.420108 cm^-1
Step 5 cycle 2:
Step 5.1: Matching observed lines to transitions & grading...
  Matching complete.
Step 5.2: Resolving conflicts...
  Max number of conflicting assignments: 8
  Total number of conflicting assignments: 736
Step 5.3: Weeding assignments (iterative)...
  Baseline: Step1=10924, Step2=227, Step3=259, Accepted=5233
  Iteration 1: Step1=10947, Step2=221, Step3=242, Accepted=5229
  Iteration 1: 6 changes (+1 accepted, -5 rejected)
  Iteration 2: Step1=10947, Step2=221, Step3=242, Accepted=5229
  Iteration 2: 0 changes (+0 accepted, -0 rejected)
  Converged after 2 iteration(s).
Weeding complete. Decisions made: 10947 in Step1, 221 in Step2, 242 in Step3
  Total number of accepted assignments: 5229
  Accepted assignments: 5229, max energy change in optimization: 2.532667 cm^-1
Step 5 cycle 3:
Step 5.1: Matching observed lines to transitions & grading...
  Matching complete.
Step 5.2: Resolving conflicts...
  Max number of conflicting assignments: 5
  Total number of conflicting assignments: 595
Step 5.3: Weeding assignments (iterative)...
  Baseline: Step1=10484, Step2=218, Step3=237, Accepted=5216
  Iteration 1: Step1=10486, Step2=217, Step3=236, Accepted=5217
  Iteration 1: 5 changes (+3 accepted, -2 rejected)
  Iteration 2: Step1=10486, Step2=217, Step3=236, Accepted=5217
  Iteration 2: 0 changes (+0 accepted, -0 rejected)
  Converged after 2 iteration(s).
Weeding complete. Decisions made: 10486 in Step1, 217 in Step2, 236 in Step3
  Total number of accepted assignments: 5217
  Blacklisted 788 transition(s) oscillating between cycles.
  Accepted assignments: 5217, max energy change in optimization: 1.910635 cm^-1
Step 5 cycle 4:
Step 5.1: Matching observed lines to transitions & grading...
  Matching complete.
Step 5.2: Resolving conflicts...
  Max number of conflicting assignments: 5
  Total number of conflicting assignments: 544
Step 5.3: Weeding assignments (iterative)...
  Baseline: Step1=10245, Step2=205, Step3=327, Accepted=5207
  Iteration 1: Step1=10242, Step2=201, Step3=334, Accepted=5207
  Iteration 1: 2 changes (+1 accepted, -1 rejected)
  Iteration 2: Step1=10242, Step2=201, Step3=334, Accepted=5207
  Iteration 2: 0 changes (+0 accepted, -0 rejected)
  Converged after 2 iteration(s).
  Blacklisted 788 oscillating transition(s) (cumulative).
Weeding complete. Decisions made: 10242 in Step1, 201 in Step2, 334 in Step3
  Total number of accepted assignments: 5207
  Blacklisted 197 transition(s) oscillating between cycles.
  Accepted assignments: 5207, max energy change in optimization: 0.544151 cm^-1
Step 5 cycle 5:
Step 5.1: Matching observed lines to transitions & grading...
  Matching complete.
Step 5.2: Resolving conflicts...
  Max number of conflicting assignments: 5
  Total number of conflicting assignments: 511
Step 5.3: Weeding assignments (iterative)...
  Baseline: Step1=10121, Step2=199, Step3=351, Accepted=5200
  Iteration 1: Step1=10118, Step2=197, Step3=356, Accepted=5198
  Iteration 1: 4 changes (+1 accepted, -3 rejected)
  Iteration 2: Step1=10118, Step2=197, Step3=356, Accepted=5198
  Iteration 2: 0 changes (+0 accepted, -0 rejected)
  Converged after 2 iteration(s).
  Blacklisted 985 oscillating transition(s) (cumulative).
Weeding complete. Decisions made: 10118 in Step1, 197 in Step2, 356 in Step3
  Total number of accepted assignments: 5198
  Blacklisted 90 transition(s) oscillating between cycles.
  Accepted assignments: 5198, max energy change in optimization: 0.859024 cm^-1
Step 5 cycle 6:
Step 5.1: Matching observed lines to transitions & grading...
  Matching complete.
Step 5.2: Resolving conflicts...
  Max number of conflicting assignments: 4
  Total number of conflicting assignments: 521
Step 5.3: Weeding assignments (iterative)...
  Baseline: Step1=10061, Step2=197, Step3=409, Accepted=5194
  Iteration 1: Step1=10069, Step2=192, Step3=406, Accepted=5191
  Iteration 1: 3 changes (+0 accepted, -3 rejected)
  Iteration 2: Step1=10069, Step2=192, Step3=406, Accepted=5191
  Iteration 2: 0 changes (+0 accepted, -0 rejected)
  Converged after 2 iteration(s).
  Blacklisted 1075 oscillating transition(s) (cumulative).
Weeding complete. Decisions made: 10069 in Step1, 192 in Step2, 406 in Step3
  Total number of accepted assignments: 5191
  Blacklisted 39 transition(s) oscillating between cycles.
  Accepted assignments: 5191, max energy change in optimization: 0.447472 cm^-1
Step 5 cycle 7:
Step 5.1: Matching observed lines to transitions & grading...
  Matching complete.
Step 5.2: Resolving conflicts...
  Max number of conflicting assignments: 4
  Total number of conflicting assignments: 510
Step 5.3: Weeding assignments (iterative)...
  Baseline: Step1=10026, Step2=195, Step3=418, Accepted=5200
  Iteration 1: Step1=10034, Step2=190, Step3=415, Accepted=5199
  Iteration 1: 1 changes (+0 accepted, -1 rejected)
  Iteration 2: Step1=10034, Step2=190, Step3=415, Accepted=5199
  Iteration 2: 0 changes (+0 accepted, -0 rejected)
  Converged after 2 iteration(s).
  Blacklisted 1114 oscillating transition(s) (cumulative).
Weeding complete. Decisions made: 10034 in Step1, 190 in Step2, 415 in Step3
  Total number of accepted assignments: 5199
  Blacklisted 26 transition(s) oscillating between cycles.
  Accepted assignments: 5199, max energy change in optimization: 0.204812 cm^-1
Step 5 cycle 8:
Step 5.1: Matching observed lines to transitions & grading...
  Matching complete.
Step 5.2: Resolving conflicts...
  Max number of conflicting assignments: 4
  Total number of conflicting assignments: 513
Step 5.3: Weeding assignments (iterative)...
  Baseline: Step1=10009, Step2=191, Step3=433, Accepted=5198
  Iteration 1: Step1=10015, Step2=188, Step3=430, Accepted=5197
  Iteration 1: 1 changes (+0 accepted, -1 rejected)
  Iteration 2: Step1=10015, Step2=188, Step3=430, Accepted=5197
  Iteration 2: 0 changes (+0 accepted, -0 rejected)
  Converged after 2 iteration(s).
  Blacklisted 1140 oscillating transition(s) (cumulative).
Weeding complete. Decisions made: 10015 in Step1, 188 in Step2, 430 in Step3
  Total number of accepted assignments: 5197
  Blacklisted 3 transition(s) oscillating between cycles.
  Accepted assignments: 5197, max energy change in optimization: 0.027530 cm^-1
Step 5 cycle 9:
Step 5.1: Matching observed lines to transitions & grading...
  Matching complete.
Step 5.2: Resolving conflicts...
  Max number of conflicting assignments: 4
  Total number of conflicting assignments: 512
Step 5.3: Weeding assignments (iterative)...
  Baseline: Step1=10012, Step2=191, Step3=438, Accepted=5199
  Iteration 1: Step1=10018, Step2=188, Step3=435, Accepted=5198
  Iteration 1: 1 changes (+0 accepted, -1 rejected)
  Iteration 2: Step1=10018, Step2=188, Step3=435, Accepted=5198
  Iteration 2: 0 changes (+0 accepted, -0 rejected)
  Converged after 2 iteration(s).
  Blacklisted 1143 oscillating transition(s) (cumulative).
Weeding complete. Decisions made: 10018 in Step1, 188 in Step2, 435 in Step3
  Total number of accepted assignments: 5198
  Blacklisted 3 transition(s) oscillating between cycles.
  Accepted assignments: 5198, max energy change in optimization: 0.010819 cm^-1
Step 5 cycle 10:
Step 5.1: Matching observed lines to transitions & grading...
  Matching complete.
Step 5.2: Resolving conflicts...
  Max number of conflicting assignments: 4
  Total number of conflicting assignments: 512
Step 5.3: Weeding assignments (iterative)...
  Baseline: Step1=10009, Step2=191, Step3=440, Accepted=5200
  Iteration 1: Step1=10015, Step2=188, Step3=437, Accepted=5199
  Iteration 1: 1 changes (+0 accepted, -1 rejected)
  Iteration 2: Step1=10015, Step2=188, Step3=437, Accepted=5199
  Iteration 2: 0 changes (+0 accepted, -0 rejected)
  Converged after 2 iteration(s).
  Blacklisted 1146 oscillating transition(s) (cumulative).
Weeding complete. Decisions made: 10015 in Step1, 188 in Step2, 437 in Step3
  Total number of accepted assignments: 5199
  Accepted assignments: 5199, max energy change in optimization: 0.034874 cm^-1
Step 5 cycle 11:
Step 5.1: Matching observed lines to transitions & grading...
  Matching complete.
Step 5.2: Resolving conflicts...
  Max number of conflicting assignments: 4
  Total number of conflicting assignments: 513
Step 5.3: Weeding assignments (iterative)...
  Baseline: Step1=10014, Step2=190, Step3=443, Accepted=5199
  Iteration 1: Step1=10020, Step2=187, Step3=440, Accepted=5198
  Iteration 1: 1 changes (+0 accepted, -1 rejected)
  Iteration 2: Step1=10020, Step2=187, Step3=440, Accepted=5198
  Iteration 2: 0 changes (+0 accepted, -0 rejected)
  Converged after 2 iteration(s).
  Blacklisted 1146 oscillating transition(s) (cumulative).
Weeding complete. Decisions made: 10020 in Step1, 187 in Step2, 440 in Step3
  Total number of accepted assignments: 5198
  Accepted assignments: 5198, max energy change in optimization: 0.001463 cm^-1
Step 5 cycle 12:
Step 5.1: Matching observed lines to transitions & grading...
  Matching complete.
Step 5.2: Resolving conflicts...
  Max number of conflicting assignments: 4
  Total number of conflicting assignments: 513
Step 5.3: Weeding assignments (iterative)...
  Baseline: Step1=10014, Step2=190, Step3=444, Accepted=5199
  Iteration 1: Step1=10020, Step2=187, Step3=441, Accepted=5198
  Iteration 1: 1 changes (+0 accepted, -1 rejected)
  Iteration 2: Step1=10020, Step2=187, Step3=441, Accepted=5198
  Iteration 2: 0 changes (+0 accepted, -0 rejected)
  Converged after 2 iteration(s).
  Blacklisted 1146 oscillating transition(s) (cumulative).
Weeding complete. Decisions made: 10020 in Step1, 187 in Step2, 441 in Step3
  Total number of accepted assignments: 5198
  Accepted assignments: 5198, max energy change in optimization: 0.000697 cm^-1
  Building output...
============================================================
Done.
============================================================

DELTA -8.3 cm^-1 (0.1 min): real accepted=4844 (-36 vs baseline), accepted decoy lines=354, decoys with >=1 line: 141 of 209
  real levels with changed support: 153 of 593

============================================================
classify_lines.py — Spectral Line Classification for Pr III
DECOY RUN: shadow copies of the new levels displaced by +-6.9 cm^-1
============================================================
Step 1: Reading energy levels...
  Read 593 energy levels.
Step 2: Reading calculated transitions...
  Read 30206 calculated transitions.
  Added 209 decoy levels (displaced by +-6.9 cm^-1) and 42958 decoy Icalc entries.
Step 3: Reading observed spectral lines...
  Read 6667 observed lines.
Step 4: Generating all possible transitions...
  Generated 51559 possible transitions.
  2042 of them are absent from Icalc.xlsx and were given an imputed intensity.
Step 5 cycle 1:
Step 5.1: Matching observed lines to transitions & grading...
  Matching complete.
Step 5.2: Resolving conflicts...
  Max number of conflicting assignments: 3
  Total number of conflicting assignments: 256
Step 5.3: Weeding assignments (iterative)...
  Baseline: Step1=8388, Step2=183, Step3=216, Accepted=4898
  Iteration 1: Step1=8388, Step2=183, Step3=216, Accepted=4898
  Iteration 1: 0 changes (+0 accepted, -0 rejected)
  Converged after 1 iteration(s).
Weeding complete. Decisions made: 8388 in Step1, 183 in Step2, 216 in Step3
  Total number of accepted assignments: 4898
  Accepted assignments: 4898, max energy change in optimization: 1.644242 cm^-1
Step 5 cycle 2:
Step 5.1: Matching observed lines to transitions & grading...
  Matching complete.
Step 5.2: Resolving conflicts...
  Max number of conflicting assignments: 6
  Total number of conflicting assignments: 694
Step 5.3: Weeding assignments (iterative)...
  Baseline: Step1=10708, Step2=246, Step3=268, Accepted=5220
  Iteration 1: Step1=10732, Step2=236, Step3=254, Accepted=5216
  Iteration 1: 4 changes (+0 accepted, -4 rejected)
  Iteration 2: Step1=10732, Step2=236, Step3=254, Accepted=5216
  Iteration 2: 0 changes (+0 accepted, -0 rejected)
  Converged after 2 iteration(s).
Weeding complete. Decisions made: 10732 in Step1, 236 in Step2, 254 in Step3
  Total number of accepted assignments: 5216
  Accepted assignments: 5216, max energy change in optimization: 5.296869 cm^-1
Step 5 cycle 3:
Step 5.1: Matching observed lines to transitions & grading...
  Matching complete.
Step 5.2: Resolving conflicts...
  Max number of conflicting assignments: 5
  Total number of conflicting assignments: 637
Step 5.3: Weeding assignments (iterative)...
  Baseline: Step1=10533, Step2=225, Step3=247, Accepted=5231
  Iteration 1: Step1=10531, Step2=220, Step3=254, Accepted=5231
  Iteration 1: 2 changes (+1 accepted, -1 rejected)
  Iteration 2: Step1=10531, Step2=220, Step3=254, Accepted=5231
  Iteration 2: 0 changes (+0 accepted, -0 rejected)
  Converged after 2 iteration(s).
Weeding complete. Decisions made: 10531 in Step1, 220 in Step2, 254 in Step3
  Total number of accepted assignments: 5231
  Blacklisted 726 transition(s) oscillating between cycles.
  Accepted assignments: 5231, max energy change in optimization: 2.193113 cm^-1
Step 5 cycle 4:
Step 5.1: Matching observed lines to transitions & grading...
  Matching complete.
Step 5.2: Resolving conflicts...
  Max number of conflicting assignments: 4
  Total number of conflicting assignments: 597
Step 5.3: Weeding assignments (iterative)...
  Baseline: Step1=10386, Step2=198, Step3=340, Accepted=5212
  Iteration 1: Step1=10375, Step2=195, Step3=354, Accepted=5214
  Iteration 1: 2 changes (+2 accepted, -0 rejected)
  Iteration 2: Step1=10375, Step2=195, Step3=354, Accepted=5214
  Iteration 2: 0 changes (+0 accepted, -0 rejected)
  Converged after 2 iteration(s).
  Blacklisted 726 oscillating transition(s) (cumulative).
Weeding complete. Decisions made: 10375 in Step1, 195 in Step2, 354 in Step3
  Total number of accepted assignments: 5214
  Blacklisted 202 transition(s) oscillating between cycles.
  Accepted assignments: 5214, max energy change in optimization: 2.137237 cm^-1
Step 5 cycle 5:
Step 5.1: Matching observed lines to transitions & grading...
  Matching complete.
Step 5.2: Resolving conflicts...
  Max number of conflicting assignments: 4
  Total number of conflicting assignments: 546
Step 5.3: Weeding assignments (iterative)...
  Baseline: Step1=10226, Step2=200, Step3=387, Accepted=5195
  Iteration 1: Step1=10246, Step2=195, Step3=372, Accepted=5196
  Iteration 1: 1 changes (+1 accepted, -0 rejected)
  Iteration 2: Step1=10246, Step2=195, Step3=372, Accepted=5196
  Iteration 2: 0 changes (+0 accepted, -0 rejected)
  Converged after 2 iteration(s).
  Blacklisted 928 oscillating transition(s) (cumulative).
Weeding complete. Decisions made: 10246 in Step1, 195 in Step2, 372 in Step3
  Total number of accepted assignments: 5196
  Blacklisted 138 transition(s) oscillating between cycles.
  Accepted assignments: 5196, max energy change in optimization: 1.737512 cm^-1
Step 5 cycle 6:
Step 5.1: Matching observed lines to transitions & grading...
  Matching complete.
Step 5.2: Resolving conflicts...
  Max number of conflicting assignments: 4
  Total number of conflicting assignments: 535
Step 5.3: Weeding assignments (iterative)...
  Baseline: Step1=10140, Step2=199, Step3=451, Accepted=5199
  Iteration 1: Step1=10152, Step2=195, Step3=443, Accepted=5197
  Iteration 1: 2 changes (+0 accepted, -2 rejected)
  Iteration 2: Step1=10152, Step2=195, Step3=443, Accepted=5197
  Iteration 2: 0 changes (+0 accepted, -0 rejected)
  Converged after 2 iteration(s).
  Blacklisted 1066 oscillating transition(s) (cumulative).
Weeding complete. Decisions made: 10152 in Step1, 195 in Step2, 443 in Step3
  Total number of accepted assignments: 5197
  Blacklisted 58 transition(s) oscillating between cycles.
  Accepted assignments: 5197, max energy change in optimization: 0.750112 cm^-1
Step 5 cycle 7:
Step 5.1: Matching observed lines to transitions & grading...
  Matching complete.
Step 5.2: Resolving conflicts...
  Max number of conflicting assignments: 4
  Total number of conflicting assignments: 528
Step 5.3: Weeding assignments (iterative)...
  Baseline: Step1=10056, Step2=193, Step3=461, Accepted=5190
  Iteration 1: Step1=10053, Step2=189, Step3=468, Accepted=5189
  Iteration 1: 1 changes (+0 accepted, -1 rejected)
  Iteration 2: Step1=10053, Step2=189, Step3=468, Accepted=5189
  Iteration 2: 0 changes (+0 accepted, -0 rejected)
  Converged after 2 iteration(s).
  Blacklisted 1124 oscillating transition(s) (cumulative).
Weeding complete. Decisions made: 10053 in Step1, 189 in Step2, 468 in Step3
  Total number of accepted assignments: 5189
  Blacklisted 29 transition(s) oscillating between cycles.
  Accepted assignments: 5189, max energy change in optimization: 0.399681 cm^-1
Step 5 cycle 8:
Step 5.1: Matching observed lines to transitions & grading...
  Matching complete.
Step 5.2: Resolving conflicts...
  Max number of conflicting assignments: 4
  Total number of conflicting assignments: 532
Step 5.3: Weeding assignments (iterative)...
  Baseline: Step1=10024, Step2=192, Step3=474, Accepted=5188
  Iteration 1: Step1=10032, Step2=187, Step3=471, Accepted=5188
  Iteration 1: 0 changes (+0 accepted, -0 rejected)
  Converged after 1 iteration(s).
  Blacklisted 1153 oscillating transition(s) (cumulative).
Weeding complete. Decisions made: 10032 in Step1, 187 in Step2, 471 in Step3
  Total number of accepted assignments: 5188
  Blacklisted 13 transition(s) oscillating between cycles.
  Accepted assignments: 5188, max energy change in optimization: 0.039360 cm^-1
Step 5 cycle 9:
Step 5.1: Matching observed lines to transitions & grading...
  Matching complete.
Step 5.2: Resolving conflicts...
  Max number of conflicting assignments: 4
  Total number of conflicting assignments: 531
Step 5.3: Weeding assignments (iterative)...
  Baseline: Step1=10020, Step2=188, Step3=474, Accepted=5186
  Iteration 1: Step1=10029, Step2=183, Step3=470, Accepted=5186
  Iteration 1: 0 changes (+0 accepted, -0 rejected)
  Converged after 1 iteration(s).
  Blacklisted 1166 oscillating transition(s) (cumulative).
Weeding complete. Decisions made: 10029 in Step1, 183 in Step2, 470 in Step3
  Total number of accepted assignments: 5186
  Blacklisted 5 transition(s) oscillating between cycles.
  Accepted assignments: 5186, max energy change in optimization: 0.021454 cm^-1
Step 5 cycle 10:
Step 5.1: Matching observed lines to transitions & grading...
  Matching complete.
Step 5.2: Resolving conflicts...
  Max number of conflicting assignments: 4
  Total number of conflicting assignments: 534
Step 5.3: Weeding assignments (iterative)...
  Baseline: Step1=10011, Step2=190, Step3=480, Accepted=5187
  Iteration 1: Step1=10020, Step2=185, Step3=476, Accepted=5187
  Iteration 1: 0 changes (+0 accepted, -0 rejected)
  Converged after 1 iteration(s).
  Blacklisted 1171 oscillating transition(s) (cumulative).
Weeding complete. Decisions made: 10020 in Step1, 185 in Step2, 476 in Step3
  Total number of accepted assignments: 5187
  Blacklisted 3 transition(s) oscillating between cycles.
  Accepted assignments: 5187, max energy change in optimization: 0.020518 cm^-1
Step 5 cycle 11:
Step 5.1: Matching observed lines to transitions & grading...
  Matching complete.
Step 5.2: Resolving conflicts...
  Max number of conflicting assignments: 4
  Total number of conflicting assignments: 534
Step 5.3: Weeding assignments (iterative)...
  Baseline: Step1=10007, Step2=191, Step3=484, Accepted=5187
  Iteration 1: Step1=10016, Step2=186, Step3=480, Accepted=5187
  Iteration 1: 0 changes (+0 accepted, -0 rejected)
  Converged after 1 iteration(s).
  Blacklisted 1174 oscillating transition(s) (cumulative).
Weeding complete. Decisions made: 10016 in Step1, 186 in Step2, 480 in Step3
  Total number of accepted assignments: 5187
  Accepted assignments: 5187, max energy change in optimization: 0.000483 cm^-1
  Building output...
============================================================
Done.
============================================================

DELTA -6.9 cm^-1 (0.1 min): real accepted=4827 (-53 vs baseline), accepted decoy lines=360, decoys with >=1 line: 137 of 209
  real levels with changed support: 168 of 593

============================================================
classify_lines.py — Spectral Line Classification for Pr III
DECOY RUN: shadow copies of the new levels displaced by +-6.9 cm^-1
============================================================
Step 1: Reading energy levels...
  Read 593 energy levels.
Step 2: Reading calculated transitions...
  Read 30206 calculated transitions.
  Added 209 decoy levels (displaced by +-6.9 cm^-1) and 42958 decoy Icalc entries.
Step 3: Reading observed spectral lines...
  Read 6667 observed lines.
Step 4: Generating all possible transitions...
  Generated 51558 possible transitions.
  2042 of them are absent from Icalc.xlsx and were given an imputed intensity.
Step 5 cycle 1:
Step 5.1: Matching observed lines to transitions & grading...
  Matching complete.
Step 5.2: Resolving conflicts...
  Max number of conflicting assignments: 3
  Total number of conflicting assignments: 251
Step 5.3: Weeding assignments (iterative)...
  Baseline: Step1=8384, Step2=197, Step3=201, Accepted=4925
  Iteration 1: Step1=8384, Step2=197, Step3=201, Accepted=4925
  Iteration 1: 0 changes (+0 accepted, -0 rejected)
  Converged after 1 iteration(s).
Weeding complete. Decisions made: 8384 in Step1, 197 in Step2, 201 in Step3
  Total number of accepted assignments: 4925
  Accepted assignments: 4925, max energy change in optimization: 2.065760 cm^-1
Step 5 cycle 2:
Step 5.1: Matching observed lines to transitions & grading...
  Matching complete.
Step 5.2: Resolving conflicts...
  Max number of conflicting assignments: 8
  Total number of conflicting assignments: 720
Step 5.3: Weeding assignments (iterative)...
  Baseline: Step1=10966, Step2=240, Step3=259, Accepted=5273
  Iteration 1: Step1=10989, Step2=233, Step3=243, Accepted=5269
  Iteration 1: 4 changes (+0 accepted, -4 rejected)
  Iteration 2: Step1=10989, Step2=233, Step3=243, Accepted=5269
  Iteration 2: 0 changes (+0 accepted, -0 rejected)
  Converged after 2 iteration(s).
Weeding complete. Decisions made: 10989 in Step1, 233 in Step2, 243 in Step3
  Total number of accepted assignments: 5269
  Accepted assignments: 5269, max energy change in optimization: 5.982251 cm^-1
Step 5 cycle 3:
Step 5.1: Matching observed lines to transitions & grading...
  Matching complete.
Step 5.2: Resolving conflicts...
  Max number of conflicting assignments: 5
  Total number of conflicting assignments: 620
Step 5.3: Weeding assignments (iterative)...
  Baseline: Step1=10672, Step2=222, Step3=227, Accepted=5256
  Iteration 1: Step1=10666, Step2=217, Step3=238, Accepted=5255
  Iteration 1: 3 changes (+1 accepted, -2 rejected)
  Iteration 2: Step1=10666, Step2=217, Step3=238, Accepted=5255
  Iteration 2: 0 changes (+0 accepted, -0 rejected)
  Converged after 2 iteration(s).
Weeding complete. Decisions made: 10666 in Step1, 217 in Step2, 238 in Step3
  Total number of accepted assignments: 5255
  Blacklisted 842 transition(s) oscillating between cycles.
  Accepted assignments: 5255, max energy change in optimization: 3.692467 cm^-1
Step 5 cycle 4:
Step 5.1: Matching observed lines to transitions & grading...
  Matching complete.
Step 5.2: Resolving conflicts...
  Max number of conflicting assignments: 4
  Total number of conflicting assignments: 474
Step 5.3: Weeding assignments (iterative)...
  Baseline: Step1=10140, Step2=211, Step3=307, Accepted=5247
  Iteration 1: Step1=10145, Step2=206, Step3=307, Accepted=5245
  Iteration 1: 2 changes (+0 accepted, -2 rejected)
  Iteration 2: Step1=10145, Step2=206, Step3=307, Accepted=5245
  Iteration 2: 0 changes (+0 accepted, -0 rejected)
  Converged after 2 iteration(s).
  Blacklisted 842 oscillating transition(s) (cumulative).
Weeding complete. Decisions made: 10145 in Step1, 206 in Step2, 307 in Step3
  Total number of accepted assignments: 5245
  Blacklisted 374 transition(s) oscillating between cycles.
  Accepted assignments: 5245, max energy change in optimization: 1.896377 cm^-1
Step 5 cycle 5:
Step 5.1: Matching observed lines to transitions & grading...
  Matching complete.
Step 5.2: Resolving conflicts...
  Max number of conflicting assignments: 4
  Total number of conflicting assignments: 440
Step 5.3: Weeding assignments (iterative)...
  Baseline: Step1=10014, Step2=189, Step3=390, Accepted=5222
  Iteration 1: Step1=10036, Step2=183, Step3=374, Accepted=5222
  Iteration 1: 2 changes (+1 accepted, -1 rejected)
  Iteration 2: Step1=10036, Step2=183, Step3=374, Accepted=5222
  Iteration 2: 0 changes (+0 accepted, -0 rejected)
  Converged after 2 iteration(s).
  Blacklisted 1216 oscillating transition(s) (cumulative).
Weeding complete. Decisions made: 10036 in Step1, 183 in Step2, 374 in Step3
  Total number of accepted assignments: 5222
  Blacklisted 74 transition(s) oscillating between cycles.
  Accepted assignments: 5222, max energy change in optimization: 0.501266 cm^-1
Step 5 cycle 6:
Step 5.1: Matching observed lines to transitions & grading...
  Matching complete.
Step 5.2: Resolving conflicts...
  Max number of conflicting assignments: 4
  Total number of conflicting assignments: 430
Step 5.3: Weeding assignments (iterative)...
  Baseline: Step1=9968, Step2=191, Step3=400, Accepted=5215
  Iteration 1: Step1=9981, Step2=184, Step3=394, Accepted=5214
  Iteration 1: 1 changes (+0 accepted, -1 rejected)
  Iteration 2: Step1=9981, Step2=184, Step3=394, Accepted=5214
  Iteration 2: 0 changes (+0 accepted, -0 rejected)
  Converged after 2 iteration(s).
  Blacklisted 1290 oscillating transition(s) (cumulative).
Weeding complete. Decisions made: 9981 in Step1, 184 in Step2, 394 in Step3
  Total number of accepted assignments: 5214
  Blacklisted 26 transition(s) oscillating between cycles.
  Accepted assignments: 5214, max energy change in optimization: 0.116882 cm^-1
Step 5 cycle 7:
Step 5.1: Matching observed lines to transitions & grading...
  Matching complete.
Step 5.2: Resolving conflicts...
  Max number of conflicting assignments: 4
  Total number of conflicting assignments: 431
Step 5.3: Weeding assignments (iterative)...
  Baseline: Step1=9948, Step2=193, Step3=410, Accepted=5216
  Iteration 1: Step1=9958, Step2=187, Step3=406, Accepted=5215
  Iteration 1: 1 changes (+0 accepted, -1 rejected)
  Iteration 2: Step1=9958, Step2=187, Step3=406, Accepted=5215
  Iteration 2: 0 changes (+0 accepted, -0 rejected)
  Converged after 2 iteration(s).
  Blacklisted 1316 oscillating transition(s) (cumulative).
Weeding complete. Decisions made: 9958 in Step1, 187 in Step2, 406 in Step3
  Total number of accepted assignments: 5215
  Blacklisted 9 transition(s) oscillating between cycles.
  Accepted assignments: 5215, max energy change in optimization: 0.008299 cm^-1
Step 5 cycle 8:
Step 5.1: Matching observed lines to transitions & grading...
  Matching complete.
Step 5.2: Resolving conflicts...
  Max number of conflicting assignments: 4
  Total number of conflicting assignments: 431
Step 5.3: Weeding assignments (iterative)...
  Baseline: Step1=9938, Step2=191, Step3=416, Accepted=5218
  Iteration 1: Step1=9948, Step2=185, Step3=412, Accepted=5217
  Iteration 1: 1 changes (+0 accepted, -1 rejected)
  Iteration 2: Step1=9948, Step2=185, Step3=412, Accepted=5217
  Iteration 2: 0 changes (+0 accepted, -0 rejected)
  Converged after 2 iteration(s).
  Blacklisted 1325 oscillating transition(s) (cumulative).
Weeding complete. Decisions made: 9948 in Step1, 185 in Step2, 412 in Step3
  Total number of accepted assignments: 5217
  Accepted assignments: 5217, max energy change in optimization: 0.483382 cm^-1
Step 5 cycle 9:
Step 5.1: Matching observed lines to transitions & grading...
  Matching complete.
Step 5.2: Resolving conflicts...
  Max number of conflicting assignments: 4
  Total number of conflicting assignments: 431
Step 5.3: Weeding assignments (iterative)...
  Baseline: Step1=9953, Step2=190, Step3=410, Accepted=5216
  Iteration 1: Step1=9962, Step2=184, Step3=407, Accepted=5215
  Iteration 1: 1 changes (+0 accepted, -1 rejected)
  Iteration 2: Step1=9962, Step2=184, Step3=407, Accepted=5215
  Iteration 2: 0 changes (+0 accepted, -0 rejected)
  Converged after 2 iteration(s).
  Blacklisted 1325 oscillating transition(s) (cumulative).
Weeding complete. Decisions made: 9962 in Step1, 184 in Step2, 407 in Step3
  Total number of accepted assignments: 5215
  Blacklisted 3 transition(s) oscillating between cycles.
  Accepted assignments: 5215, max energy change in optimization: 0.100069 cm^-1
Step 5 cycle 10:
Step 5.1: Matching observed lines to transitions & grading...
  Matching complete.
Step 5.2: Resolving conflicts...
  Max number of conflicting assignments: 4
  Total number of conflicting assignments: 431
Step 5.3: Weeding assignments (iterative)...
  Baseline: Step1=9933, Step2=189, Step3=409, Accepted=5214
  Iteration 1: Step1=9942, Step2=183, Step3=406, Accepted=5213
  Iteration 1: 1 changes (+0 accepted, -1 rejected)
  Iteration 2: Step1=9942, Step2=183, Step3=406, Accepted=5213
  Iteration 2: 0 changes (+0 accepted, -0 rejected)
  Converged after 2 iteration(s).
  Blacklisted 1328 oscillating transition(s) (cumulative).
Weeding complete. Decisions made: 9942 in Step1, 183 in Step2, 406 in Step3
  Total number of accepted assignments: 5213
  Blacklisted 11 transition(s) oscillating between cycles.
  Accepted assignments: 5213, max energy change in optimization: 0.124719 cm^-1
Step 5 cycle 11:
Step 5.1: Matching observed lines to transitions & grading...
  Matching complete.
Step 5.2: Resolving conflicts...
  Max number of conflicting assignments: 4
  Total number of conflicting assignments: 437
Step 5.3: Weeding assignments (iterative)...
  Baseline: Step1=9941, Step2=190, Step3=411, Accepted=5217
  Iteration 1: Step1=9950, Step2=184, Step3=408, Accepted=5216
  Iteration 1: 1 changes (+0 accepted, -1 rejected)
  Iteration 2: Step1=9950, Step2=184, Step3=408, Accepted=5216
  Iteration 2: 0 changes (+0 accepted, -0 rejected)
  Converged after 2 iteration(s).
  Blacklisted 1339 oscillating transition(s) (cumulative).
Weeding complete. Decisions made: 9950 in Step1, 184 in Step2, 408 in Step3
  Total number of accepted assignments: 5216
  Blacklisted 4 transition(s) oscillating between cycles.
  Accepted assignments: 5216, max energy change in optimization: 0.099644 cm^-1
Step 5 cycle 12:
Step 5.1: Matching observed lines to transitions & grading...
  Matching complete.
Step 5.2: Resolving conflicts...
  Max number of conflicting assignments: 4
  Total number of conflicting assignments: 439
Step 5.3: Weeding assignments (iterative)...
  Baseline: Step1=9938, Step2=189, Step3=417, Accepted=5216
  Iteration 1: Step1=9947, Step2=183, Step3=414, Accepted=5215
  Iteration 1: 1 changes (+0 accepted, -1 rejected)
  Iteration 2: Step1=9947, Step2=183, Step3=414, Accepted=5215
  Iteration 2: 0 changes (+0 accepted, -0 rejected)
  Converged after 2 iteration(s).
  Blacklisted 1343 oscillating transition(s) (cumulative).
Weeding complete. Decisions made: 9947 in Step1, 183 in Step2, 414 in Step3
  Total number of accepted assignments: 5215
  Accepted assignments: 5215, max energy change in optimization: 0.076726 cm^-1
Step 5 cycle 13:
Step 5.1: Matching observed lines to transitions & grading...
  Matching complete.
Step 5.2: Resolving conflicts...
  Max number of conflicting assignments: 4
  Total number of conflicting assignments: 435
Step 5.3: Weeding assignments (iterative)...
  Baseline: Step1=9936, Step2=189, Step3=409, Accepted=5216
  Iteration 1: Step1=9945, Step2=183, Step3=406, Accepted=5215
  Iteration 1: 1 changes (+0 accepted, -1 rejected)
  Iteration 2: Step1=9945, Step2=183, Step3=406, Accepted=5215
  Iteration 2: 0 changes (+0 accepted, -0 rejected)
  Converged after 2 iteration(s).
  Blacklisted 1343 oscillating transition(s) (cumulative).
Weeding complete. Decisions made: 9945 in Step1, 183 in Step2, 406 in Step3
  Total number of accepted assignments: 5215
  Blacklisted 1 transition(s) oscillating between cycles.
  Accepted assignments: 5215, max energy change in optimization: 0.000914 cm^-1
  Building output...
============================================================
Done.
============================================================

DELTA +6.9 cm^-1 (0.2 min): real accepted=4853 (-27 vs baseline), accepted decoy lines=362, decoys with >=1 line: 145 of 209
  real levels with changed support: 149 of 593

============================================================
classify_lines.py — Spectral Line Classification for Pr III
DECOY RUN: shadow copies of the new levels displaced by +-8.3 cm^-1
============================================================
Step 1: Reading energy levels...
  Read 593 energy levels.
Step 2: Reading calculated transitions...
  Read 30206 calculated transitions.
  Added 209 decoy levels (displaced by +-8.3 cm^-1) and 42958 decoy Icalc entries.
Step 3: Reading observed spectral lines...
  Read 6667 observed lines.
Step 4: Generating all possible transitions...
  Generated 51558 possible transitions.
  2042 of them are absent from Icalc.xlsx and were given an imputed intensity.
Step 5 cycle 1:
Step 5.1: Matching observed lines to transitions & grading...
  Matching complete.
Step 5.2: Resolving conflicts...
  Max number of conflicting assignments: 3
  Total number of conflicting assignments: 257
Step 5.3: Weeding assignments (iterative)...
  Baseline: Step1=8365, Step2=176, Step3=196, Accepted=4919
  Iteration 1: Step1=8365, Step2=176, Step3=196, Accepted=4919
  Iteration 1: 0 changes (+0 accepted, -0 rejected)
  Converged after 1 iteration(s).
Weeding complete. Decisions made: 8365 in Step1, 176 in Step2, 196 in Step3
  Total number of accepted assignments: 4919
  Accepted assignments: 4919, max energy change in optimization: 1.465147 cm^-1
Step 5 cycle 2:
Step 5.1: Matching observed lines to transitions & grading...
  Matching complete.
Step 5.2: Resolving conflicts...
  Max number of conflicting assignments: 6
  Total number of conflicting assignments: 731
Step 5.3: Weeding assignments (iterative)...
  Baseline: Step1=10925, Step2=239, Step3=267, Accepted=5260
  Iteration 1: Step1=10944, Step2=235, Step3=252, Accepted=5253
  Iteration 1: 7 changes (+0 accepted, -7 rejected)
  Iteration 2: Step1=10944, Step2=235, Step3=252, Accepted=5253
  Iteration 2: 0 changes (+0 accepted, -0 rejected)
  Converged after 2 iteration(s).
Weeding complete. Decisions made: 10944 in Step1, 235 in Step2, 252 in Step3
  Total number of accepted assignments: 5253
  Accepted assignments: 5253, max energy change in optimization: 1.943195 cm^-1
Step 5 cycle 3:
Step 5.1: Matching observed lines to transitions & grading...
  Matching complete.
Step 5.2: Resolving conflicts...
  Max number of conflicting assignments: 5
  Total number of conflicting assignments: 599
Step 5.3: Weeding assignments (iterative)...
  Baseline: Step1=10645, Step2=227, Step3=236, Accepted=5236
  Iteration 1: Step1=10652, Step2=224, Step3=232, Accepted=5236
  Iteration 1: 2 changes (+1 accepted, -1 rejected)
  Iteration 2: Step1=10652, Step2=224, Step3=232, Accepted=5236
  Iteration 2: 0 changes (+0 accepted, -0 rejected)
  Converged after 2 iteration(s).
Weeding complete. Decisions made: 10652 in Step1, 224 in Step2, 232 in Step3
  Total number of accepted assignments: 5236
  Blacklisted 795 transition(s) oscillating between cycles.
  Accepted assignments: 5236, max energy change in optimization: 1.322645 cm^-1
Step 5 cycle 4:
Step 5.1: Matching observed lines to transitions & grading...
  Matching complete.
Step 5.2: Resolving conflicts...
  Max number of conflicting assignments: 4
  Total number of conflicting assignments: 549
Step 5.3: Weeding assignments (iterative)...
  Baseline: Step1=10317, Step2=209, Step3=302, Accepted=5234
  Iteration 1: Step1=10310, Step2=208, Step3=310, Accepted=5232
  Iteration 1: 6 changes (+2 accepted, -4 rejected)
  Iteration 2: Step1=10310, Step2=208, Step3=310, Accepted=5232
  Iteration 2: 0 changes (+0 accepted, -0 rejected)
  Converged after 2 iteration(s).
  Blacklisted 795 oscillating transition(s) (cumulative).
Weeding complete. Decisions made: 10310 in Step1, 208 in Step2, 310 in Step3
  Total number of accepted assignments: 5232
  Blacklisted 222 transition(s) oscillating between cycles.
  Accepted assignments: 5232, max energy change in optimization: 0.717471 cm^-1
Step 5 cycle 5:
Step 5.1: Matching observed lines to transitions & grading...
  Matching complete.
Step 5.2: Resolving conflicts...
  Max number of conflicting assignments: 4
  Total number of conflicting assignments: 528
Step 5.3: Weeding assignments (iterative)...
  Baseline: Step1=10186, Step2=213, Step3=329, Accepted=5223
  Iteration 1: Step1=10191, Step2=210, Step3=327, Accepted=5222
  Iteration 1: 1 changes (+0 accepted, -1 rejected)
  Iteration 2: Step1=10191, Step2=210, Step3=327, Accepted=5222
  Iteration 2: 0 changes (+0 accepted, -0 rejected)
  Converged after 2 iteration(s).
  Blacklisted 1017 oscillating transition(s) (cumulative).
Weeding complete. Decisions made: 10191 in Step1, 210 in Step2, 327 in Step3
  Total number of accepted assignments: 5222
  Blacklisted 73 transition(s) oscillating between cycles.
  Accepted assignments: 5222, max energy change in optimization: 2.176548 cm^-1
Step 5 cycle 6:
Step 5.1: Matching observed lines to transitions & grading...
  Matching complete.
Step 5.2: Resolving conflicts...
  Max number of conflicting assignments: 4
  Total number of conflicting assignments: 526
Step 5.3: Weeding assignments (iterative)...
  Baseline: Step1=10122, Step2=210, Step3=363, Accepted=5214
  Iteration 1: Step1=10127, Step2=208, Step3=360, Accepted=5214
  Iteration 1: 2 changes (+1 accepted, -1 rejected)
  Iteration 2: Step1=10127, Step2=208, Step3=360, Accepted=5214
  Iteration 2: 0 changes (+0 accepted, -0 rejected)
  Converged after 2 iteration(s).
  Blacklisted 1090 oscillating transition(s) (cumulative).
Weeding complete. Decisions made: 10127 in Step1, 208 in Step2, 360 in Step3
  Total number of accepted assignments: 5214
  Blacklisted 26 transition(s) oscillating between cycles.
  Accepted assignments: 5214, max energy change in optimization: 0.602025 cm^-1
Step 5 cycle 7:
Step 5.1: Matching observed lines to transitions & grading...
  Matching complete.
Step 5.2: Resolving conflicts...
  Max number of conflicting assignments: 4
  Total number of conflicting assignments: 518
Step 5.3: Weeding assignments (iterative)...
  Baseline: Step1=10109, Step2=210, Step3=373, Accepted=5216
  Iteration 1: Step1=10115, Step2=206, Step3=371, Accepted=5215
  Iteration 1: 1 changes (+0 accepted, -1 rejected)
  Iteration 2: Step1=10115, Step2=206, Step3=371, Accepted=5215
  Iteration 2: 0 changes (+0 accepted, -0 rejected)
  Converged after 2 iteration(s).
  Blacklisted 1116 oscillating transition(s) (cumulative).
Weeding complete. Decisions made: 10115 in Step1, 206 in Step2, 371 in Step3
  Total number of accepted assignments: 5215
  Blacklisted 9 transition(s) oscillating between cycles.
  Accepted assignments: 5215, max energy change in optimization: 0.040012 cm^-1
Step 5 cycle 8:
Step 5.1: Matching observed lines to transitions & grading...
  Matching complete.
Step 5.2: Resolving conflicts...
  Max number of conflicting assignments: 4
  Total number of conflicting assignments: 518
Step 5.3: Weeding assignments (iterative)...
  Baseline: Step1=10109, Step2=209, Step3=376, Accepted=5222
  Iteration 1: Step1=10115, Step2=205, Step3=374, Accepted=5221
  Iteration 1: 1 changes (+0 accepted, -1 rejected)
  Iteration 2: Step1=10115, Step2=205, Step3=374, Accepted=5221
  Iteration 2: 0 changes (+0 accepted, -0 rejected)
  Converged after 2 iteration(s).
  Blacklisted 1125 oscillating transition(s) (cumulative).
Weeding complete. Decisions made: 10115 in Step1, 205 in Step2, 374 in Step3
  Total number of accepted assignments: 5221
  Blacklisted 7 transition(s) oscillating between cycles.
  Accepted assignments: 5221, max energy change in optimization: 0.043470 cm^-1
Step 5 cycle 9:
Step 5.1: Matching observed lines to transitions & grading...
  Matching complete.
Step 5.2: Resolving conflicts...
  Max number of conflicting assignments: 4
  Total number of conflicting assignments: 518
Step 5.3: Weeding assignments (iterative)...
  Baseline: Step1=10092, Step2=208, Step3=384, Accepted=5220
  Iteration 1: Step1=10098, Step2=204, Step3=382, Accepted=5219
  Iteration 1: 1 changes (+0 accepted, -1 rejected)
  Iteration 2: Step1=10098, Step2=204, Step3=382, Accepted=5219
  Iteration 2: 0 changes (+0 accepted, -0 rejected)
  Converged after 2 iteration(s).
  Blacklisted 1132 oscillating transition(s) (cumulative).
Weeding complete. Decisions made: 10098 in Step1, 204 in Step2, 382 in Step3
  Total number of accepted assignments: 5219
  Blacklisted 1 transition(s) oscillating between cycles.
  Accepted assignments: 5219, max energy change in optimization: 0.051991 cm^-1
Step 5 cycle 10:
Step 5.1: Matching observed lines to transitions & grading...
  Matching complete.
Step 5.2: Resolving conflicts...
  Max number of conflicting assignments: 4
  Total number of conflicting assignments: 520
Step 5.3: Weeding assignments (iterative)...
  Baseline: Step1=10094, Step2=209, Step3=382, Accepted=5219
  Iteration 1: Step1=10100, Step2=205, Step3=380, Accepted=5218
  Iteration 1: 1 changes (+0 accepted, -1 rejected)
  Iteration 2: Step1=10100, Step2=205, Step3=380, Accepted=5218
  Iteration 2: 0 changes (+0 accepted, -0 rejected)
  Converged after 2 iteration(s).
  Blacklisted 1133 oscillating transition(s) (cumulative).
Weeding complete. Decisions made: 10100 in Step1, 205 in Step2, 380 in Step3
  Total number of accepted assignments: 5218
  Blacklisted 2 transition(s) oscillating between cycles.
  Accepted assignments: 5218, max energy change in optimization: 0.000958 cm^-1
Step 5 cycle 11:
Step 5.1: Matching observed lines to transitions & grading...
  Matching complete.
Step 5.2: Resolving conflicts...
  Max number of conflicting assignments: 4
  Total number of conflicting assignments: 520
Step 5.3: Weeding assignments (iterative)...
  Baseline: Step1=10089, Step2=209, Step3=385, Accepted=5219
  Iteration 1: Step1=10095, Step2=205, Step3=383, Accepted=5218
  Iteration 1: 1 changes (+0 accepted, -1 rejected)
  Iteration 2: Step1=10095, Step2=205, Step3=383, Accepted=5218
  Iteration 2: 0 changes (+0 accepted, -0 rejected)
  Converged after 2 iteration(s).
  Blacklisted 1135 oscillating transition(s) (cumulative).
Weeding complete. Decisions made: 10095 in Step1, 205 in Step2, 383 in Step3
  Total number of accepted assignments: 5218
  Blacklisted 1 transition(s) oscillating between cycles.
  Accepted assignments: 5218, max energy change in optimization: 0.000763 cm^-1
  Building output...
============================================================
Done.
============================================================

DELTA +8.3 cm^-1 (0.1 min): real accepted=4845 (-35 vs baseline), accepted decoy lines=373, decoys with >=1 line: 139 of 209
  real levels with changed support: 148 of 593

============================================================
classify_lines.py — Spectral Line Classification for Pr III
DECOY RUN: shadow copies of the new levels displaced by +-9.7 cm^-1
============================================================
Step 1: Reading energy levels...
  Read 593 energy levels.
Step 2: Reading calculated transitions...
  Read 30206 calculated transitions.
  Added 209 decoy levels (displaced by +-9.7 cm^-1) and 42958 decoy Icalc entries.
Step 3: Reading observed spectral lines...
  Read 6667 observed lines.
Step 4: Generating all possible transitions...
  Generated 51556 possible transitions.
  2042 of them are absent from Icalc.xlsx and were given an imputed intensity.
Step 5 cycle 1:
Step 5.1: Matching observed lines to transitions & grading...
  Matching complete.
Step 5.2: Resolving conflicts...
  Max number of conflicting assignments: 3
  Total number of conflicting assignments: 264
Step 5.3: Weeding assignments (iterative)...
  Baseline: Step1=8414, Step2=172, Step3=203, Accepted=4918
  Iteration 1: Step1=8414, Step2=172, Step3=203, Accepted=4918
  Iteration 1: 0 changes (+0 accepted, -0 rejected)
  Converged after 1 iteration(s).
Weeding complete. Decisions made: 8414 in Step1, 172 in Step2, 203 in Step3
  Total number of accepted assignments: 4918
  Accepted assignments: 4918, max energy change in optimization: 2.180728 cm^-1
Step 5 cycle 2:
Step 5.1: Matching observed lines to transitions & grading...
  Matching complete.
Step 5.2: Resolving conflicts...
  Max number of conflicting assignments: 12
  Total number of conflicting assignments: 852
Step 5.3: Weeding assignments (iterative)...
  Baseline: Step1=11088, Step2=240, Step3=289, Accepted=5252
  Iteration 1: Step1=11107, Step2=236, Step3=274, Accepted=5249
  Iteration 1: 3 changes (+0 accepted, -3 rejected)
  Iteration 2: Step1=11107, Step2=236, Step3=274, Accepted=5249
  Iteration 2: 0 changes (+0 accepted, -0 rejected)
  Converged after 2 iteration(s).
Weeding complete. Decisions made: 11107 in Step1, 236 in Step2, 274 in Step3
  Total number of accepted assignments: 5249
  Accepted assignments: 5249, max energy change in optimization: 2.149318 cm^-1
Step 5 cycle 3:
Step 5.1: Matching observed lines to transitions & grading...
  Matching complete.
Step 5.2: Resolving conflicts...
  Max number of conflicting assignments: 6
  Total number of conflicting assignments: 562
Step 5.3: Weeding assignments (iterative)...
  Baseline: Step1=10523, Step2=216, Step3=245, Accepted=5223
  Iteration 1: Step1=10477, Step2=214, Step3=293, Accepted=5225
  Iteration 1: 4 changes (+3 accepted, -1 rejected)
  Iteration 2: Step1=10477, Step2=214, Step3=293, Accepted=5225
  Iteration 2: 0 changes (+0 accepted, -0 rejected)
  Converged after 2 iteration(s).
Weeding complete. Decisions made: 10477 in Step1, 214 in Step2, 293 in Step3
  Total number of accepted assignments: 5225
  Blacklisted 982 transition(s) oscillating between cycles.
  Accepted assignments: 5225, max energy change in optimization: 1.523623 cm^-1
Step 5 cycle 4:
Step 5.1: Matching observed lines to transitions & grading...
  Matching complete.
Step 5.2: Resolving conflicts...
  Max number of conflicting assignments: 4
  Total number of conflicting assignments: 535
Step 5.3: Weeding assignments (iterative)...
  Baseline: Step1=10258, Step2=218, Step3=394, Accepted=5235
  Iteration 1: Step1=10279, Step2=218, Step3=373, Accepted=5236
  Iteration 1: 5 changes (+3 accepted, -2 rejected)
  Iteration 2: Step1=10279, Step2=218, Step3=373, Accepted=5236
  Iteration 2: 0 changes (+0 accepted, -0 rejected)
  Converged after 2 iteration(s).
  Blacklisted 982 oscillating transition(s) (cumulative).
Weeding complete. Decisions made: 10279 in Step1, 218 in Step2, 373 in Step3
  Total number of accepted assignments: 5236
  Blacklisted 213 transition(s) oscillating between cycles.
  Accepted assignments: 5236, max energy change in optimization: 1.075664 cm^-1
Step 5 cycle 5:
Step 5.1: Matching observed lines to transitions & grading...
  Matching complete.
Step 5.2: Resolving conflicts...
  Max number of conflicting assignments: 4
  Total number of conflicting assignments: 501
Step 5.3: Weeding assignments (iterative)...
  Baseline: Step1=10064, Step2=208, Step3=405, Accepted=5210
  Iteration 1: Step1=10071, Step2=204, Step3=402, Accepted=5209
  Iteration 1: 1 changes (+0 accepted, -1 rejected)
  Iteration 2: Step1=10071, Step2=204, Step3=402, Accepted=5209
  Iteration 2: 0 changes (+0 accepted, -0 rejected)
  Converged after 2 iteration(s).
  Blacklisted 1195 oscillating transition(s) (cumulative).
Weeding complete. Decisions made: 10071 in Step1, 204 in Step2, 402 in Step3
  Total number of accepted assignments: 5209
  Blacklisted 109 transition(s) oscillating between cycles.
  Accepted assignments: 5209, max energy change in optimization: 1.093279 cm^-1
Step 5 cycle 6:
Step 5.1: Matching observed lines to transitions & grading...
  Matching complete.
Step 5.2: Resolving conflicts...
  Max number of conflicting assignments: 4
  Total number of conflicting assignments: 494
Step 5.3: Weeding assignments (iterative)...
  Baseline: Step1=9963, Step2=206, Step3=456, Accepted=5204
  Iteration 1: Step1=9966, Step2=204, Step3=455, Accepted=5204
  Iteration 1: 0 changes (+0 accepted, -0 rejected)
  Converged after 1 iteration(s).
  Blacklisted 1304 oscillating transition(s) (cumulative).
Weeding complete. Decisions made: 9966 in Step1, 204 in Step2, 455 in Step3
  Total number of accepted assignments: 5204
  Blacklisted 41 transition(s) oscillating between cycles.
  Accepted assignments: 5204, max energy change in optimization: 1.043895 cm^-1
Step 5 cycle 7:
Step 5.1: Matching observed lines to transitions & grading...
  Matching complete.
Step 5.2: Resolving conflicts...
  Max number of conflicting assignments: 4
  Total number of conflicting assignments: 479
Step 5.3: Weeding assignments (iterative)...
  Baseline: Step1=9913, Step2=202, Step3=455, Accepted=5206
  Iteration 1: Step1=9918, Step2=200, Step3=452, Accepted=5206
  Iteration 1: 0 changes (+0 accepted, -0 rejected)
  Converged after 1 iteration(s).
  Blacklisted 1345 oscillating transition(s) (cumulative).
Weeding complete. Decisions made: 9918 in Step1, 200 in Step2, 452 in Step3
  Total number of accepted assignments: 5206
  Blacklisted 20 transition(s) oscillating between cycles.
  Accepted assignments: 5206, max energy change in optimization: 0.392734 cm^-1
Step 5 cycle 8:
Step 5.1: Matching observed lines to transitions & grading...
  Matching complete.
Step 5.2: Resolving conflicts...
  Max number of conflicting assignments: 4
  Total number of conflicting assignments: 480
Step 5.3: Weeding assignments (iterative)...
  Baseline: Step1=9911, Step2=208, Step3=474, Accepted=5209
  Iteration 1: Step1=9917, Step2=206, Step3=470, Accepted=5209
  Iteration 1: 0 changes (+0 accepted, -0 rejected)
  Converged after 1 iteration(s).
  Blacklisted 1365 oscillating transition(s) (cumulative).
Weeding complete. Decisions made: 9917 in Step1, 206 in Step2, 470 in Step3
  Total number of accepted assignments: 5209
  Blacklisted 19 transition(s) oscillating between cycles.
  Accepted assignments: 5209, max energy change in optimization: 0.140133 cm^-1
Step 5 cycle 9:
Step 5.1: Matching observed lines to transitions & grading...
  Matching complete.
Step 5.2: Resolving conflicts...
  Max number of conflicting assignments: 4
  Total number of conflicting assignments: 480
Step 5.3: Weeding assignments (iterative)...
  Baseline: Step1=9911, Step2=206, Step3=489, Accepted=5210
  Iteration 1: Step1=9916, Step2=204, Step3=486, Accepted=5210
  Iteration 1: 0 changes (+0 accepted, -0 rejected)
  Converged after 1 iteration(s).
  Blacklisted 1384 oscillating transition(s) (cumulative).
Weeding complete. Decisions made: 9916 in Step1, 204 in Step2, 486 in Step3
  Total number of accepted assignments: 5210
  Accepted assignments: 5210, max energy change in optimization: 0.165851 cm^-1
Step 5 cycle 10:
Step 5.1: Matching observed lines to transitions & grading...
  Matching complete.
Step 5.2: Resolving conflicts...
  Max number of conflicting assignments: 4
  Total number of conflicting assignments: 480
Step 5.3: Weeding assignments (iterative)...
  Baseline: Step1=9910, Step2=207, Step3=489, Accepted=5209
  Iteration 1: Step1=9915, Step2=205, Step3=486, Accepted=5209
  Iteration 1: 0 changes (+0 accepted, -0 rejected)
  Converged after 1 iteration(s).
  Blacklisted 1384 oscillating transition(s) (cumulative).
Weeding complete. Decisions made: 9915 in Step1, 205 in Step2, 486 in Step3
  Total number of accepted assignments: 5209
  Accepted assignments: 5209, max energy change in optimization: 0.052704 cm^-1
Step 5 cycle 11:
Step 5.1: Matching observed lines to transitions & grading...
  Matching complete.
Step 5.2: Resolving conflicts...
  Max number of conflicting assignments: 4
  Total number of conflicting assignments: 480
Step 5.3: Weeding assignments (iterative)...
  Baseline: Step1=9911, Step2=207, Step3=489, Accepted=5209
  Iteration 1: Step1=9915, Step2=205, Step3=487, Accepted=5209
  Iteration 1: 0 changes (+0 accepted, -0 rejected)
  Converged after 1 iteration(s).
  Blacklisted 1384 oscillating transition(s) (cumulative).
Weeding complete. Decisions made: 9915 in Step1, 205 in Step2, 487 in Step3
  Total number of accepted assignments: 5209
  Accepted assignments: 5209, max energy change in optimization: 0.000556 cm^-1
  Building output...
============================================================
Done.
============================================================

DELTA +9.7 cm^-1 (0.1 min): real accepted=4824 (-56 vs baseline), accepted decoy lines=385, decoys with >=1 line: 141 of 209
  real levels with changed support: 168 of 593

============================================================
classify_lines.py — Spectral Line Classification for Pr III
DECOY RUN: shadow copies of the new levels displaced by +-11.3 cm^-1
============================================================
Step 1: Reading energy levels...
  Read 593 energy levels.
Step 2: Reading calculated transitions...
  Read 30206 calculated transitions.
  Added 209 decoy levels (displaced by +-11.3 cm^-1) and 42958 decoy Icalc entries.
Step 3: Reading observed spectral lines...
  Read 6667 observed lines.
Step 4: Generating all possible transitions...
  Generated 51556 possible transitions.
  2042 of them are absent from Icalc.xlsx and were given an imputed intensity.
Step 5 cycle 1:
Step 5.1: Matching observed lines to transitions & grading...
  Matching complete.
Step 5.2: Resolving conflicts...
  Max number of conflicting assignments: 3
  Total number of conflicting assignments: 250
Step 5.3: Weeding assignments (iterative)...
  Baseline: Step1=8385, Step2=171, Step3=199, Accepted=4915
  Iteration 1: Step1=8385, Step2=171, Step3=199, Accepted=4915
  Iteration 1: 0 changes (+0 accepted, -0 rejected)
  Converged after 1 iteration(s).
Weeding complete. Decisions made: 8385 in Step1, 171 in Step2, 199 in Step3
  Total number of accepted assignments: 4915
  Accepted assignments: 4915, max energy change in optimization: 1.968130 cm^-1
Step 5 cycle 2:
Step 5.1: Matching observed lines to transitions & grading...
  Matching complete.
Step 5.2: Resolving conflicts...
  Max number of conflicting assignments: 6
  Total number of conflicting assignments: 714
Step 5.3: Weeding assignments (iterative)...
  Baseline: Step1=10943, Step2=241, Step3=248, Accepted=5274
  Iteration 1: Step1=10967, Step2=233, Step3=232, Accepted=5267
  Iteration 1: 7 changes (+0 accepted, -7 rejected)
  Iteration 2: Step1=10967, Step2=233, Step3=232, Accepted=5267
  Iteration 2: 0 changes (+0 accepted, -0 rejected)
  Converged after 2 iteration(s).
Weeding complete. Decisions made: 10967 in Step1, 233 in Step2, 232 in Step3
  Total number of accepted assignments: 5267
  Accepted assignments: 5267, max energy change in optimization: 2.065376 cm^-1
Step 5 cycle 3:
Step 5.1: Matching observed lines to transitions & grading...
  Matching complete.
Step 5.2: Resolving conflicts...
  Max number of conflicting assignments: 4
  Total number of conflicting assignments: 548
Step 5.3: Weeding assignments (iterative)...
  Baseline: Step1=10469, Step2=219, Step3=219, Accepted=5238
  Iteration 1: Step1=10468, Step2=212, Step3=227, Accepted=5239
  Iteration 1: 1 changes (+1 accepted, -0 rejected)
  Iteration 2: Step1=10468, Step2=212, Step3=227, Accepted=5239
  Iteration 2: 0 changes (+0 accepted, -0 rejected)
  Converged after 2 iteration(s).
Weeding complete. Decisions made: 10468 in Step1, 212 in Step2, 227 in Step3
  Total number of accepted assignments: 5239
  Blacklisted 964 transition(s) oscillating between cycles.
  Accepted assignments: 5239, max energy change in optimization: 1.133428 cm^-1
Step 5 cycle 4:
Step 5.1: Matching observed lines to transitions & grading...
  Matching complete.
Step 5.2: Resolving conflicts...
  Max number of conflicting assignments: 5
  Total number of conflicting assignments: 493
Step 5.3: Weeding assignments (iterative)...
  Baseline: Step1=10092, Step2=209, Step3=316, Accepted=5223
  Iteration 1: Step1=10101, Step2=203, Step3=313, Accepted=5222
  Iteration 1: 1 changes (+0 accepted, -1 rejected)
  Iteration 2: Step1=10101, Step2=203, Step3=313, Accepted=5222
  Iteration 2: 0 changes (+0 accepted, -0 rejected)
  Converged after 2 iteration(s).
  Blacklisted 964 oscillating transition(s) (cumulative).
Weeding complete. Decisions made: 10101 in Step1, 203 in Step2, 313 in Step3
  Total number of accepted assignments: 5222
  Blacklisted 248 transition(s) oscillating between cycles.
  Accepted assignments: 5222, max energy change in optimization: 0.659419 cm^-1
Step 5 cycle 5:
Step 5.1: Matching observed lines to transitions & grading...
  Matching complete.
Step 5.2: Resolving conflicts...
  Max number of conflicting assignments: 4
  Total number of conflicting assignments: 497
Step 5.3: Weeding assignments (iterative)...
  Baseline: Step1=9982, Step2=191, Step3=389, Accepted=5203
  Iteration 1: Step1=9992, Step2=187, Step3=383, Accepted=5205
  Iteration 1: 2 changes (+2 accepted, -0 rejected)
  Iteration 2: Step1=9992, Step2=187, Step3=383, Accepted=5205
  Iteration 2: 0 changes (+0 accepted, -0 rejected)
  Converged after 2 iteration(s).
  Blacklisted 1212 oscillating transition(s) (cumulative).
Weeding complete. Decisions made: 9992 in Step1, 187 in Step2, 383 in Step3
  Total number of accepted assignments: 5205
  Blacklisted 82 transition(s) oscillating between cycles.
  Accepted assignments: 5205, max energy change in optimization: 1.582499 cm^-1
Step 5 cycle 6:
Step 5.1: Matching observed lines to transitions & grading...
  Matching complete.
Step 5.2: Resolving conflicts...
  Max number of conflicting assignments: 5
  Total number of conflicting assignments: 499
Step 5.3: Weeding assignments (iterative)...
  Baseline: Step1=9949, Step2=187, Step3=435, Accepted=5200
  Iteration 1: Step1=9958, Step2=180, Step3=433, Accepted=5199
  Iteration 1: 1 changes (+0 accepted, -1 rejected)
  Iteration 2: Step1=9958, Step2=180, Step3=433, Accepted=5199
  Iteration 2: 0 changes (+0 accepted, -0 rejected)
  Converged after 2 iteration(s).
  Blacklisted 1294 oscillating transition(s) (cumulative).
Weeding complete. Decisions made: 9958 in Step1, 180 in Step2, 433 in Step3
  Total number of accepted assignments: 5199
  Blacklisted 30 transition(s) oscillating between cycles.
  Accepted assignments: 5199, max energy change in optimization: 0.365372 cm^-1
Step 5 cycle 7:
Step 5.1: Matching observed lines to transitions & grading...
  Matching complete.
Step 5.2: Resolving conflicts...
  Max number of conflicting assignments: 5
  Total number of conflicting assignments: 478
Step 5.3: Weeding assignments (iterative)...
  Baseline: Step1=9866, Step2=188, Step3=442, Accepted=5193
  Iteration 1: Step1=9875, Step2=182, Step3=439, Accepted=5193
  Iteration 1: 0 changes (+0 accepted, -0 rejected)
  Converged after 1 iteration(s).
  Blacklisted 1324 oscillating transition(s) (cumulative).
Weeding complete. Decisions made: 9875 in Step1, 182 in Step2, 439 in Step3
  Total number of accepted assignments: 5193
  Blacklisted 22 transition(s) oscillating between cycles.
  Accepted assignments: 5193, max energy change in optimization: 0.042309 cm^-1
Step 5 cycle 8:
Step 5.1: Matching observed lines to transitions & grading...
  Matching complete.
Step 5.2: Resolving conflicts...
  Max number of conflicting assignments: 5
  Total number of conflicting assignments: 477
Step 5.3: Weeding assignments (iterative)...
  Baseline: Step1=9855, Step2=188, Step3=451, Accepted=5191
  Iteration 1: Step1=9865, Step2=182, Step3=447, Accepted=5191
  Iteration 1: 0 changes (+0 accepted, -0 rejected)
  Converged after 1 iteration(s).
  Blacklisted 1346 oscillating transition(s) (cumulative).
Weeding complete. Decisions made: 9865 in Step1, 182 in Step2, 447 in Step3
  Total number of accepted assignments: 5191
  Blacklisted 3 transition(s) oscillating between cycles.
  Accepted assignments: 5191, max energy change in optimization: 0.121397 cm^-1
Step 5 cycle 9:
Step 5.1: Matching observed lines to transitions & grading...
  Matching complete.
Step 5.2: Resolving conflicts...
  Max number of conflicting assignments: 5
  Total number of conflicting assignments: 477
Step 5.3: Weeding assignments (iterative)...
  Baseline: Step1=9849, Step2=185, Step3=453, Accepted=5192
  Iteration 1: Step1=9859, Step2=179, Step3=449, Accepted=5192
  Iteration 1: 0 changes (+0 accepted, -0 rejected)
  Converged after 1 iteration(s).
  Blacklisted 1349 oscillating transition(s) (cumulative).
Weeding complete. Decisions made: 9859 in Step1, 179 in Step2, 449 in Step3
  Total number of accepted assignments: 5192
  Blacklisted 1 transition(s) oscillating between cycles.
  Accepted assignments: 5192, max energy change in optimization: 0.014689 cm^-1
Step 5 cycle 10:
Step 5.1: Matching observed lines to transitions & grading...
  Matching complete.
Step 5.2: Resolving conflicts...
  Max number of conflicting assignments: 5
  Total number of conflicting assignments: 476
Step 5.3: Weeding assignments (iterative)...
  Baseline: Step1=9849, Step2=185, Step3=457, Accepted=5191
  Iteration 1: Step1=9859, Step2=180, Step3=452, Accepted=5192
  Iteration 1: 1 changes (+1 accepted, -0 rejected)
  Iteration 2: Step1=9859, Step2=180, Step3=452, Accepted=5192
  Iteration 2: 0 changes (+0 accepted, -0 rejected)
  Converged after 2 iteration(s).
  Blacklisted 1350 oscillating transition(s) (cumulative).
Weeding complete. Decisions made: 9859 in Step1, 180 in Step2, 452 in Step3
  Total number of accepted assignments: 5192
  Accepted assignments: 5192, max energy change in optimization: 0.042146 cm^-1
Step 5 cycle 11:
Step 5.1: Matching observed lines to transitions & grading...
  Matching complete.
Step 5.2: Resolving conflicts...
  Max number of conflicting assignments: 5
  Total number of conflicting assignments: 476
Step 5.3: Weeding assignments (iterative)...
  Baseline: Step1=9850, Step2=186, Step3=453, Accepted=5194
  Iteration 1: Step1=9860, Step2=180, Step3=449, Accepted=5194
  Iteration 1: 0 changes (+0 accepted, -0 rejected)
  Converged after 1 iteration(s).
  Blacklisted 1350 oscillating transition(s) (cumulative).
Weeding complete. Decisions made: 9860 in Step1, 180 in Step2, 449 in Step3
  Total number of accepted assignments: 5194
  Blacklisted 1 transition(s) oscillating between cycles.
  Accepted assignments: 5194, max energy change in optimization: 0.006542 cm^-1
Step 5 cycle 12:
Step 5.1: Matching observed lines to transitions & grading...
  Matching complete.
Step 5.2: Resolving conflicts...
  Max number of conflicting assignments: 5
  Total number of conflicting assignments: 477
Step 5.3: Weeding assignments (iterative)...
  Baseline: Step1=9851, Step2=185, Step3=454, Accepted=5194
  Iteration 1: Step1=9861, Step2=179, Step3=450, Accepted=5194
  Iteration 1: 0 changes (+0 accepted, -0 rejected)
  Converged after 1 iteration(s).
  Blacklisted 1351 oscillating transition(s) (cumulative).
Weeding complete. Decisions made: 9861 in Step1, 179 in Step2, 450 in Step3
  Total number of accepted assignments: 5194
  Accepted assignments: 5194, max energy change in optimization: 0.000650 cm^-1
  Building output...
============================================================
Done.
============================================================

DELTA +11.3 cm^-1 (0.1 min): real accepted=4823 (-57 vs baseline), accepted decoy lines=371, decoys with >=1 line: 143 of 209
  real levels with changed support: 168 of 593

============================================================
IN-SITU DECOY SUMMARY
============================================================
8 runs x 209 decoys = 1672 decoy trials

Accepted decoy lines per run: mean = 377.5, range = 354..416
Mean decoys per run with at least n accepted lines (= expected false new-level confirmations at support >= n, any dE):
  n >= 1: 145.00 of 209
  n >= 2: 111.75 of 209
  n >= 3:  72.50 of 209
  n >= 4:  41.75 of 209
  n >= 5:  23.12 of 209
  n >= 6:  13.62 of 209
  n >= 7:   6.88 of 209
  n >= 8:   3.12 of 209

Perturbation of the real result by the decoy competition: mean accepted real assignments 4835.6 (baseline 4880); real levels with changed support: 158.9 of 593 per run

Written: F:\UMD\AI\as-ai\LineClass\decoy_mc_levels.csv (+ .xlsx twin)
Written: F:\UMD\AI\as-ai\LineClass\decoy_mc_real_levels.csv (+ .xlsx twin)
Written: F:\UMD\AI\as-ai\LineClass\decoy_mc_lines.csv (+ .xlsx twin)
Written: F:\UMD\AI\as-ai\LineClass\decoy_mc_summary.csv (+ .xlsx twin)

Run level_shifts.py for the criterion tables and the per-level spurious probabilities.
