Levels read: 593 total; tested (new*, n_new > n_old): 209; old (reference): 384
Predicted transitions loaded: 29162; observable: 8039 (excluded: 113 in coverage gaps, 21010 below Sugar's noise level)
cross-tab vs ASD status (is_new_level = 1 means absent from ASD):
  absent_from_ASD=0, new_star=0: 384
  absent_from_ASD=0, new_star=1: 17
  absent_from_ASD=1, new_star=1: 192

============================================================
OLD-LEVEL CALIBRATION (384 old levels with >= 1 accepted line)
============================================================
|dE| percentiles (pNN = value below which NN% of the levels fall):
  p50 = 0.0153,  p90 = 0.0776,  p95 = 0.1289,  p99 = 0.2351,  max = 1.0801  cm^-1
d = dE*n: aggregate rms = 0.859 cm^-1 (dominated by the many-line levels);
per given n the genuine shifts are much tighter:
   support bin  count  median |dE|  median |d|
           1-2      4       0.0307       0.052
           3-4      3       0.0115       0.046
           5-7     34       0.0204       0.122
          8-11     61       0.0172       0.180
         12-17     90       0.0198       0.303
         18-25     68       0.0135       0.322
           26+    124       0.0109       0.393

============================================================
TESTED (NEW*) LEVELS (209) IN THE REAL RUN
============================================================
support distribution (n = accepted lines):  1: 6  2: 20  3: 36  4: 23  5: 30  6: 20  7: 15  8+: 59
|dE|: p50 = 0.0586,  p90 = 0.1821,  p95 = 0.3057,  max = 0.7960  cm^-1
  within old-level p90 (0.0776 cm^-1): 134 of 209
  within old-level p95 (0.1289 cm^-1): 163 of 209
  within old-level p99 (0.2351 cm^-1): 194 of 209
  within old-level max (1.0801 cm^-1): 209 of 209

Largest |d| = |dE*n| among tested levels (top 12):
          level_id    J par     E_input        dE    n       d
     059003.000483  5/2   o   117592.20   +0.7960   12   +9.55
     059003.000487  7/2   o   118860.77   +0.4888   14   +6.84
     059003.000488  9/2   o   118885.40   -0.3906   17   -6.64
     059003.000493  7/2   o   121411.77   +0.5745   11   +6.32
     059003.000468  9/2   o   113894.44   +0.2773   20   +5.55
     059003.000516  7/2   o   134163.33   -0.5430    6   -3.26
     059003.000462  5/2   o   111902.78   +0.2927   10   +2.93
     059003.000489  5/2   o   118987.00   +0.2065   13   +2.68
     059003.000506  9/2   o   133306.90   +0.5612    4   +2.24
     059003.000527 13/2   o   136485.60   -0.3581    6   -2.15
     059003.000461  1/2   o   111779.59   -0.3689    5   -1.84
     059003.000513 11/2   o   134007.65   +0.4358    4   +1.74

============================================================
IN-SITU DECOY CALIBRATION (8 runs x 209 decoys) - primary
============================================================

|dE| by support n: real tested levels vs decoys (runs pooled):
    n    real: N   median      p90   |      decoys: N   median      p90
    1          6   0.0762   0.1346   |            266   0.2658   0.9815
    2         20   0.0536   0.1331   |            314   0.3298   1.4804
    3         36   0.0677   0.1518   |            246   0.4492   1.4990
    4         23   0.0568   0.3128   |            149   0.4417   1.4463
    5         30   0.0498   0.2447   |             76   0.5586   1.3498
    6         20   0.0669   0.2104   |             54   0.5544   1.7590
    7         15   0.0687   0.1652   |             30   0.5101   1.6163
   8+         59   0.0489   0.2207   |             25   0.5612   1.1462

Criterion (n >= N and |dE| <= T): tested levels passing / expected false passes per run (in-situ decoys, worst case):
  N \ T              p90             p95             p99             max
  >= 1      134 / 20.88     163 / 32.38     194 / 52.62     209 /121.50
  >= 2      130 / 13.12     158 / 21.62     188 / 37.50     203 / 91.00
  >= 3      117 /  7.62     141 / 12.12     168 / 21.50     183 / 57.75
  >= 4       96 /  3.75     112 /  5.50     132 / 11.25     147 / 33.00
  >= 5       83 /  2.50      94 /  3.62     112 /  6.25     124 / 18.38
  >= 6       63 /  1.25      70 /  1.62      86 /  3.62      94 / 10.75
  >= 7       51 /  0.88      57 /  1.12      68 /  1.88      74 /  5.88
  >= 8       42 /  0.38      46 /  0.50      53 /  0.88      59 /  2.62
Best cut at <= 5% expected contamination: n >= 4 and |dE| <= p95 = 0.1289 cm^-1 -> 112 of 209 levels validated, expected false: 5.50

============================================================
INTENSITY-PATTERN CHECK
============================================================
top10 = share of the 10 strongest predicted transitions of the level found among
the accepted lines; C = intensity-weighted completeness; V = C relative to the
best C achievable with the level's matched lines. Tested levels are split by the
energy-shift evidence alone to show that the pattern is an independent check.

  group                                      N   top10   med C  V: p25    p50    p75
  old levels (genuine)                     384    0.79    0.90    0.86   0.94   0.98
  tested, p_spur_decoys < 0.1              209    0.53    0.78    0.75   0.93   1.00
C:\Users\krami\AppData\Roaming\Python\Python314\site-packages\numpy\_core\fromnumeric.py:3824: RuntimeWarning: Mean of empty slice
  return _methods._mean(a, axis=axis, dtype=dtype,
C:\Users\krami\AppData\Roaming\Python\Python314\site-packages\numpy\_core\_methods.py:142: RuntimeWarning: invalid value encountered in scalar divide
  ret = ret.dtype.type(ret / rcount)
  tested, p_spur_decoys >= 0.1               0     nan     nan     nan    nan    nan
  decoys with >= 1 line (fake)            1160    0.19    0.13    0.06   0.24   0.54

Decoy trials with >= 3 of the top-10 predictions accepted: 188 of 1160 (16.2%) - an upper bound on the chance
that a displaced level accidentally sits on a real, previously unknown level.

pattern_V range probabilities used as evidence (genuine / spurious):
  0-0.1: 0.00/0.32  0.1-0.3: 0.00/0.24  0.3-0.6: 0.04/0.21  0.6-0.9: 0.31/0.12  0.9-1: 0.65/0.10

============================================================
PER-LEVEL SPURIOUS PROBABILITIES
============================================================
log-normal |d| models (ln|d| = a + b*ln n, scatter s):
  spurious (decoys):    a = -1.571, b = +1.420, s = 1.354   (1159 supported decoys)
  genuine (old levels): a = -2.468, b = +0.382, s = 1.327   (383 old levels)

Most probable number of spurious levels among the 209 tested (with 95% confidence ranges):
  energy shifts alone:        S =   0.0  [0.0 .. 9.2]
    robustness check (genuine |dE| independent of n): S = 46.0  [26.2 .. 63.0]
  intensity pattern alone:    S =   3.0  [0.0 .. 10.5]
  both folded (final p_spur): S =   1.8  [0.0 .. 8.5]
    robustness check, folded: S = 6.5  [0.8 .. 15.5]
consistency: sum of folded p_spur = 1.8
levels by folded p_spur: <5%: 202,  5-50%: 7,  50-90%: 0,  >90%: 0

Tested levels with folded p_spur >= 0.1 (5):
          level_id    J par     E_input        dE   n  top10     V   p_dE  p_pat  p_spur
     059003.000446  7/2   o    84150.65   +0.1940   6   4/10  0.29  0.000  0.307   0.379
     059003.000457 11/2   o    99938.50   +0.1836   6   5/10  0.17  0.000  0.307   0.359
     059003.000455 13/2   o    89969.42   -0.0397   3   2/10  0.10  0.000  0.598   0.199
     059003.000600  7/2   e   136596.37   -0.0476   1    1/7  0.33  0.000  0.425   0.196
     059003.000483  5/2   o   117592.20   +0.7960  12   5/10  0.55  0.000  0.006   0.167

Masking check of the questionable levels (a missing predicted transition counts as hidden if,
within one effective line width — instrumental FWHM 0.035 angstrom convolved with the Doppler
width — an observed line reaches 0.5 x its predicted intensity, or if the Gaussian wing of a
stronger line still exceeds the predicted intensity at its position; the mark is cleared when
>= 90% of the missing predicted intensity is hidden and the energy shift alone is not suspect):
  question_status = removed (questionable mark cleared): 1
    059003.000457  (96% of the missing predicted intensity is masked)
  question_status = retained: 4
      4  no reason to clear

============================================================
SHIFTED-WAVENUMBER CHANCE CALIBRATION (8 runs) - upper bound
============================================================
Counts restricted to the tested levels; the whole line list is available for false matching
here (nothing is consumed by true identifications), so these false-pass counts are upper bounds.

|dE| by support n: real tested levels vs chance (runs pooled):
    n    real: N   median      p90   |      chance: N   median      p90
    1          6   0.0762   0.1346   |            216   1.0748   3.5708
    2         20   0.0536   0.1331   |            409   1.4595   4.0672
    3         36   0.0677   0.1518   |            440   1.2854   4.1705
    4         23   0.0568   0.3128   |            268   1.3682   4.3964
    5         30   0.0498   0.2447   |            110   1.4481   4.2547
    6         20   0.0669   0.2104   |             48   1.3683   4.0370
    7         15   0.0687   0.1652   |             30   1.7789   3.2692
   8+         59   0.0489   0.2207   |             16   1.3787   3.0357

Criterion (n >= N and |dE| <= T): tested levels passing / expected false passes per run (shifted-wavenumber chance, worst case):
  N \ T              p90             p95             p99             max
  >= 1      134 /  5.38     163 /  9.62     194 / 18.12     209 / 80.00
  >= 2      130 /  4.25     158 /  7.38     188 / 14.12     203 / 66.38
  >= 3      117 /  2.88     141 /  4.62     168 /  9.88     183 / 46.38
  >= 4       96 /  1.25     112 /  2.25     132 /  5.12     147 / 23.00
  >= 5       83 /  0.62      94 /  1.12     112 /  2.12     124 /  9.25
  >= 6       63 /  0.12      70 /  0.50      86 /  0.88      94 /  4.50
  >= 7       51 /  0.00      57 /  0.12      68 /  0.25      74 /  2.12
  >= 8       42 /  0.00      46 /  0.00      53 /  0.12      59 /  0.88
Best cut at <= 5% expected contamination: n >= 2 and |dE| <= p95 = 0.1289 cm^-1 -> 158 of 209 levels validated, expected false: 7.38

Written: F:\UMD\AI\as-ai\LineClass\level_shift_report.csv (+ .xlsx twin)
